Component: ARM Compiler 5.06 update 6 (build 750) Tool: armlink [4d35ed]

==============================================================================

Section Cross References

    startup_stm32f103xe.o(RESET) refers to startup_stm32f103xe.o(STACK) for __initial_sp
    startup_stm32f103xe.o(RESET) refers to startup_stm32f103xe.o(.text) for Reset_Handler
    startup_stm32f103xe.o(RESET) refers to stm32f1xx_it.o(i.NMI_Handler) for NMI_Handler
    startup_stm32f103xe.o(RESET) refers to stm32f1xx_it.o(i.HardFault_Handler) for HardFault_Handler
    startup_stm32f103xe.o(RESET) refers to stm32f1xx_it.o(i.MemManage_Handler) for MemManage_Handler
    startup_stm32f103xe.o(RESET) refers to stm32f1xx_it.o(i.BusFault_Handler) for BusFault_Handler
    startup_stm32f103xe.o(RESET) refers to stm32f1xx_it.o(i.UsageFault_Handler) for UsageFault_Handler
    startup_stm32f103xe.o(RESET) refers to stm32f1xx_it.o(i.SVC_Handler) for SVC_Handler
    startup_stm32f103xe.o(RESET) refers to stm32f1xx_it.o(i.DebugMon_Handler) for DebugMon_Handler
    startup_stm32f103xe.o(RESET) refers to stm32f1xx_it.o(i.PendSV_Handler) for PendSV_Handler
    startup_stm32f103xe.o(RESET) refers to stm32f1xx_it.o(i.SysTick_Handler) for SysTick_Handler
    startup_stm32f103xe.o(RESET) refers to stm32f1xx_it.o(i.EXTI1_IRQHandler) for EXTI1_IRQHandler
    startup_stm32f103xe.o(RESET) refers to stm32f1xx_it.o(i.DMA1_Channel4_IRQHandler) for DMA1_Channel4_IRQHandler
    startup_stm32f103xe.o(RESET) refers to stm32f1xx_it.o(i.USART1_IRQHandler) for USART1_IRQHandler
    startup_stm32f103xe.o(RESET) refers to stm32f1xx_it.o(i.EXTI15_10_IRQHandler) for EXTI15_10_IRQHandler
    startup_stm32f103xe.o(.text) refers to system_stm32f1xx.o(i.SystemInit) for SystemInit
    startup_stm32f103xe.o(.text) refers to entry.o(.ARM.Collect$$$$00000000) for __main
    ws2812b.o(i.WS2812_Breathing_light) refers to ws2812b.o(i.rgb2hsv) for rgb2hsv
    ws2812b.o(i.WS2812_Breathing_light) refers to dfltui.o(.text) for __aeabi_ui2d
    ws2812b.o(i.WS2812_Breathing_light) refers to dscalb.o(.text) for __ARM_scalbn
    ws2812b.o(i.WS2812_Breathing_light) refers to d2f.o(.text) for __aeabi_d2f
    ws2812b.o(i.WS2812_Breathing_light) refers to ws2812b.o(i.hsv2rgb) for hsv2rgb
    ws2812b.o(i.WS2812_Breathing_light) refers to ws2812b.o(i.WS2812_send) for WS2812_send
    ws2812b.o(i.WS2812_Breathing_light) refers to stm32f1xx_hal.o(i.HAL_Delay) for HAL_Delay
    ws2812b.o(i.WS2812_Breathing_light) refers to ws2812b.o(.constdata) for .constdata
    ws2812b.o(i.WS2812_Breathing_light) refers to ws2812b.o(.data) for .data
    ws2812b.o(i.WS2812_Colorful_Jump_light) refers to memseta.o(.text) for __aeabi_memclr
    ws2812b.o(i.WS2812_Colorful_Jump_light) refers to ws2812b.o(i.WS281x_Show) for WS281x_Show
    ws2812b.o(i.WS2812_Colorful_Jump_light) refers to stm32f1xx_hal.o(i.HAL_Delay) for HAL_Delay
    ws2812b.o(i.WS2812_Colorful_Jump_light) refers to ws2812b.o(.bss) for .bss
    ws2812b.o(i.WS2812_Colorful_Jump_light) refers to ws2812b.o(.data) for .data
    ws2812b.o(i.WS2812_Colourful_Waterfall_light) refers to memseta.o(.text) for __aeabi_memclr
    ws2812b.o(i.WS2812_Colourful_Waterfall_light) refers to ws2812b.o(i.WS281x_Show) for WS281x_Show
    ws2812b.o(i.WS2812_Colourful_Waterfall_light) refers to stm32f1xx_hal.o(i.HAL_Delay) for HAL_Delay
    ws2812b.o(i.WS2812_Colourful_Waterfall_light) refers to ws2812b.o(.bss) for .bss
    ws2812b.o(i.WS2812_Colourful_Waterfall_light) refers to ws2812b.o(.data) for .data
    ws2812b.o(i.WS2812_Double_Color_Multistage_Waterfall_light) refers to memseta.o(.text) for __aeabi_memclr
    ws2812b.o(i.WS2812_Double_Color_Multistage_Waterfall_light) refers to ws2812b.o(i.WS281x_Show) for WS281x_Show
    ws2812b.o(i.WS2812_Double_Color_Multistage_Waterfall_light) refers to stm32f1xx_hal.o(i.HAL_Delay) for HAL_Delay
    ws2812b.o(i.WS2812_Double_Color_Multistage_Waterfall_light) refers to ws2812b.o(.bss) for .bss
    ws2812b.o(i.WS2812_Double_Color_Multistage_Waterfall_light) refers to ws2812b.o(.data) for .data
    ws2812b.o(i.WS2812_Init) refers to malloc.o(i.malloc) for malloc
    ws2812b.o(i.WS2812_Init) refers to ws2812b.o(.data) for .data
    ws2812b.o(i.WS2812_Multistage_Waterfall_light) refers to memseta.o(.text) for __aeabi_memclr
    ws2812b.o(i.WS2812_Multistage_Waterfall_light) refers to stm32f1xx_hal_spi.o(i.HAL_SPI_Transmit) for HAL_SPI_Transmit
    ws2812b.o(i.WS2812_Multistage_Waterfall_light) refers to stm32f1xx_hal.o(i.HAL_Delay) for HAL_Delay
    ws2812b.o(i.WS2812_Multistage_Waterfall_light) refers to ws2812b.o(.data) for .data
    ws2812b.o(i.WS2812_Multistage_Waterfall_light) refers to spi.o(.bss) for hspi3
    ws2812b.o(i.WS2812_RGB_GradualChange_Waterfall) refers to ws2812b.o(i.WS281x_Show) for WS281x_Show
    ws2812b.o(i.WS2812_RGB_GradualChange_Waterfall) refers to stm32f1xx_hal.o(i.HAL_Delay) for HAL_Delay
    ws2812b.o(i.WS2812_RGB_GradualChange_Waterfall) refers to ws2812b.o(.data) for .data
[...]
    Removing stm32f1xx_hal_tim.o(i.HAL_TIM_Base_GetState), (6 bytes).
    Removing stm32f1xx_hal_tim.o(i.HAL_TIM_Base_Init), (54 bytes).
    Removing stm32f1xx_hal_tim.o(i.HAL_TIM_Base_MspDeInit), (2 bytes).
    Removing stm32f1xx_hal_tim.o(i.HAL_TIM_Base_MspInit), (2 bytes).
    Removing stm32f1xx_hal_tim.o(i.HAL_TIM_Base_Start), (36 bytes).
    Removing stm32f1xx_hal_tim.o(i.HAL_TIM_Base_Start_DMA), (116 bytes).
    Removing stm32f1xx_hal_tim.o(i.HAL_TIM_Base_Start_IT), (34 bytes).
    Removing stm32f1xx_hal_tim.o(i.HAL_TIM_Base_Stop), (44 bytes).
    Removing stm32f1xx_hal_tim.o(i.HAL_TIM_Base_Stop_DMA), (58 bytes).
    Removing stm32f1xx_hal_tim.o(i.HAL_TIM_Base_Stop_IT), (42 bytes).
    Removing stm32f1xx_hal_tim.o(i.HAL_TIM_ConfigClockSource), (214 bytes).
    Removing stm32f1xx_hal_tim.o(i.HAL_TIM_ConfigOCrefClear), (210 bytes).
    Removing stm32f1xx_hal_tim.o(i.HAL_TIM_ConfigTI1Input), (16 bytes).
    Removing stm32f1xx_hal_tim.o(i.HAL_TIM_DMABurst_ReadStart), (336 bytes).
    Removing stm32f1xx_hal_tim.o(i.HAL_TIM_DMABurst_ReadStop), (100 bytes).
    Removing stm32f1xx_hal_tim.o(i.HAL_TIM_DMABurst_WriteStart), (336 bytes).
    Removing stm32f1xx_hal_tim.o(i.HAL_TIM_DMABurst_WriteStop), (100 bytes).
    Removing stm32f1xx_hal_tim.o(i.HAL_TIM_Encoder_DeInit), (56 bytes).
    Removing stm32f1xx_hal_tim.o(i.HAL_TIM_Encoder_GetState), (6 bytes).
    Removing stm32f1xx_hal_tim.o(i.HAL_TIM_Encoder_Init), (152 bytes).
    Removing stm32f1xx_hal_tim.o(i.HAL_TIM_Encoder_MspDeInit), (2 bytes).
    Removing stm32f1xx_hal_tim.o(i.HAL_TIM_Encoder_MspInit), (2 bytes).
    Removing stm32f1xx_hal_tim.o(i.HAL_TIM_Encoder_Start), (52 bytes).
    Removing stm32f1xx_hal_tim.o(i.HAL_TIM_Encoder_Start_DMA), (312 bytes).
    Removing stm32f1xx_hal_tim.o(i.HAL_TIM_Encoder_Start_IT), (92 bytes).
    Removing stm32f1xx_hal_tim.o(i.HAL_TIM_Encoder_Stop), (70 bytes).
    Removing stm32f1xx_hal_tim.o(i.HAL_TIM_Encoder_Stop_DMA), (144 bytes).
    Removing stm32f1xx_hal_tim.o(i.HAL_TIM_Encoder_Stop_IT), (116 bytes).
    Removing stm32f1xx_hal_tim.o(i.HAL_TIM_ErrorCallback), (2 bytes).
    Removing stm32f1xx_hal_tim.o(i.HAL_TIM_GenerateEvent), (38 bytes).
    Removing stm32f1xx_hal_tim.o(i.HAL_TIM_IC_CaptureCallback), (2 bytes).
    Removing stm32f1xx_hal_tim.o(i.HAL_TIM_IC_CaptureHalfCpltCallback), (2 bytes).
    Removing stm32f1xx_hal_tim.o(i.HAL_TIM_IC_ConfigChannel), (282 bytes).
    Removing stm32f1xx_hal_tim.o(i.HAL_TIM_IC_DeInit), (56 bytes).
    Removing stm32f1xx_hal_tim.o(i.HAL_TIM_IC_GetState), (6 bytes).
    Removing stm32f1xx_hal_tim.o(i.HAL_TIM_IC_Init), (54 bytes).
    Removing stm32f1xx_hal_tim.o(i.HAL_TIM_IC_MspDeInit), (2 bytes).
    Removing stm32f1xx_hal_tim.o(i.HAL_TIM_IC_MspInit), (2 bytes).
    Removing stm32f1xx_hal_tim.o(i.HAL_TIM_IC_Start), (36 bytes).
    Removing stm32f1xx_hal_tim.o(i.HAL_TIM_IC_Start_DMA), (248 bytes).
    Removing stm32f1xx_hal_tim.o(i.HAL_TIM_IC_Start_IT), (86 bytes).
    Removing stm32f1xx_hal_tim.o(i.HAL_TIM_IC_Stop), (44 bytes).
    Removing stm32f1xx_hal_tim.o(i.HAL_TIM_IC_Stop_DMA), (122 bytes).
    Removing stm32f1xx_hal_tim.o(i.HAL_TIM_IC_Stop_IT), (94 bytes).
    Removing stm32f1xx_hal_tim.o(i.HAL_TIM_IRQHandler), (358 bytes).
    Removing stm32f1xx_hal_tim.o(i.HAL_TIM_OC_ConfigChannel), (86 bytes).
    Removing stm32f1xx_hal_tim.o(i.HAL_TIM_OC_DeInit), (56 bytes).
    Removing stm32f1xx_hal_tim.o(i.HAL_TIM_OC_DelayElapsedCallback), (2 bytes).
    Removing stm32f1xx_hal_tim.o(i.HAL_TIM_OC_GetState), (6 bytes).
    Removing stm32f1xx_hal_tim.o(i.HAL_TIM_OC_Init), (54 bytes).
    Removing stm32f1xx_hal_tim.o(i.HAL_TIM_OC_MspDeInit), (2 bytes).
    Removing stm32f1xx_hal_tim.o(i.HAL_TIM_OC_MspInit), (2 bytes).
    Removing stm32f1xx_hal_tim.o(i.HAL_TIM_OC_Start), (68 bytes).
    Removing stm32f1xx_hal_tim.o(i.HAL_TIM_OC_Start_DMA), (288 bytes).
    Removing stm32f1xx_hal_tim.o(i.HAL_TIM_OC_Start_IT), (116 bytes).
    Removing stm32f1xx_hal_tim.o(i.HAL_TIM_OC_Stop), (88 bytes).
    Removing stm32f1xx_hal_tim.o(i.HAL_TIM_OC_Stop_DMA), (164 bytes).
    Removing stm32f1xx_hal_tim.o(i.HAL_TIM_OC_Stop_IT), (136 bytes).
    Removing stm32f1xx_hal_tim.o(i.HAL_TIM_OnePulse_ConfigChannel), (218 bytes).
    Removing stm32f1xx_hal_tim.o(i.HAL_TIM_OnePulse_DeInit), (56 bytes).
    Removing stm32f1xx_hal_tim.o(i.HAL_TIM_OnePulse_GetState), (6 bytes).
    Removing stm32f1xx_hal_tim.o(i.HAL_TIM_OnePulse_Init), (74 bytes).
    Removing stm32f1xx_hal_tim.o(i.HAL_TIM_OnePulse_MspDeInit), (2 bytes).
    Removing stm32f1xx_hal_tim.o(i.HAL_TIM_OnePulse_MspInit), (2 bytes).
    Removing stm32f1xx_hal_tim.o(i.HAL_TIM_OnePulse_Start), (60 bytes).
    Removing stm32f1xx_hal_tim.o(i.HAL_TIM_OnePulse_Start_IT), (80 bytes).
    Removing stm32f1xx_hal_tim.o(i.HAL_TIM_OnePulse_Stop), (100 bytes).
    Removing stm32f1xx_hal_tim.o(i.HAL_TIM_OnePulse_Stop_IT), (120 bytes).
    Removing stm32f1xx_hal_tim.o(i.HAL_TIM_PWM_DeInit), (56 bytes).
    Removing stm32f1xx_hal_tim.o(i.HAL_TIM_PWM_GetState), (6 bytes).
    Removing stm32f1xx_hal_tim.o(i.HAL_TIM_PWM_MspDeInit), (2 bytes).
    Removing stm32f1xx_hal_tim.o(i.HAL_TIM_PWM_MspInit), (2 bytes).
    Removing stm32f1xx_hal_tim.o(i.HAL_TIM_PWM_PulseFinishedCallback), (2 bytes).
    Removing stm32f1xx_hal_tim.o(i.HAL_TIM_PWM_PulseFinishedHalfCpltCallback), (2 bytes).
    Removing stm32f1xx_hal_tim.o(i.HAL_TIM_PWM_Start), (68 bytes).
    Removing stm32f1xx_hal_tim.o(i.HAL_TIM_PWM_Start_DMA), (288 bytes).
    Removing stm32f1xx_hal_tim.o(i.HAL_TIM_PWM_Start_IT), (116 bytes).
    Removing stm32f1xx_hal_tim.o(i.HAL_TIM_PWM_Stop), (92 bytes).
    Removing stm32f1xx_hal_tim.o(i.HAL_TIM_PWM_Stop_DMA), (164 bytes).
    Removing stm32f1xx_hal_tim.o(i.HAL_TIM_PWM_Stop_IT), (136 bytes).
    Removing stm32f1xx_hal_tim.o(i.HAL_TIM_PeriodElapsedCallback), (2 bytes).
    Removing stm32f1xx_hal_tim.o(i.HAL_TIM_PeriodElapsedHalfCpltCallback), (2 bytes).
    Removing stm32f1xx_hal_tim.o(i.HAL_TIM_ReadCapturedValue), (42 bytes).
    Removing stm32f1xx_hal_tim.o(i.HAL_TIM_SlaveConfigSynchro), (86 bytes).
    Removing stm32f1xx_hal_tim.o(i.HAL_TIM_SlaveConfigSynchro_IT), (86 bytes).
    Removing stm32f1xx_hal_tim.o(i.HAL_TIM_TriggerCallback), (2 bytes).
    Removing stm32f1xx_hal_tim.o(i.HAL_TIM_TriggerHalfCpltCallback), (2 bytes).
    Removing stm32f1xx_hal_tim.o(i.TIM_CCxChannelCmd), (26 bytes).
    Removing stm32f1xx_hal_tim.o(i.TIM_DMACaptureCplt), (62 bytes).
    Removing stm32f1xx_hal_tim.o(i.TIM_DMACaptureHalfCplt), (62 bytes).
    Removing stm32f1xx_hal_tim.o(i.TIM_DMADelayPulseCplt), (62 bytes).
    Removing stm32f1xx_hal_tim.o(i.TIM_DMADelayPulseHalfCplt), (62 bytes).
    Removing stm32f1xx_hal_tim.o(i.TIM_DMAError), (16 bytes).
    Removing stm32f1xx_hal_tim.o(i.TIM_DMAPeriodElapsedCplt), (16 bytes).
    Removing stm32f1xx_hal_tim.o(i.TIM_DMAPeriodElapsedHalfCplt), (16 bytes).
    Removing stm32f1xx_hal_tim.o(i.TIM_DMATriggerCplt), (16 bytes).
    Removing stm32f1xx_hal_tim.o(i.TIM_DMATriggerHalfCplt), (16 bytes).
    Removing stm32f1xx_hal_tim.o(i.TIM_ETR_SetConfig), (20 bytes).
    Removing stm32f1xx_hal_tim.o(i.TIM_ITRx_SetConfig), (16 bytes).
    Removing stm32f1xx_hal_tim.o(i.TIM_SlaveTimer_SetConfig), (134 bytes).
    Removing stm32f1xx_hal_tim.o(i.TIM_TI1_ConfigInputStage), (34 bytes).
    Removing stm32f1xx_hal_tim.o(i.TIM_TI1_SetConfig), (108 bytes).
    Removing stm32f1xx_hal_tim.o(i.TIM_TI2_ConfigInputStage), (36 bytes).
    Removing stm32f1xx_hal_tim.o(i.TIM_TI2_SetConfig), (54 bytes).
    Removing stm32f1xx_hal_tim_ex.o(.rev16_text), (4 bytes).
    Removing stm32f1xx_hal_tim_ex.o(.revsh_text), (4 bytes).
    Removing stm32f1xx_hal_tim_ex.o(.rrx_text), (6 bytes).
    Removing stm32f1xx_hal_tim_ex.o(i.HAL_TIMEx_BreakCallback), (2 bytes).
    Removing stm32f1xx_hal_tim_ex.o(i.HAL_TIMEx_CommutCallback), (2 bytes).
    Removing stm32f1xx_hal_tim_ex.o(i.HAL_TIMEx_CommutHalfCpltCallback), (2 bytes).
    Removing stm32f1xx_hal_tim_ex.o(i.HAL_TIMEx_ConfigCommutEvent), (112 bytes).
    Removing stm32f1xx_hal_tim_ex.o(i.HAL_TIMEx_ConfigCommutEvent_DMA), (144 bytes).
    Removing stm32f1xx_hal_tim_ex.o(i.HAL_TIMEx_ConfigCommutEvent_IT), (112 bytes).
    Removing stm32f1xx_hal_tim_ex.o(i.HAL_TIMEx_HallSensor_DeInit), (56 bytes).
    Removing stm32f1xx_hal_tim_ex.o(i.HAL_TIMEx_HallSensor_GetState), (6 bytes).
    Removing stm32f1xx_hal_tim_ex.o(i.HAL_TIMEx_HallSensor_Init), (188 bytes).
    Removing stm32f1xx_hal_tim_ex.o(i.HAL_TIMEx_HallSensor_MspDeInit), (2 bytes).
    Removing stm32f1xx_hal_tim_ex.o(i.HAL_TIMEx_HallSensor_MspInit), (2 bytes).
    Removing stm32f1xx_hal_tim_ex.o(i.HAL_TIMEx_HallSensor_Start), (38 bytes).
    Removing stm32f1xx_hal_tim_ex.o(i.HAL_TIMEx_HallSensor_Start_DMA), (128 bytes).
    Removing stm32f1xx_hal_tim_ex.o(i.HAL_TIMEx_HallSensor_Start_IT), (48 bytes).
    Removing stm32f1xx_hal_tim_ex.o(i.HAL_TIMEx_HallSensor_Stop), (46 bytes).
    Removing stm32f1xx_hal_tim_ex.o(i.HAL_TIMEx_HallSensor_Stop_DMA), (62 bytes).
    Removing stm32f1xx_hal_tim_ex.o(i.HAL_TIMEx_HallSensor_Stop_IT), (56 bytes).
    Removing stm32f1xx_hal_tim_ex.o(i.HAL_TIMEx_OCN_Start), (46 bytes).
    Removing stm32f1xx_hal_tim_ex.o(i.HAL_TIMEx_OCN_Start_DMA), (228 bytes).
    Removing stm32f1xx_hal_tim_ex.o(i.HAL_TIMEx_OCN_Start_IT), (94 bytes).
    Removing stm32f1xx_hal_tim_ex.o(i.HAL_TIMEx_OCN_Stop), (68 bytes).
    Removing stm32f1xx_hal_tim_ex.o(i.HAL_TIMEx_OCN_Stop_DMA), (130 bytes).
    Removing stm32f1xx_hal_tim_ex.o(i.HAL_TIMEx_OCN_Stop_IT), (122 bytes).
    Removing stm32f1xx_hal_tim_ex.o(i.HAL_TIMEx_OnePulseN_Start), (26 bytes).
    Removing stm32f1xx_hal_tim_ex.o(i.HAL_TIMEx_OnePulseN_Start_IT), (46 bytes).
    Removing stm32f1xx_hal_tim_ex.o(i.HAL_TIMEx_OnePulseN_Stop), (68 bytes).
    Removing stm32f1xx_hal_tim_ex.o(i.HAL_TIMEx_OnePulseN_Stop_IT), (88 bytes).
    Removing stm32f1xx_hal_tim_ex.o(i.HAL_TIMEx_PWMN_Start), (46 bytes).
    Removing stm32f1xx_hal_tim_ex.o(i.HAL_TIMEx_PWMN_Start_DMA), (228 bytes).
    Removing stm32f1xx_hal_tim_ex.o(i.HAL_TIMEx_PWMN_Start_IT), (94 bytes).
    Removing stm32f1xx_hal_tim_ex.o(i.HAL_TIMEx_PWMN_Stop), (68 bytes).
    Removing stm32f1xx_hal_tim_ex.o(i.HAL_TIMEx_PWMN_Stop_DMA), (130 bytes).
    Removing stm32f1xx_hal_tim_ex.o(i.HAL_TIMEx_PWMN_Stop_IT), (122 bytes).
    Removing stm32f1xx_hal_tim_ex.o(i.HAL_TIMEx_RemapConfig), (4 bytes).
    Removing stm32f1xx_hal_tim_ex.o(i.TIMEx_DMACommutationCplt), (16 bytes).
    Removing stm32f1xx_hal_tim_ex.o(i.TIMEx_DMACommutationHalfCplt), (16 bytes).
    Removing stm32f1xx_hal_tim_ex.o(i.TIM_CCxNChannelCmd), (26 bytes).
    Removing stm32f1xx_hal_uart.o(.rev16_text), (4 bytes).
    Removing stm32f1xx_hal_uart.o(.revsh_text), (4 bytes).
    Removing stm32f1xx_hal_uart.o(.rrx_text), (6 bytes).
    Removing stm32f1xx_hal_uart.o(i.HAL_HalfDuplex_EnableReceiver), (50 bytes).
    Removing stm32f1xx_hal_uart.o(i.HAL_HalfDuplex_EnableTransmitter), (50 bytes).
    Removing stm32f1xx_hal_uart.o(i.HAL_HalfDuplex_Init), (108 bytes).
    Removing stm32f1xx_hal_uart.o(i.HAL_LIN_Init), (128 bytes).
    Removing stm32f1xx_hal_uart.o(i.HAL_LIN_SendBreak), (46 bytes).
    Removing stm32f1xx_hal_uart.o(i.HAL_MultiProcessor_EnterMuteMode), (46 bytes).
    Removing stm32f1xx_hal_uart.o(i.HAL_MultiProcessor_ExitMuteMode), (46 bytes).
    Removing stm32f1xx_hal_uart.o(i.HAL_MultiProcessor_Init), (142 bytes).
    Removing stm32f1xx_hal_uart.o(i.HAL_UART_Abort), (138 bytes).
    Removing stm32f1xx_hal_uart.o(i.HAL_UART_AbortCpltCallback), (2 bytes).
    Removing stm32f1xx_hal_uart.o(i.HAL_UART_AbortReceive), (88 bytes).
    Removing stm32f1xx_hal_uart.o(i.HAL_UART_AbortReceiveCpltCallback), (2 bytes).
    Removing stm32f1xx_hal_uart.o(i.HAL_UART_AbortReceive_IT), (92 bytes).
    Removing stm32f1xx_hal_uart.o(i.HAL_UART_AbortTransmit), (78 bytes).
    Removing stm32f1xx_hal_uart.o(i.HAL_UART_AbortTransmitCpltCallback), (2 bytes).
    Removing stm32f1xx_hal_uart.o(i.HAL_UART_AbortTransmit_IT), (84 bytes).
    Removing stm32f1xx_hal_uart.o(i.HAL_UART_Abort_IT), (172 bytes).
    Removing stm32f1xx_hal_uart.o(i.HAL_UART_DMAPause), (102 bytes).
    Removing stm32f1xx_hal_uart.o(i.HAL_UART_DMAResume), (94 bytes).
    Removing stm32f1xx_hal_uart.o(i.HAL_UART_DMAStop), (88 bytes).
    Removing stm32f1xx_hal_uart.o(i.HAL_UART_DeInit), (50 bytes).
    Removing stm32f1xx_hal_uart.o(i.HAL_UART_GetError), (4 bytes).
    Removing stm32f1xx_hal_uart.o(i.HAL_UART_GetState), (10 bytes).
    Removing stm32f1xx_hal_uart.o(i.HAL_UART_MspDeInit), (2 bytes).
    Removing stm32f1xx_hal_uart.o(i.HAL_UART_MspInit), (2 bytes).
    Removing stm32f1xx_hal_uart.o(i.HAL_UART_Receive), (184 bytes).
    Removing stm32f1xx_hal_uart.o(i.HAL_UART_Receive_DMA), (152 bytes).
    Removing stm32f1xx_hal_uart.o(i.HAL_UART_RxCpltCallback), (2 bytes).
    Removing stm32f1xx_hal_uart.o(i.HAL_UART_RxHalfCpltCallback), (2 bytes).
    Removing stm32f1xx_hal_uart.o(i.HAL_UART_Transmit_DMA), (128 bytes).
    Removing stm32f1xx_hal_uart.o(i.HAL_UART_Transmit_IT), (62 bytes).
    Removing stm32f1xx_hal_uart.o(i.HAL_UART_TxHalfCpltCallback), (2 bytes).
    Removing stm32f1xx_hal_uart.o(i.UART_DMAError), (74 bytes).
    Removing stm32f1xx_hal_uart.o(i.UART_DMAReceiveCplt), (60 bytes).
    Removing stm32f1xx_hal_uart.o(i.UART_DMARxAbortCallback), (42 bytes).
    Removing stm32f1xx_hal_uart.o(i.UART_DMARxHalfCplt), (10 bytes).
    Removing stm32f1xx_hal_uart.o(i.UART_DMARxOnlyAbortCallback), (20 bytes).
    Removing stm32f1xx_hal_uart.o(i.UART_DMATransmitCplt), (46 bytes).
    Removing stm32f1xx_hal_uart.o(i.UART_DMATxAbortCallback), (42 bytes).
    Removing stm32f1xx_hal_uart.o(i.UART_DMATxHalfCplt), (10 bytes).
    Removing stm32f1xx_hal_uart.o(i.UART_DMATxOnlyAbortCallback), (20 bytes).
    Removing stm32f1xx_hal_uart.o(i.UART_EndTxTransfer), (18 bytes).
    Removing system_stm32f1xx.o(.rev16_text), (4 bytes).
    Removing system_stm32f1xx.o(.revsh_text), (4 bytes).
    Removing system_stm32f1xx.o(.rrx_text), (6 bytes).
    Removing system_stm32f1xx.o(i.SystemCoreClockUpdate), (104 bytes).
    Removing dadd.o(.text), (334 bytes).
    Removing dmul.o(.text), (228 bytes).
    Removing ddiv.o(.text), (222 bytes).
    Removing dfixul.o(.text), (48 bytes).
    Removing cdrcmple.o(.text), (48 bytes).

440 unused section(s) (total 26362 bytes) removed from the image.

==============================================================================

Image Symbol Table

    Local Symbols

    Symbol Name                              Value     Ov Type        Size  Object(Section)

    ../Drivers/STM32F1xx_HAL_Driver/Src/stm32f1xx_hal.c 0x00000000   Number         0  stm32f1xx_hal.o ABSOLUTE
    ../Drivers/STM32F1xx_HAL_Driver/Src/stm32f1xx_hal_cortex.c 0x00000000   Number         0  stm32f1xx_hal_cortex.o ABSOLUTE
    ../Drivers/STM32F1xx_HAL_Driver/Src/stm32f1xx_hal_dma.c 0x00000000   Number         0  stm32f1xx_hal_dma.o ABSOLUTE
    ../Drivers/STM32F1xx_HAL_Driver/Src/stm32f1xx_hal_exti.c 0x00000000   Number         0  stm32f1xx_hal_exti.o ABSOLUTE
    ../Drivers/STM32F1xx_HAL_Driver/Src/stm32f1xx_hal_flash.c 0x00000000   Number         0  stm32f1xx_hal_flash.o ABSOLUTE
    ../Drivers/STM32F1xx_HAL_Driver/Src/stm32f1xx_hal_flash_ex.c 0x00000000   Number         0  stm32f1xx_hal_flash_ex.o ABSOLUTE
    ../Drivers/STM32F1xx_HAL_Driver/Src/stm32f1xx_hal_gpio.c 0x00000000   Number         0  stm32f1xx_hal_gpio.o ABSOLUTE
    ../Drivers/STM32F1xx_HAL_Driver/Src/stm32f1xx_hal_gpio_ex.c 0x00000000   Number         0  stm32f1xx_hal_gpio_ex.o ABSOLUTE
    ../Drivers/STM32F1xx_HAL_Driver/Src/stm32f1xx_hal_pwr.c 0x00000000   Number         0  stm32f1xx_hal_pwr.o ABSOLUTE
    ../Drivers/STM32F1xx_HAL_Driver/Src/stm32f1xx_hal_rcc.c 0x00000000   Number         0  stm32f1xx_hal_rcc.o ABSOLUTE
    ../Drivers/STM32F1xx_HAL_Driver/Src/stm32f1xx_hal_rcc_ex.c 0x00000000   Number         0  stm32f1xx_hal_rcc_ex.o ABSOLUTE
    ../Drivers/STM32F1xx_HAL_Driver/Src/stm32f1xx_hal_spi.c 0x00000000   Number         0  stm32f1xx_hal_spi.o ABSOLUTE
    ../Drivers/STM32F1xx_HAL_Driver/Src/stm32f1xx_hal_tim.c 0x00000000   Number         0  stm32f1xx_hal_tim.o ABSOLUTE
    ../Drivers/STM32F1xx_HAL_Driver/Src/stm32f1xx_hal_tim_ex.c 0x00000000   Number         0  stm32f1xx_hal_tim_ex.o ABSOLUTE
    ../Drivers/STM32F1xx_HAL_Driver/Src/stm32f1xx_hal_uart.c 0x00000000   Number         0  stm32f1xx_hal_uart.o ABSOLUTE
    ../Src/dma.c                             0x00000000   Number         0  dma.o ABSOLUTE
    ../Src/gpio.c                            0x00000000   Number         0  gpio.o ABSOLUTE
    ../Src/main.c                            0x00000000   Number         0  main.o ABSOLUTE
    ../Src/spi.c                             0x00000000   Number         0  spi.o ABSOLUTE
    ../Src/stm32f1xx_hal_msp.c               0x00000000   Number         0  stm32f1xx_hal_msp.o ABSOLUTE
    ../Src/stm32f1xx_it.c                    0x00000000   Number         0  stm32f1xx_it.o ABSOLUTE
    ../Src/system_stm32f1xx.c                0x00000000   Number         0  system_stm32f1xx.o ABSOLUTE
    ../Src/tim.c                             0x00000000   Number         0  tim.o ABSOLUTE
    ../Src/usart.c                           0x00000000   Number         0  usart.o ABSOLUTE
    ../clib/microlib/division.c              0x00000000   Number         0  uldiv.o ABSOLUTE
    ../clib/microlib/division.c              0x00000000   Number         0  uidiv.o ABSOLUTE
    ../clib/microlib/init/entry.s            0x00000000   Number         0  entry10b.o ABSOLUTE
    ../clib/microlib/init/entry.s            0x00000000   Number         0  entry10a.o ABSOLUTE
    ../clib/microlib/init/entry.s            0x00000000   Number         0  entry9b.o ABSOLUTE
    ../clib/microlib/init/entry.s            0x00000000   Number         0  entry8a.o ABSOLUTE
    ../clib/microlib/init/entry.s            0x00000000   Number         0  entry7b.o ABSOLUTE
    ../clib/microlib/init/entry.s            0x00000000   Number         0  entry7a.o ABSOLUTE
    ../clib/microlib/init/entry.s            0x00000000   Number         0  entry5.o ABSOLUTE
    ../clib/microlib/init/entry.s            0x00000000   Number         0  entry11b.o ABSOLUTE
    ../clib/microlib/init/entry.s            0x00000000   Number         0  entry2.o ABSOLUTE
    ../clib/microlib/init/entry.s            0x00000000   Number         0  entry8b.o ABSOLUTE
    ../clib/microlib/init/entry.s            0x00000000   Number         0  entry.o ABSOLUTE
    ../clib/microlib/init/entry.s            0x00000000   Number         0  entry9a.o ABSOLUTE
    ../clib/microlib/init/entry.s            0x00000000   Number         0  entry11a.o ABSOLUTE
    ../clib/microlib/longlong.c              0x00000000   Number         0  llushr.o ABSOLUTE
    ../clib/microlib/longlong.c              0x00000000   Number         0  llsshr.o ABSOLUTE
    ../clib/microlib/longlong.c              0x00000000   Number         0  llshl.o ABSOLUTE
    ../clib/microlib/malloc/malloc.c         0x00000000   Number         0  malloc.o ABSOLUTE
    ../clib/microlib/malloc/malloc.c         0x00000000   Number         0  mallocra.o ABSOLUTE
    ../clib/microlib/malloc/malloc.c         0x00000000   Number         0  malloca.o ABSOLUTE
    ../clib/microlib/malloc/malloc.c         0x00000000   Number         0  mallocr.o ABSOLUTE
    ../clib/microlib/malloc/mvars.c          0x00000000   Number         0  mvars.o ABSOLUTE
    ../clib/microlib/printf/printf.c         0x00000000   Number         0  printf7.o ABSOLUTE
    ../clib/microlib/printf/printf.c         0x00000000   Number         0  printf5.o ABSOLUTE
    ../clib/microlib/printf/printf.c         0x00000000   Number         0  printf4.o ABSOLUTE
    ../clib/microlib/printf/printf.c         0x00000000   Number         0  printf3.o ABSOLUTE
    ../clib/microlib/printf/printf.c         0x00000000   Number         0  printf2.o ABSOLUTE
    ../clib/microlib/printf/printf.c         0x00000000   Number         0  printf1.o ABSOLUTE
    ../clib/microlib/printf/printf.c         0x00000000   Number         0  printf0.o ABSOLUTE
    ../clib/microlib/printf/printf.c         0x00000000   Number         0  printf6.o ABSOLUTE
    ../clib/microlib/printf/printf.c         0x00000000   Number         0  printfb.o ABSOLUTE
    ../clib/microlib/printf/printf.c         0x00000000   Number         0  printfa.o ABSOLUTE
    ../clib/microlib/printf/printf.c         0x00000000   Number         0  printf8.o ABSOLUTE
    ../clib/microlib/stdio/streams.c         0x00000000   Number         0  stdout.o ABSOLUTE
    ../clib/microlib/string/memcpy.c         0x00000000   Number         0  memcpyb.o ABSOLUTE
    ../clib/microlib/string/memcpy.c         0x00000000   Number         0  memcpya.o ABSOLUTE
    ../clib/microlib/string/memset.c         0x00000000   Number         0  memseta.o ABSOLUTE
    ../clib/microlib/stubs.s                 0x00000000   Number         0  iusefp.o ABSOLUTE
    ../fplib/microlib/d2f.c                  0x00000000   Number         0  d2f.o ABSOLUTE
    ../fplib/microlib/fpadd.c                0x00000000   Number         0  fadd.o ABSOLUTE
    ../fplib/microlib/fpadd.c                0x00000000   Number         0  dadd.o ABSOLUTE
    ../fplib/microlib/fpdiv.c                0x00000000   Number         0  fdiv.o ABSOLUTE
    ../fplib/microlib/fpdiv.c                0x00000000   Number         0  ddiv.o ABSOLUTE
    ../fplib/microlib/fpepilogue.c           0x00000000   Number         0  depilogue.o ABSOLUTE
    ../fplib/microlib/fpepilogue.c           0x00000000   Number         0  fepilogue.o ABSOLUTE
    ../fplib/microlib/fpfix.c                0x00000000   Number         0  ffixui.o ABSOLUTE
    ../fplib/microlib/fpfix.c                0x00000000   Number         0  dfixul.o ABSOLUTE
    ../fplib/microlib/fpfix.c                0x00000000   Number         0  ffixi.o ABSOLUTE
    ../fplib/microlib/fpflt.c                0x00000000   Number         0  fflti.o ABSOLUTE
    ../fplib/microlib/fpflt.c                0x00000000   Number         0  ffltui.o ABSOLUTE
    ../fplib/microlib/fpflt.c                0x00000000   Number         0  dfltui.o ABSOLUTE
    ../fplib/microlib/fpmul.c                0x00000000   Number         0  fmul.o ABSOLUTE
    ../fplib/microlib/fpmul.c                0x00000000   Number         0  dmul.o ABSOLUTE
    ../fplib/microlib/fpscalb.c              0x00000000   Number         0  dscalb.o ABSOLUTE
    ..\Drivers\STM32F1xx_HAL_Driver\Src\stm32f1xx_hal.c 0x00000000   Number         0  stm32f1xx_hal.o ABSOLUTE
    ..\Drivers\STM32F1xx_HAL_Driver\Src\stm32f1xx_hal_cortex.c 0x00000000   Number         0  stm32f1xx_hal_cortex.o ABSOLUTE
    ..\Drivers\STM32F1xx_HAL_Driver\Src\stm32f1xx_hal_dma.c 0x00000000   Number         0  stm32f1xx_hal_dma.o ABSOLUTE
    ..\Drivers\STM32F1xx_HAL_Driver\Src\stm32f1xx_hal_exti.c 0x00000000   Number         0  stm32f1xx_hal_exti.o ABSOLUTE
    ..\Drivers\STM32F1xx_HAL_Driver\Src\stm32f1xx_hal_flash.c 0x00000000   Number         0  stm32f1xx_hal_flash.o ABSOLUTE
    ..\Drivers\STM32F1xx_HAL_Driver\Src\stm32f1xx_hal_flash_ex.c 0x00000000   Number         0  stm32f1xx_hal_flash_ex.o ABSOLUTE
    ..\Drivers\STM32F1xx_HAL_Driver\Src\stm32f1xx_hal_gpio.c 0x00000000   Number         0  stm32f1xx_hal_gpio.o ABSOLUTE
    ..\Drivers\STM32F1xx_HAL_Driver\Src\stm32f1xx_hal_gpio_ex.c 0x00000000   Number         0  stm32f1xx_hal_gpio_ex.o ABSOLUTE
    ..\Drivers\STM32F1xx_HAL_Driver\Src\stm32f1xx_hal_pwr.c 0x00000000   Number         0  stm32f1xx_hal_pwr.o ABSOLUTE
    ..\Drivers\STM32F1xx_HAL_Driver\Src\stm32f1xx_hal_rcc.c 0x00000000   Number         0  stm32f1xx_hal_rcc.o ABSOLUTE
    ..\Drivers\STM32F1xx_HAL_Driver\Src\stm32f1xx_hal_rcc_ex.c 0x00000000   Number         0  stm32f1xx_hal_rcc_ex.o ABSOLUTE
    ..\Drivers\STM32F1xx_HAL_Driver\Src\stm32f1xx_hal_spi.c 0x00000000   Number         0  stm32f1xx_hal_spi.o ABSOLUTE
    ..\Drivers\STM32F1xx_HAL_Driver\Src\stm32f1xx_hal_tim.c 0x00000000   Number         0  stm32f1xx_hal_tim.o ABSOLUTE
    ..\Drivers\STM32F1xx_HAL_Driver\Src\stm32f1xx_hal_tim_ex.c 0x00000000   Number         0  stm32f1xx_hal_tim_ex.o ABSOLUTE
    ..\Drivers\STM32F1xx_HAL_Driver\Src\stm32f1xx_hal_uart.c 0x00000000   Number         0  stm32f1xx_hal_uart.o ABSOLUTE
    ..\Src\WS2812B.c                         0x00000000   Number         0  ws2812b.o ABSOLUTE
    ..\Src\dma.c                             0x00000000   Number         0  dma.o ABSOLUTE
    ..\Src\gpio.c                            0x00000000   Number         0  gpio.o ABSOLUTE
    ..\Src\main.c                            0x00000000   Number         0  main.o ABSOLUTE
    ..\Src\spi.c                             0x00000000   Number         0  spi.o ABSOLUTE
    ..\Src\stm32f1xx_hal_msp.c               0x00000000   Number         0  stm32f1xx_hal_msp.o ABSOLUTE
    ..\Src\stm32f1xx_it.c                    0x00000000   Number         0  stm32f1xx_it.o ABSOLUTE
    ..\Src\system_stm32f1xx.c                0x00000000   Number         0  system_stm32f1xx.o ABSOLUTE
    ..\Src\tim.c                             0x00000000   Number         0  tim.o ABSOLUTE
    ..\Src\usart.c                           0x00000000   Number         0  usart.o ABSOLUTE
    ..\\Src\\WS2812B.c                       0x00000000   Number         0  ws2812b.o ABSOLUTE
    cdrcmple.s                               0x00000000   Number         0  cdrcmple.o ABSOLUTE
    cfcmple.s                                0x00000000   Number         0  cfcmple.o ABSOLUTE
    cfrcmple.s                               0x00000000   Number         0  cfrcmple.o ABSOLUTE
    dc.s                                     0x00000000   Number         0  dc.o ABSOLUTE
    handlers.s                               0x00000000   Number         0  handlers.o ABSOLUTE
    init.s                                   0x00000000   Number         0  init.o ABSOLUTE
    startup_stm32f103xe.s                    0x00000000   Number         0  startup_stm32f103xe.o ABSOLUTE
    user.c                                   0x00000000   Number         0  user.o ABSOLUTE
    user.c                                   0x00000000   Number         0  user.o ABSOLUTE
    RESET                                    0x08000000   Section      304  startup_stm32f103xe.o(RESET)
    .ARM.Collect$$$$00000000                 0x08000130   Section        0  entry.o(.ARM.Collect$$$$00000000)
    .ARM.Collect$$$$00000001                 0x08000130   Section        4  entry2.o(.ARM.Collect$$$$00000001)
    .ARM.Collect$$$$00000004                 0x08000134   Section        4  entry5.o(.ARM.Collect$$$$00000004)
    .ARM.Collect$$$$00000008                 0x08000138   Section        0  entry7b.o(.ARM.Collect$$$$00000008)
    .ARM.Collect$$$$0000000A                 0x08000138   Section        0  entry8b.o(.ARM.Collect$$$$0000000A)
    .ARM.Collect$$$$0000000B                 0x08000138   Section        8  entry9a.o(.ARM.Collect$$$$0000000B)
    .ARM.Collect$$$$0000000D                 0x08000140   Section        0  entry10a.o(.ARM.Collect$$$$0000000D)
    .ARM.Collect$$$$0000000F                 0x08000140   Section        0  entry11a.o(.ARM.Collect$$$$0000000F)
    .ARM.Collect$$$$00002712                 0x08000140   Section        4  entry2.o(.ARM.Collect$$$$00002712)
    __lit__00000000                          0x08000140   Data           4  entry2.o(.ARM.Collect$$$$00002712)
    .text                                    0x08000144   Section       36  startup_stm32f103xe.o(.text)
    .text                                    0x08000168   Section        0  llushr.o(.text)
    .text                                    0x08000188   Section        0  memseta.o(.text)
    .text                                    0x080001ac   Section        0  fadd.o(.text)
    .text                                    0x0800025c   Section        0  fmul.o(.text)
    .text                                    0x080002c0   Section        0  fdiv.o(.text)
    .text                                    0x0800033c   Section        0  dscalb.o(.text)
    .text                                    0x0800036a   Section        0  fflti.o(.text)
    .text                                    0x0800037c   Section        0  ffltui.o(.text)
    .text                                    0x08000386   Section        0  dfltui.o(.text)
    .text                                    0x080003a0   Section        0  ffixi.o(.text)
    .text                                    0x080003d2   Section        0  ffixui.o(.text)
    .text                                    0x080003fa   Section        0  d2f.o(.text)
    .text                                    0x08000434   Section       20  cfcmple.o(.text)
    .text                                    0x08000448   Section       20  cfrcmple.o(.text)
    .text                                    0x0800045c   Section        0  fepilogue.o(.text)
    .text                                    0x0800045c   Section        0  iusefp.o(.text)
    .text                                    0x080004ca   Section        0  depilogue.o(.text)
    .text                                    0x08000584   Section       36  init.o(.text)
    .text                                    0x080005a8   Section        0  llshl.o(.text)
    i.BusFault_Handler                       0x080005c6   Section        0  stm32f1xx_it.o(i.BusFault_Handler)
    i.DMA1_Channel4_IRQHandler               0x080005c8   Section        0  stm32f1xx_it.o(i.DMA1_Channel4_IRQHandler)
    i.DebugMon_Handler                       0x080005d4   Section        0  stm32f1xx_it.o(i.DebugMon_Handler)
    i.EXTI15_10_IRQHandler                   0x080005d6   Section        0  stm32f1xx_it.o(i.EXTI15_10_IRQHandler)
    i.EXTI1_IRQHandler                       0x080005de   Section        0  stm32f1xx_it.o(i.EXTI1_IRQHandler)
    i.Error_Handler                          0x080005e4   Section        0  main.o(i.Error_Handler)
    i.HAL_DMA_Abort_IT                       0x080005e8   Section        0  stm32f1xx_hal_dma.o(i.HAL_DMA_Abort_IT)
    i.HAL_DMA_IRQHandler                     0x08000718   Section        0  stm32f1xx_hal_dma.o(i.HAL_DMA_IRQHandler)
    i.HAL_DMA_Init                           0x08000960   Section        0  stm32f1xx_hal_dma.o(i.HAL_DMA_Init)
    i.HAL_Delay                              0x080009dc   Section        0  stm32f1xx_hal.o(i.HAL_Delay)
    i.HAL_GPIO_EXTI_Callback                 0x08000a00   Section        0  stm32f1xx_it.o(i.HAL_GPIO_EXTI_Callback)
    i.HAL_GPIO_EXTI_IRQHandler               0x08000a50   Section        0  stm32f1xx_hal_gpio.o(i.HAL_GPIO_EXTI_IRQHandler)
    i.HAL_GPIO_Init                          0x08000a68   Section        0  stm32f1xx_hal_gpio.o(i.HAL_GPIO_Init)
    i.HAL_GPIO_ReadPin                       0x08000c60   Section        0  stm32f1xx_hal_gpio.o(i.HAL_GPIO_ReadPin)
    i.HAL_GPIO_TogglePin                     0x08000c6a   Section        0  stm32f1xx_hal_gpio.o(i.HAL_GPIO_TogglePin)
    i.HAL_GPIO_WritePin                      0x08000c78   Section        0  stm32f1xx_hal_gpio.o(i.HAL_GPIO_WritePin)
    i.HAL_GetTick                            0x08000c84   Section        0  stm32f1xx_hal.o(i.HAL_GetTick)
    i.HAL_IncTick                            0x08000c90   Section        0  stm32f1xx_hal.o(i.HAL_IncTick)
    i.HAL_Init                               0x08000ca0   Section        0  stm32f1xx_hal.o(i.HAL_Init)
    i.HAL_InitTick                           0x08000cc4   Section        0  stm32f1xx_hal.o(i.HAL_InitTick)
    i.HAL_MspInit                            0x08000d04   Section        0  stm32f1xx_hal_msp.o(i.HAL_MspInit)
    i.HAL_NVIC_EnableIRQ                     0x08000d40   Section        0  stm32f1xx_hal_cortex.o(i.HAL_NVIC_EnableIRQ)
    i.HAL_NVIC_SetPriority                   0x08000d5c   Section        0  stm32f1xx_hal_cortex.o(i.HAL_NVIC_SetPriority)
    i.HAL_NVIC_SetPriorityGrouping           0x08000d9c   Section        0  stm32f1xx_hal_cortex.o(i.HAL_NVIC_SetPriorityGrouping)
    i.HAL_RCC_ClockConfig                    0x08000dc0   Section        0  stm32f1xx_hal_rcc.o(i.HAL_RCC_ClockConfig)
    i.HAL_RCC_GetPCLK1Freq                   0x08000eec   Section        0  stm32f1xx_hal_rcc.o(i.HAL_RCC_GetPCLK1Freq)
    i.HAL_RCC_GetPCLK2Freq                   0x08000f0c   Section        0  stm32f1xx_hal_rcc.o(i.HAL_RCC_GetPCLK2Freq)
    i.HAL_RCC_GetSysClockFreq                0x08000f2c   Section        0  stm32f1xx_hal_rcc.o(i.HAL_RCC_GetSysClockFreq)
    i.HAL_RCC_OscConfig                      0x08000f98   Section        0  stm32f1xx_hal_rcc.o(i.HAL_RCC_OscConfig)
    i.HAL_SPI_Init                           0x080012b8   Section        0  stm32f1xx_hal_spi.o(i.HAL_SPI_Init)
    i.HAL_SPI_MspInit                        0x08001334   Section        0  spi.o(i.HAL_SPI_MspInit)
    i.HAL_SPI_Transmit                       0x080013a4   Section        0  stm32f1xx_hal_spi.o(i.HAL_SPI_Transmit)
    i.HAL_SYSTICK_Config                     0x08001500   Section        0  stm32f1xx_hal_cortex.o(i.HAL_SYSTICK_Config)
    i.HAL_TIMEx_ConfigBreakDeadTime          0x08001528   Section        0  stm32f1xx_hal_tim_ex.o(i.HAL_TIMEx_ConfigBreakDeadTime)
    i.HAL_TIMEx_MasterConfigSynchronization  0x0800157c   Section        0  stm32f1xx_hal_tim_ex.o(i.HAL_TIMEx_MasterConfigSynchronization)
    i.HAL_TIM_MspPostInit                    0x080015c0   Section        0  tim.o(i.HAL_TIM_MspPostInit)
    i.HAL_TIM_PWM_ConfigChannel              0x0800160c   Section        0  stm32f1xx_hal_tim.o(i.HAL_TIM_PWM_ConfigChannel)
    i.HAL_TIM_PWM_Init                       0x080016dc   Section        0  stm32f1xx_hal_tim.o(i.HAL_TIM_PWM_Init)
    i.HAL_TIM_PWM_MspInit                    0x08001714   Section        0  tim.o(i.HAL_TIM_PWM_MspInit)
    i.HAL_UART_ErrorCallback                 0x08001778   Section        0  stm32f1xx_hal_uart.o(i.HAL_UART_ErrorCallback)
    i.HAL_UART_IRQHandler                    0x0800177c   Section        0  stm32f1xx_hal_uart.o(i.HAL_UART_IRQHandler)
    i.HAL_UART_Init                          0x0800188c   Section        0  stm32f1xx_hal_uart.o(i.HAL_UART_Init)
    i.HAL_UART_MspInit                       0x080018f0   Section        0  usart.o(i.HAL_UART_MspInit)
    i.HAL_UART_Receive_IT                    0x08001970   Section        0  stm32f1xx_hal_uart.o(i.HAL_UART_Receive_IT)
    i.HAL_UART_RxCpltCallback                0x080019c2   Section        0  stm32f1xx_it.o(i.HAL_UART_RxCpltCallback)
    i.HAL_UART_Transmit                      0x080019c4   Section        0  stm32f1xx_hal_uart.o(i.HAL_UART_Transmit)
    i.HAL_UART_TxCpltCallback                0x08001a7e   Section        0  stm32f1xx_hal_uart.o(i.HAL_UART_TxCpltCallback)
    i.HardFault_Handler                      0x08001a80   Section        0  stm32f1xx_it.o(i.HardFault_Handler)
    i.MX_DMA_Init                            0x08001a84   Section        0  dma.o(i.MX_DMA_Init)
    i.MX_GPIO_Init                           0x08001ab0   Section        0  gpio.o(i.MX_GPIO_Init)
    i.MX_SPI3_Init                           0x08001b48   Section        0  spi.o(i.MX_SPI3_Init)
    i.MX_TIM1_Init                           0x08001b90   Section        0  tim.o(i.MX_TIM1_Init)
    i.MX_USART1_UART_Init                    0x08001c2c   Section        0  usart.o(i.MX_USART1_UART_Init)
    i.MemManage_Handler                      0x08001c64   Section        0  stm32f1xx_it.o(i.MemManage_Handler)
    i.NMI_Handler                            0x08001c66   Section        0  stm32f1xx_it.o(i.NMI_Handler)
    i.PendSV_Handler                         0x08001c68   Section        0  stm32f1xx_it.o(i.PendSV_Handler)
    i.SPI_EndRxTxTransaction                 0x08001c6a   Section        0  stm32f1xx_hal_spi.o(i.SPI_EndRxTxTransaction)
    SPI_EndRxTxTransaction                   0x08001c6b   Thumb Code    32  stm32f1xx_hal_spi.o(i.SPI_EndRxTxTransaction)
    i.SPI_WaitFlagStateUntilTimeout          0x08001c8a   Section        0  stm32f1xx_hal_spi.o(i.SPI_WaitFlagStateUntilTimeout)
    SPI_WaitFlagStateUntilTimeout            0x08001c8b   Thumb Code   148  stm32f1xx_hal_spi.o(i.SPI_WaitFlagStateUntilTimeout)
    i.SVC_Handler                            0x08001d1e   Section        0  stm32f1xx_it.o(i.SVC_Handler)
    i.SysTick_Handler                        0x08001d20   Section        0  stm32f1xx_it.o(i.SysTick_Handler)
    i.SystemClock_Config                     0x08001d24   Section        0  main.o(i.SystemClock_Config)
    i.SystemInit                             0x08001d74   Section        0  system_stm32f1xx.o(i.SystemInit)
    i.TIM_Base_SetConfig                     0x08001dbc   Section        0  stm32f1xx_hal_tim.o(i.TIM_Base_SetConfig)
    i.TIM_OC1_SetConfig                      0x08001e48   Section        0  stm32f1xx_hal_tim.o(i.TIM_OC1_SetConfig)
    TIM_OC1_SetConfig                        0x08001e49   Thumb Code    88  stm32f1xx_hal_tim.o(i.TIM_OC1_SetConfig)
    i.TIM_OC2_SetConfig                      0x08001ea8   Section        0  stm32f1xx_hal_tim.o(i.TIM_OC2_SetConfig)
    i.TIM_OC3_SetConfig                      0x08001f14   Section        0  stm32f1xx_hal_tim.o(i.TIM_OC3_SetConfig)
    TIM_OC3_SetConfig                        0x08001f15   Thumb Code    96  stm32f1xx_hal_tim.o(i.TIM_OC3_SetConfig)
    i.TIM_OC4_SetConfig                      0x08001f7c   Section        0  stm32f1xx_hal_tim.o(i.TIM_OC4_SetConfig)
    TIM_OC4_SetConfig                        0x08001f7d   Thumb Code    70  stm32f1xx_hal_tim.o(i.TIM_OC4_SetConfig)
    i.UART_DMAAbortOnError                   0x08001fcc   Section        0  stm32f1xx_hal_uart.o(i.UART_DMAAbortOnError)
    UART_DMAAbortOnError                     0x08001fcd   Thumb Code    16  stm32f1xx_hal_uart.o(i.UART_DMAAbortOnError)
    i.UART_EndRxTransfer                     0x08001fdc   Section        0  stm32f1xx_hal_uart.o(i.UART_EndRxTransfer)
    UART_EndRxTransfer                       0x08001fdd   Thumb Code    28  stm32f1xx_hal_uart.o(i.UART_EndRxTransfer)
    i.UART_Receive_IT                        0x08001ff8   Section        0  stm32f1xx_hal_uart.o(i.UART_Receive_IT)
    UART_Receive_IT                          0x08001ff9   Thumb Code   150  stm32f1xx_hal_uart.o(i.UART_Receive_IT)
    i.UART_SetConfig                         0x08002090   Section        0  stm32f1xx_hal_uart.o(i.UART_SetConfig)
    UART_SetConfig                           0x08002091   Thumb Code   178  stm32f1xx_hal_uart.o(i.UART_SetConfig)
    i.UART_Transmit_IT                       0x08002148   Section        0  stm32f1xx_hal_uart.o(i.UART_Transmit_IT)
    UART_Transmit_IT                         0x08002149   Thumb Code    98  stm32f1xx_hal_uart.o(i.UART_Transmit_IT)
    i.UART_WaitOnFlagUntilTimeout            0x080021aa   Section        0  stm32f1xx_hal_uart.o(i.UART_WaitOnFlagUntilTimeout)
    UART_WaitOnFlagUntilTimeout              0x080021ab   Thumb Code   100  stm32f1xx_hal_uart.o(i.UART_WaitOnFlagUntilTimeout)
    i.USART1_IRQHandler                      0x08002210   Section        0  stm32f1xx_it.o(i.USART1_IRQHandler)
    i.UsageFault_Handler                     0x08002284   Section        0  stm32f1xx_it.o(i.UsageFault_Handler)
    i.WS2812_Breathing_light                 0x08002288   Section        0  ws2812b.o(i.WS2812_Breathing_light)
    i.WS2812_Colorful_Jump_light             0x08002314   Section        0  ws2812b.o(i.WS2812_Colorful_Jump_light)
    i.WS2812_Colourful_Waterfall_light       0x0800244c   Section        0  ws2812b.o(i.WS2812_Colourful_Waterfall_light)
    i.WS2812_Double_Color_Multistage_Waterfall_light 0x080025d4   Section        0  ws2812b.o(i.WS2812_Double_Color_Multistage_Waterfall_light)
    i.WS2812_Init                            0x080027c0   Section        0  ws2812b.o(i.WS2812_Init)
    i.WS2812_Multistage_Waterfall_light      0x080027d4   Section        0  ws2812b.o(i.WS2812_Multistage_Waterfall_light)
    i.WS2812_RGB_GradualChange_Waterfall     0x0800296c   Section        0  ws2812b.o(i.WS2812_RGB_GradualChange_Waterfall)
    i.WS2812_Rainbow_Flow                    0x08002ac0   Section        0  ws2812b.o(i.WS2812_Rainbow_Flow)
    i.WS2812_send                            0x08002b34   Section        0  ws2812b.o(i.WS2812_send)
    i.WS2812_send2                           0x08002bc8   Section        0  ws2812b.o(i.WS2812_send2)
    i.WS281x_Show                            0x08002c70   Section        0  ws2812b.o(i.WS281x_Show)
    WS281x_Show                              0x08002c71   Thumb Code    14  ws2812b.o(i.WS281x_Show)
    i.__0printf$bare                         0x08002c88   Section        0  printfb.o(i.__0printf$bare)
    i.__NVIC_SetPriority                     0x08002c98   Section        0  stm32f1xx_hal_cortex.o(i.__NVIC_SetPriority)
    __NVIC_SetPriority                       0x08002c99   Thumb Code    32  stm32f1xx_hal_cortex.o(i.__NVIC_SetPriority)
    i.__scatterload_copy                     0x08002cb8   Section       14  handlers.o(i.__scatterload_copy)
    i.__scatterload_null                     0x08002cc6   Section        2  handlers.o(i.__scatterload_null)
    i.__scatterload_zeroinit                 0x08002cc8   Section       14  handlers.o(i.__scatterload_zeroinit)
    i._printf_core                           0x08002cd6   Section        0  printfb.o(i._printf_core)
    _printf_core                             0x08002cd7   Thumb Code    34  printfb.o(i._printf_core)
    i.fputc                                  0x08002cf8   Section        0  usart.o(i.fputc)
    i.hsv2rgb                                0x08002d10   Section        0  ws2812b.o(i.hsv2rgb)
    hsv2rgb                                  0x08002d11   Thumb Code   332  ws2812b.o(i.hsv2rgb)
    i.main                                   0x08002e64   Section        0  main.o(i.main)
    i.malloc                                 0x08002ea0   Section        0  malloc.o(i.malloc)
    i.rgb2hsv                                0x08002f0c   Section        0  ws2812b.o(i.rgb2hsv)
    rgb2hsv                                  0x08002f0d   Thumb Code   310  ws2812b.o(i.rgb2hsv)
    i.user_init                              0x08003050   Section        0  user.o(i.user_init)
    i.user_main                              0x08003094   Section        0  user.o(i.user_main)
    .constdata                               0x08003120   Section      462  ws2812b.o(.constdata)
    .constdata                               0x080032ee   Section       16  system_stm32f1xx.o(.constdata)
    .constdata                               0x080032fe   Section        8  system_stm32f1xx.o(.constdata)
    .data                                    0x20000000   Section       52  ws2812b.o(.data)
    count                                    0x20000000   Data           1  ws2812b.o(.data)
    mode                                     0x20000001   Data           1  ws2812b.o(.data)
    mode_bak                                 0x20000002   Data           1  ws2812b.o(.data)
    r                                        0x20000004   Data           2  ws2812b.o(.data)
    g                                        0x20000006   Data           2  ws2812b.o(.data)
    b                                        0x20000008   Data           2  ws2812b.o(.data)
    rgb                                      0x2000000a   Data           3  ws2812b.o(.data)
    head                                     0x20000010   Data           4  ws2812b.o(.data)
    tail                                     0x20000014   Data           4  ws2812b.o(.data)
    count                                    0x20000018   Data           4  ws2812b.o(.data)
    count                                    0x2000001c   Data           4  ws2812b.o(.data)
    memaddr                                  0x20000020   Data           4  ws2812b.o(.data)
    color_index                              0x20000024   Data           4  ws2812b.o(.data)
    i                                        0x20000028   Data           4  ws2812b.o(.data)
    count                                    0x2000002c   Data           4  ws2812b.o(.data)
    .data                                    0x20000034   Section        8  stm32f1xx_it.o(.data)
    .data                                    0x2000003c   Section       48  user.o(.data)
    .data                                    0x2000006c   Section        3  user.o(.data)
    .data                                    0x2000006f   Section        3  user.o(.data)
    .data                                    0x20000072   Section        3  user.o(.data)
    .data                                    0x20000075   Section        3  user.o(.data)
    .data                                    0x20000078   Section        3  user.o(.data)
    .data                                    0x2000007b   Section        3  user.o(.data)
    .data                                    0x2000007e   Section        3  user.o(.data)
    .data                                    0x20000084   Section       12  stm32f1xx_hal.o(.data)
    .data                                    0x20000090   Section        4  system_stm32f1xx.o(.data)
    .data                                    0x20000094   Section        4  stdout.o(.data)
    .data                                    0x20000098   Section        4  mvars.o(.data)
    .data                                    0x2000009c   Section        4  mvars.o(.data)
    .bss                                     0x200000a0   Section    14336  ws2812b.o(.bss)
    .bss                                     0x200038a0   Section       88  spi.o(.bss)
    .bss                                     0x200038f8   Section      132  tim.o(.bss)
    .bss                                     0x2000397c   Section       64  usart.o(.bss)
    .bss                                     0x200039bc   Section       10  stm32f1xx_it.o(.bss)
    HEAP                                     0x200039c8   Section    13568  startup_stm32f103xe.o(HEAP)
    STACK                                    0x20006ec8   Section     1024  startup_stm32f103xe.o(STACK)

    Global Symbols

    Symbol Name                              Value     Ov Type        Size  Object(Section)

    BuildAttributes$$THM_ISAv4$P$D$K$B$S$PE$A:L22UL41UL21$X:L11$S22US41US21$IEEE1$IW$USESV6$~STKCKD$USESV7$~SHL$OTIME$ROPI$EBA8$MICROLIB$REQ8$PRES8$EABIv2 0x00000000   Number         0  anon$$obj.o ABSOLUTE
    __ARM_use_no_argv                        0x00000000   Number         0  main.o ABSOLUTE
    __cpp_initialize__aeabi_                  - Undefined Weak Reference
    __cxa_finalize                            - Undefined Weak Reference
    __decompress                              - Undefined Weak Reference
    _clock_init                               - Undefined Weak Reference
    _microlib_exit                            - Undefined Weak Reference
    __Vectors_Size                           0x00000130   Number         0  startup_stm32f103xe.o ABSOLUTE
    __Vectors                                0x08000000   Data           4  startup_stm32f103xe.o(RESET)
    __Vectors_End                            0x08000130   Data           0  startup_stm32f103xe.o(RESET)
    __main                                   0x08000131   Thumb Code     0  entry.o(.ARM.Collect$$$$00000000)
    _main_stk                                0x08000131   Thumb Code     0  entry2.o(.ARM.Collect$$$$00000001)
    _main_scatterload                        0x08000135   Thumb Code     0  entry5.o(.ARM.Collect$$$$00000004)
    __main_after_scatterload                 0x08000139   Thumb Code     0  entry5.o(.ARM.Collect$$$$00000004)
    _main_clock                              0x08000139   Thumb Code     0  entry7b.o(.ARM.Collect$$$$00000008)
    _main_cpp_init                           0x08000139   Thumb Code     0  entry8b.o(.ARM.Collect$$$$0000000A)
    _main_init                               0x08000139   Thumb Code     0  entry9a.o(.ARM.Collect$$$$0000000B)
    __rt_final_cpp                           0x08000141   Thumb Code     0  entry10a.o(.ARM.Collect$$$$0000000D)
    __rt_final_exit                          0x08000141   Thumb Code     0  entry11a.o(.ARM.Collect$$$$0000000F)
    Reset_Handler                            0x08000145   Thumb Code     8  startup_stm32f103xe.o(.text)
    ADC1_2_IRQHandler                        0x0800015f   Thumb Code     0  startup_stm32f103xe.o(.text)
    ADC3_IRQHandler                          0x0800015f   Thumb Code     0  startup_stm32f103xe.o(.text)
    CAN1_RX1_IRQHandler                      0x0800015f   Thumb Code     0  startup_stm32f103xe.o(.text)
    CAN1_SCE_IRQHandler                      0x0800015f   Thumb Code     0  startup_stm32f103xe.o(.text)
    DMA1_Channel1_IRQHandler                 0x0800015f   Thumb Code     0  startup_stm32f103xe.o(.text)
    DMA1_Channel2_IRQHandler                 0x0800015f   Thumb Code     0  startup_stm32f103xe.o(.text)
    DMA1_Channel3_IRQHandler                 0x0800015f   Thumb Code     0  startup_stm32f103xe.o(.text)
    DMA1_Channel5_IRQHandler                 0x0800015f   Thumb Code     0  startup_stm32f103xe.o(.text)
    DMA1_Channel6_IRQHandler                 0x0800015f   Thumb Code     0  startup_stm32f103xe.o(.text)
    DMA1_Channel7_IRQHandler                 0x0800015f   Thumb Code     0  startup_stm32f103xe.o(.text)
    DMA2_Channel1_IRQHandler                 0x0800015f   Thumb Code     0  startup_stm32f103xe.o(.text)
    DMA2_Channel2_IRQHandler                 0x0800015f   Thumb Code     0  startup_stm32f103xe.o(.text)
    DMA2_Channel3_IRQHandler                 0x0800015f   Thumb Code     0  startup_stm32f103xe.o(.text)
    DMA2_Channel4_5_IRQHandler               0x0800015f   Thumb Code     0  startup_stm32f103xe.o(.text)
    EXTI0_IRQHandler                         0x0800015f   Thumb Code     0  startup_stm32f103xe.o(.text)
    EXTI2_IRQHandler                         0x0800015f   Thumb Code     0  startup_stm32f103xe.o(.text)
    EXTI3_IRQHandler                         0x0800015f   Thumb Code     0  startup_stm32f103xe.o(.text)
    EXTI4_IRQHandler                         0x0800015f   Thumb Code     0  startup_stm32f103xe.o(.text)
    EXTI9_5_IRQHandler                       0x0800015f   Thumb Code     0  startup_stm32f103xe.o(.text)
    FLASH_IRQHandler                         0x0800015f   Thumb Code     0  startup_stm32f103xe.o(.text)
    FSMC_IRQHandler                          0x0800015f   Thumb Code     0  startup_stm32f103xe.o(.text)
    I2C1_ER_IRQHandler                       0x0800015f   Thumb Code     0  startup_stm32f103xe.o(.text)
    I2C1_EV_IRQHandler                       0x0800015f   Thumb Code     0  startup_stm32f103xe.o(.text)
    I2C2_ER_IRQHandler                       0x0800015f   Thumb Code     0  startup_stm32f103xe.o(.text)
    I2C2_EV_IRQHandler                       0x0800015f   Thumb Code     0  startup_stm32f103xe.o(.text)
    PVD_IRQHandler                           0x0800015f   Thumb Code     0  startup_stm32f103xe.o(.text)
    RCC_IRQHandler                           0x0800015f   Thumb Code     0  startup_stm32f103xe.o(.text)
    RTC_Alarm_IRQHandler                     0x0800015f   Thumb Code     0  startup_stm32f103xe.o(.text)
    RTC_IRQHandler                           0x0800015f   Thumb Code     0  startup_stm32f103xe.o(.text)
    SDIO_IRQHandler                          0x0800015f   Thumb Code     0  startup_stm32f103xe.o(.text)
    SPI1_IRQHandler                          0x0800015f   Thumb Code     0  startup_stm32f103xe.o(.text)
    SPI2_IRQHandler                          0x0800015f   Thumb Code     0  startup_stm32f103xe.o(.text)
    SPI3_IRQHandler                          0x0800015f   Thumb Code     0  startup_stm32f103xe.o(.text)
    TAMPER_IRQHandler                        0x0800015f   Thumb Code     0  startup_stm32f103xe.o(.text)
    TIM1_BRK_IRQHandler                      0x0800015f   Thumb Code     0  startup_stm32f103xe.o(.text)
    TIM1_CC_IRQHandler                       0x0800015f   Thumb Code     0  startup_stm32f103xe.o(.text)
    TIM1_TRG_COM_IRQHandler                  0x0800015f   Thumb Code     0  startup_stm32f103xe.o(.text)
    TIM1_UP_IRQHandler                       0x0800015f   Thumb Code     0  startup_stm32f103xe.o(.text)
    TIM2_IRQHandler                          0x0800015f   Thumb Code     0  startup_stm32f103xe.o(.text)
    TIM3_IRQHandler                          0x0800015f   Thumb Code     0  startup_stm32f103xe.o(.text)
    TIM4_IRQHandler                          0x0800015f   Thumb Code     0  startup_stm32f103xe.o(.text)
    TIM5_IRQHandler                          0x0800015f   Thumb Code     0  startup_stm32f103xe.o(.text)
    TIM6_IRQHandler                          0x0800015f   Thumb Code     0  startup_stm32f103xe.o(.text)
    TIM7_IRQHandler                          0x0800015f   Thumb Code     0  startup_stm32f103xe.o(.text)
    TIM8_BRK_IRQHandler                      0x0800015f   Thumb Code     0  startup_stm32f103xe.o(.text)
    TIM8_CC_IRQHandler                       0x0800015f   Thumb Code     0  startup_stm32f103xe.o(.text)
    TIM8_TRG_COM_IRQHandler                  0x0800015f   Thumb Code     0  startup_stm32f103xe.o(.text)
    TIM8_UP_IRQHandler                       0x0800015f   Thumb Code     0  startup_stm32f103xe.o(.text)
    UART4_IRQHandler                         0x0800015f   Thumb Code     0  startup_stm32f103xe.o(.text)
    UART5_IRQHandler                         0x0800015f   Thumb Code     0  startup_stm32f103xe.o(.text)
    USART2_IRQHandler                        0x0800015f   Thumb Code     0  startup_stm32f103xe.o(.text)
    USART3_IRQHandler                        0x0800015f   Thumb Code     0  startup_stm32f103xe.o(.text)
    USBWakeUp_IRQHandler                     0x0800015f   Thumb Code     0  startup_stm32f103xe.o(.text)
    USB_HP_CAN1_TX_IRQHandler                0x0800015f   Thumb Code     0  startup_stm32f103xe.o(.text)
    USB_LP_CAN1_RX0_IRQHandler               0x0800015f   Thumb Code     0  startup_stm32f103xe.o(.text)
    WWDG_IRQHandler                          0x0800015f   Thumb Code     0  startup_stm32f103xe.o(.text)
    __aeabi_llsr                             0x08000169   Thumb Code    32  llushr.o(.text)
    _ll_ushift_r                             0x08000169   Thumb Code     0  llushr.o(.text)
    __aeabi_memset                           0x08000189   Thumb Code    14  memseta.o(.text)
    __aeabi_memset4                          0x08000189   Thumb Code     0  memseta.o(.text)
    __aeabi_memset8                          0x08000189   Thumb Code     0  memseta.o(.text)
    __aeabi_memclr                           0x08000197   Thumb Code     4  memseta.o(.text)
    __aeabi_memclr4                          0x08000197   Thumb Code     0  memseta.o(.text)
    __aeabi_memclr8                          0x08000197   Thumb Code     0  memseta.o(.text)
    _memset$wrapper                          0x0800019b   Thumb Code    18  memseta.o(.text)
    __aeabi_fadd                             0x080001ad   Thumb Code   164  fadd.o(.text)
    __aeabi_fsub                             0x08000251   Thumb Code     6  fadd.o(.text)
    __aeabi_frsub                            0x08000257   Thumb Code     6  fadd.o(.text)
    __aeabi_fmul                             0x0800025d   Thumb Code   100  fmul.o(.text)
    __aeabi_fdiv                             0x080002c1   Thumb Code   124  fdiv.o(.text)
    __ARM_scalbn                             0x0800033d   Thumb Code    46  dscalb.o(.text)
    scalbn                                   0x0800033d   Thumb Code     0  dscalb.o(.text)
    __aeabi_i2f                              0x0800036b   Thumb Code    18  fflti.o(.text)
    __aeabi_ui2f                             0x0800037d   Thumb Code    10  ffltui.o(.text)
    __aeabi_ui2d                             0x08000387   Thumb Code    26  dfltui.o(.text)
    __aeabi_f2iz                             0x080003a1   Thumb Code    50  ffixi.o(.text)
    __aeabi_f2uiz                            0x080003d3   Thumb Code    40  ffixui.o(.text)
    __aeabi_d2f                              0x080003fb   Thumb Code    56  d2f.o(.text)
    __aeabi_cfcmpeq                          0x08000435   Thumb Code     0  cfcmple.o(.text)
    __aeabi_cfcmple                          0x08000435   Thumb Code    20  cfcmple.o(.text)
    __aeabi_cfrcmple                         0x08000449   Thumb Code    20  cfrcmple.o(.text)
    __I$use$fp                               0x0800045d   Thumb Code     0  iusefp.o(.text)
    _float_round                             0x0800045d   Thumb Code    18  fepilogue.o(.text)
    _float_epilogue                          0x0800046f   Thumb Code    92  fepilogue.o(.text)
    _double_round                            0x080004cb   Thumb Code    30  depilogue.o(.text)
    _double_epilogue                         0x080004e9   Thumb Code   156  depilogue.o(.text)
    __scatterload                            0x08000585   Thumb Code    28  init.o(.text)
    __scatterload_rt2                        0x08000585   Thumb Code     0  init.o(.text)
    __aeabi_llsl                             0x080005a9   Thumb Code    30  llshl.o(.text)
    _ll_shift_l                              0x080005a9   Thumb Code     0  llshl.o(.text)
    BusFault_Handler                         0x080005c7   Thumb Code     2  stm32f1xx_it.o(i.BusFault_Handler)
    DMA1_Channel4_IRQHandler                 0x080005c9   Thumb Code     6  stm32f1xx_it.o(i.DMA1_Channel4_IRQHandler)
    DebugMon_Handler                         0x080005d5   Thumb Code     2  stm32f1xx_it.o(i.DebugMon_Handler)
    EXTI15_10_IRQHandler                     0x080005d7   Thumb Code     8  stm32f1xx_it.o(i.EXTI15_10_IRQHandler)
    EXTI1_IRQHandler                         0x080005df   Thumb Code     6  stm32f1xx_it.o(i.EXTI1_IRQHandler)
    Error_Handler                            0x080005e5   Thumb Code     2  main.o(i.Error_Handler)
    HAL_DMA_Abort_IT                         0x080005e9   Thumb Code   296  stm32f1xx_hal_dma.o(i.HAL_DMA_Abort_IT)
    HAL_DMA_IRQHandler                       0x08000719   Thumb Code   552  stm32f1xx_hal_dma.o(i.HAL_DMA_IRQHandler)
    HAL_DMA_Init                             0x08000961   Thumb Code   112  stm32f1xx_hal_dma.o(i.HAL_DMA_Init)
    HAL_Delay                                0x080009dd   Thumb Code    32  stm32f1xx_hal.o(i.HAL_Delay)
    HAL_GPIO_EXTI_Callback                   0x08000a01   Thumb Code    66  stm32f1xx_it.o(i.HAL_GPIO_EXTI_Callback)
    HAL_GPIO_EXTI_IRQHandler                 0x08000a51   Thumb Code    18  stm32f1xx_hal_gpio.o(i.HAL_GPIO_EXTI_IRQHandler)
    HAL_GPIO_Init                            0x08000a69   Thumb Code   462  stm32f1xx_hal_gpio.o(i.HAL_GPIO_Init)
    HAL_GPIO_ReadPin                         0x08000c61   Thumb Code    10  stm32f1xx_hal_gpio.o(i.HAL_GPIO_ReadPin)
    HAL_GPIO_TogglePin                       0x08000c6b   Thumb Code    14  stm32f1xx_hal_gpio.o(i.HAL_GPIO_TogglePin)
    HAL_GPIO_WritePin                        0x08000c79   Thumb Code    10  stm32f1xx_hal_gpio.o(i.HAL_GPIO_WritePin)
    HAL_GetTick                              0x08000c85   Thumb Code     6  stm32f1xx_hal.o(i.HAL_GetTick)
    HAL_IncTick                              0x08000c91   Thumb Code    12  stm32f1xx_hal.o(i.HAL_IncTick)
    HAL_Init                                 0x08000ca1   Thumb Code    32  stm32f1xx_hal.o(i.HAL_Init)
    HAL_InitTick                             0x08000cc5   Thumb Code    54  stm32f1xx_hal.o(i.HAL_InitTick)
    HAL_MspInit                              0x08000d05   Thumb Code    52  stm32f1xx_hal_msp.o(i.HAL_MspInit)
    HAL_NVIC_EnableIRQ                       0x08000d41   Thumb Code    26  stm32f1xx_hal_cortex.o(i.HAL_NVIC_EnableIRQ)
    HAL_NVIC_SetPriority                     0x08000d5d   Thumb Code    60  stm32f1xx_hal_cortex.o(i.HAL_NVIC_SetPriority)
    HAL_NVIC_SetPriorityGrouping             0x08000d9d   Thumb Code    26  stm32f1xx_hal_cortex.o(i.HAL_NVIC_SetPriorityGrouping)
    HAL_RCC_ClockConfig                      0x08000dc1   Thumb Code   280  stm32f1xx_hal_rcc.o(i.HAL_RCC_ClockConfig)
    HAL_RCC_GetPCLK1Freq                     0x08000eed   Thumb Code    20  stm32f1xx_hal_rcc.o(i.HAL_RCC_GetPCLK1Freq)
    HAL_RCC_GetPCLK2Freq                     0x08000f0d   Thumb Code    20  stm32f1xx_hal_rcc.o(i.HAL_RCC_GetPCLK2Freq)
    HAL_RCC_GetSysClockFreq                  0x08000f2d   Thumb Code    74  stm32f1xx_hal_rcc.o(i.HAL_RCC_GetSysClockFreq)
    HAL_RCC_OscConfig                        0x08000f99   Thumb Code   778  stm32f1xx_hal_rcc.o(i.HAL_RCC_OscConfig)
    HAL_SPI_Init                             0x080012b9   Thumb Code   124  stm32f1xx_hal_spi.o(i.HAL_SPI_Init)
    HAL_SPI_MspInit                          0x08001335   Thumb Code    98  spi.o(i.HAL_SPI_MspInit)
    HAL_SPI_Transmit                         0x080013a5   Thumb Code   348  stm32f1xx_hal_spi.o(i.HAL_SPI_Transmit)
    HAL_SYSTICK_Config                       0x08001501   Thumb Code    40  stm32f1xx_hal_cortex.o(i.HAL_SYSTICK_Config)
    HAL_TIMEx_ConfigBreakDeadTime            0x08001529   Thumb Code    84  stm32f1xx_hal_tim_ex.o(i.HAL_TIMEx_ConfigBreakDeadTime)
    HAL_TIMEx_MasterConfigSynchronization    0x0800157d   Thumb Code    66  stm32f1xx_hal_tim_ex.o(i.HAL_TIMEx_MasterConfigSynchronization)
    HAL_TIM_MspPostInit                      0x080015c1   Thumb Code    64  tim.o(i.HAL_TIM_MspPostInit)
    HAL_TIM_PWM_ConfigChannel                0x0800160d   Thumb Code   208  stm32f1xx_hal_tim.o(i.HAL_TIM_PWM_ConfigChannel)
    HAL_TIM_PWM_Init                         0x080016dd   Thumb Code    54  stm32f1xx_hal_tim.o(i.HAL_TIM_PWM_Init)
    HAL_TIM_PWM_MspInit                      0x08001715   Thumb Code    84  tim.o(i.HAL_TIM_PWM_MspInit)
    HAL_UART_ErrorCallback                   0x08001779   Thumb Code     2  stm32f1xx_hal_uart.o(i.HAL_UART_ErrorCallback)
    HAL_UART_IRQHandler                      0x0800177d   Thumb Code   266  stm32f1xx_hal_uart.o(i.HAL_UART_IRQHandler)
    HAL_UART_Init                            0x0800188d   Thumb Code    98  stm32f1xx_hal_uart.o(i.HAL_UART_Init)
    HAL_UART_MspInit                         0x080018f1   Thumb Code   116  usart.o(i.HAL_UART_MspInit)
    HAL_UART_Receive_IT                      0x08001971   Thumb Code    82  stm32f1xx_hal_uart.o(i.HAL_UART_Receive_IT)
    HAL_UART_RxCpltCallback                  0x080019c3   Thumb Code     2  stm32f1xx_it.o(i.HAL_UART_RxCpltCallback)
    HAL_UART_Transmit                        0x080019c5   Thumb Code   186  stm32f1xx_hal_uart.o(i.HAL_UART_Transmit)
    HAL_UART_TxCpltCallback                  0x08001a7f   Thumb Code     2  stm32f1xx_hal_uart.o(i.HAL_UART_TxCpltCallback)
    HardFault_Handler                        0x08001a81   Thumb Code     2  stm32f1xx_it.o(i.HardFault_Handler)
    MX_DMA_Init                              0x08001a85   Thumb Code    40  dma.o(i.MX_DMA_Init)
    MX_GPIO_Init                             0x08001ab1   Thumb Code   138  gpio.o(i.MX_GPIO_Init)
    MX_SPI3_Init                             0x08001b49   Thumb Code    64  spi.o(i.MX_SPI3_Init)
    MX_TIM1_Init                             0x08001b91   Thumb Code   148  tim.o(i.MX_TIM1_Init)
    MX_USART1_UART_Init                      0x08001c2d   Thumb Code    48  usart.o(i.MX_USART1_UART_Init)
    MemManage_Handler                        0x08001c65   Thumb Code     2  stm32f1xx_it.o(i.MemManage_Handler)
    NMI_Handler                              0x08001c67   Thumb Code     2  stm32f1xx_it.o(i.NMI_Handler)
    PendSV_Handler                           0x08001c69   Thumb Code     2  stm32f1xx_it.o(i.PendSV_Handler)
    SVC_Handler                              0x08001d1f   Thumb Code     2  stm32f1xx_it.o(i.SVC_Handler)
    SysTick_Handler                          0x08001d21   Thumb Code     4  stm32f1xx_it.o(i.SysTick_Handler)
    SystemClock_Config                       0x08001d25   Thumb Code    78  main.o(i.SystemClock_Config)
    SystemInit                               0x08001d75   Thumb Code    56  system_stm32f1xx.o(i.SystemInit)
    TIM_Base_SetConfig                       0x08001dbd   Thumb Code   120  stm32f1xx_hal_tim.o(i.TIM_Base_SetConfig)
    TIM_OC2_SetConfig                        0x08001ea9   Thumb Code    98  stm32f1xx_hal_tim.o(i.TIM_OC2_SetConfig)
    USART1_IRQHandler                        0x08002211   Thumb Code    94  stm32f1xx_it.o(i.USART1_IRQHandler)
    UsageFault_Handler                       0x08002285   Thumb Code     2  stm32f1xx_it.o(i.UsageFault_Handler)
    WS2812_Breathing_light                   0x08002289   Thumb Code   132  ws2812b.o(i.WS2812_Breathing_light)
    WS2812_Colorful_Jump_light               0x08002315   Thumb Code   302  ws2812b.o(i.WS2812_Colorful_Jump_light)
    WS2812_Colourful_Waterfall_light         0x0800244d   Thumb Code   384  ws2812b.o(i.WS2812_Colourful_Waterfall_light)
    WS2812_Double_Color_Multistage_Waterfall_light 0x080025d5   Thumb Code   482  ws2812b.o(i.WS2812_Double_Color_Multistage_Waterfall_light)
    WS2812_Init                              0x080027c1   Thumb Code    16  ws2812b.o(i.WS2812_Init)
    WS2812_Multistage_Waterfall_light        0x080027d5   Thumb Code   400  ws2812b.o(i.WS2812_Multistage_Waterfall_light)
    WS2812_RGB_GradualChange_Waterfall       0x0800296d   Thumb Code   330  ws2812b.o(i.WS2812_RGB_GradualChange_Waterfall)
    WS2812_Rainbow_Flow                      0x08002ac1   Thumb Code   112  ws2812b.o(i.WS2812_Rainbow_Flow)
    WS2812_send                              0x08002b35   Thumb Code   144  ws2812b.o(i.WS2812_send)
    WS2812_send2                             0x08002bc9   Thumb Code   158  ws2812b.o(i.WS2812_send2)
    __0printf$bare                           0x08002c89   Thumb Code     8  printfb.o(i.__0printf$bare)
    __1printf$bare                           0x08002c89   Thumb Code     0  printfb.o(i.__0printf$bare)
    __2printf                                0x08002c89   Thumb Code     0  printfb.o(i.__0printf$bare)
    __scatterload_copy                       0x08002cb9   Thumb Code    14  handlers.o(i.__scatterload_copy)
    __scatterload_null                       0x08002cc7   Thumb Code     2  handlers.o(i.__scatterload_null)
    __scatterload_zeroinit                   0x08002cc9   Thumb Code    14  handlers.o(i.__scatterload_zeroinit)
    fputc                                    0x08002cf9   Thumb Code    20  usart.o(i.fputc)
    main                                     0x08002e65   Thumb Code    54  main.o(i.main)
    malloc                                   0x08002ea1   Thumb Code    92  malloc.o(i.malloc)
    user_init                                0x08003051   Thumb Code    44  user.o(i.user_init)
    user_main                                0x08003095   Thumb Code   130  user.o(i.user_main)
    index_breathing                          0x08003120   Data         440  ws2812b.o(.constdata)
    index_wave                               0x080032d8   Data          22  ws2812b.o(.constdata)
    AHBPrescTable                            0x080032ee   Data          16  system_stm32f1xx.o(.constdata)
    APBPrescTable                            0x080032fe   Data           8  system_stm32f1xx.o(.constdata)
    Region$$Table$$Base                      0x08003308   Number         0  anon$$obj.o(Region$$Table)
    Region$$Table$$Limit                     0x08003328   Number         0  anon$$obj.o(Region$$Table)
    data                                     0x20000030   Data           4  ws2812b.o(.data)
    LED_MODE                                 0x20000034   Data           1  stm32f1xx_it.o(.data)
    countOfGetBuffer                         0x20000035   Data           1  stm32f1xx_it.o(.data)
    DataStartFlag                            0x20000036   Data           1  stm32f1xx_it.o(.data)
    color_data                               0x20000038   Data           4  stm32f1xx_it.o(.data)
    Data                                     0x2000003c   Data           1  user.o(.data)
    color_black                              0x2000003d   Data           3  user.o(.data)
    color_white                              0x20000040   Data           3  user.o(.data)
    color_red                                0x20000043   Data           3  user.o(.data)
    RGB_color                                0x20000046   Data           3  user.o(.data)
    color                                    0x2000004c   Data          32  user.o(.data)
    color_yellow                             0x2000006c   Data           3  user.o(.data)
    color_green                              0x2000006f   Data           3  user.o(.data)
    color_cyan                               0x20000072   Data           3  user.o(.data)
    color_blue                               0x20000075   Data           3  user.o(.data)
    color_pink                               0x20000078   Data           3  user.o(.data)
    color_orange                             0x2000007b   Data           3  user.o(.data)
    color_purple                             0x2000007e   Data           3  user.o(.data)
    uwTickFreq                               0x20000084   Data           1  stm32f1xx_hal.o(.data)
    uwTickPrio                               0x20000088   Data           4  stm32f1xx_hal.o(.data)
    uwTick                                   0x2000008c   Data           4  stm32f1xx_hal.o(.data)
    SystemCoreClock                          0x20000090   Data           4  system_stm32f1xx.o(.data)
    __stdout                                 0x20000094   Data           4  stdout.o(.data)
    __microlib_freelist                      0x20000098   Data           4  mvars.o(.data)
    __microlib_freelist_initialised          0x2000009c   Data           4  mvars.o(.data)
    LED_BYTE_Buffer                          0x200000a0   Data       14336  ws2812b.o(.bss)
    hspi3                                    0x200038a0   Data          88  spi.o(.bss)
    htim1                                    0x200038f8   Data          64  tim.o(.bss)
    hdma_tim1_ch4_trig_com                   0x20003938   Data          68  tim.o(.bss)
    huart1                                   0x2000397c   Data          64  usart.o(.bss)
    getBuffer                                0x200039bc   Data          10  stm32f1xx_it.o(.bss)
    __heap_base                              0x200039c8   Data           0  startup_stm32f103xe.o(HEAP)
    __heap_limit                             0x20006ec8   Data           0  startup_stm32f103xe.o(HEAP)
    __initial_sp                             0x200072c8   Data           0  startup_stm32f103xe.o(STACK)



==============================================================================

Memory Map of the image

  Image Entry point : 0x08000131

  Load Region LR_IROM1 (Base: 0x08000000, Size: 0x000033c8, Max: 0x00080000, ABSOLUTE)

    Execution Region ER_IROM1 (Exec base: 0x08000000, Load base: 0x08000000, Size: 0x00003328, Max: 0x00080000, ABSOLUTE)

    Exec Addr    Load Addr    Size         Type   Attr      Idx    E Section Name        Object

    0x08000000   0x08000000   0x00000130   Data   RO            3    RESET               startup_stm32f103xe.o
    0x08000130   0x08000130   0x00000000   Code   RO         3371  * .ARM.Collect$$$$00000000  mc_w.l(entry.o)
    0x08000130   0x08000130   0x00000004   Code   RO         3690    .ARM.Collect$$$$00000001  mc_w.l(entry2.o)
    0x08000134   0x08000134   0x00000004   Code   RO         3693    .ARM.Collect$$$$00000004  mc_w.l(entry5.o)
    0x08000138   0x08000138   0x00000000   Code   RO         3695    .ARM.Collect$$$$00000008  mc_w.l(entry7b.o)
    0x08000138   0x08000138   0x00000000   Code   RO         3697    .ARM.Collect$$$$0000000A  mc_w.l(entry8b.o)
    0x08000138   0x08000138   0x00000008   Code   RO         3698    .ARM.Collect$$$$0000000B  mc_w.l(entry9a.o)
    0x08000140   0x08000140   0x00000000   Code   RO         3700    .ARM.Collect$$$$0000000D  mc_w.l(entry10a.o)
    0x08000140   0x08000140   0x00000000   Code   RO         3702    .ARM.Collect$$$$0000000F  mc_w.l(entry11a.o)
    0x08000140   0x08000140   0x00000004   Code   RO         3691    .ARM.Collect$$$$00002712  mc_w.l(entry2.o)
    0x08000144   0x08000144   0x00000024   Code   RO            4    .text               startup_stm32f103xe.o
    0x08000168   0x08000168   0x00000020   Code   RO         3374    .text               mc_w.l(llushr.o)
    0x08000188   0x08000188   0x00000024   Code   RO         3376    .text               mc_w.l(memseta.o)
    0x080001ac   0x080001ac   0x000000b0   Code   RO         3666    .text               mf_w.l(fadd.o)
    0x0800025c   0x0800025c   0x00000064   Code   RO         3668    .text               mf_w.l(fmul.o)
    0x080002c0   0x080002c0   0x0000007c   Code   RO         3670    .text               mf_w.l(fdiv.o)
    0x0800033c   0x0800033c   0x0000002e   Code   RO         3672    .text               mf_w.l(dscalb.o)
    0x0800036a   0x0800036a   0x00000012   Code   RO         3674    .text               mf_w.l(fflti.o)
    0x0800037c   0x0800037c   0x0000000a   Code   RO         3676    .text               mf_w.l(ffltui.o)
    0x08000386   0x08000386   0x0000001a   Code   RO         3678    .text               mf_w.l(dfltui.o)
    0x080003a0   0x080003a0   0x00000032   Code   RO         3680    .text               mf_w.l(ffixi.o)
    0x080003d2   0x080003d2   0x00000028   Code   RO         3682    .text               mf_w.l(ffixui.o)
    0x080003fa   0x080003fa   0x00000038   Code   RO         3684    .text               mf_w.l(d2f.o)
    0x08000432   0x08000432   0x00000002   PAD
    0x08000434   0x08000434   0x00000014   Code   RO         3686    .text               mf_w.l(cfcmple.o)
    0x08000448   0x08000448   0x00000014   Code   RO         3688    .text               mf_w.l(cfrcmple.o)
    0x0800045c   0x0800045c   0x00000000   Code   RO         3715    .text               mc_w.l(iusefp.o)
    0x0800045c   0x0800045c   0x0000006e   Code   RO         3716    .text               mf_w.l(fepilogue.o)
    0x080004ca   0x080004ca   0x000000ba   Code   RO         3718    .text               mf_w.l(depilogue.o)
    0x08000584   0x08000584   0x00000024   Code   RO         3730    .text               mc_w.l(init.o)
    0x080005a8   0x080005a8   0x0000001e   Code   RO         3732    .text               mc_w.l(llshl.o)
    0x080005c6   0x080005c6   0x00000002   Code   RO          560    i.BusFault_Handler  stm32f1xx_it.o
    0x080005c8   0x080005c8   0x0000000c   Code   RO          561    i.DMA1_Channel4_IRQHandler  stm32f1xx_it.o
    0x080005d4   0x080005d4   0x00000002   Code   RO          562    i.DebugMon_Handler  stm32f1xx_it.o
    0x080005d6   0x080005d6   0x00000008   Code   RO          563    i.EXTI15_10_IRQHandler  stm32f1xx_it.o
    0x080005de   0x080005de   0x00000006   Code   RO          564    i.EXTI1_IRQHandler  stm32f1xx_it.o
    0x080005e4   0x080005e4   0x00000002   Code   RO          232    i.Error_Handler     main.o
    0x080005e6   0x080005e6   0x00000002   PAD
    0x080005e8   0x080005e8   0x00000130   Code   RO         1487    i.HAL_DMA_Abort_IT  stm32f1xx_hal_dma.o
    0x08000718   0x08000718   0x00000248   Code   RO         1491    i.HAL_DMA_IRQHandler  stm32f1xx_hal_dma.o
    0x08000960   0x08000960   0x0000007c   Code   RO         1492    i.HAL_DMA_Init      stm32f1xx_hal_dma.o
    0x080009dc   0x080009dc   0x00000024   Code   RO         1114    i.HAL_Delay         stm32f1xx_hal.o
    0x08000a00   0x08000a00   0x00000050   Code   RO          565    i.HAL_GPIO_EXTI_Callback  stm32f1xx_it.o
    0x08000a50   0x08000a50   0x00000018   Code   RO         1421    i.HAL_GPIO_EXTI_IRQHandler  stm32f1xx_hal_gpio.o
    0x08000a68   0x08000a68   0x000001f8   Code   RO         1422    i.HAL_GPIO_Init     stm32f1xx_hal_gpio.o
    0x08000c60   0x08000c60   0x0000000a   Code   RO         1424    i.HAL_GPIO_ReadPin  stm32f1xx_hal_gpio.o
    0x08000c6a   0x08000c6a   0x0000000e   Code   RO         1425    i.HAL_GPIO_TogglePin  stm32f1xx_hal_gpio.o
    0x08000c78   0x08000c78   0x0000000a   Code   RO         1426    i.HAL_GPIO_WritePin  stm32f1xx_hal_gpio.o
    0x08000c82   0x08000c82   0x00000002   PAD
    0x08000c84   0x08000c84   0x0000000c   Code   RO         1118    i.HAL_GetTick       stm32f1xx_hal.o
    0x08000c90   0x08000c90   0x00000010   Code   RO         1124    i.HAL_IncTick       stm32f1xx_hal.o
    0x08000ca0   0x08000ca0   0x00000024   Code   RO         1125    i.HAL_Init          stm32f1xx_hal.o
    0x08000cc4   0x08000cc4   0x00000040   Code   RO         1126    i.HAL_InitTick      stm32f1xx_hal.o
    0x08000d04   0x08000d04   0x0000003c   Code   RO          681    i.HAL_MspInit       stm32f1xx_hal_msp.o
    0x08000d40   0x08000d40   0x0000001a   Code   RO         1582    i.HAL_NVIC_EnableIRQ  stm32f1xx_hal_cortex.o
    0x08000d5a   0x08000d5a   0x00000002   PAD
    0x08000d5c   0x08000d5c   0x00000040   Code   RO         1588    i.HAL_NVIC_SetPriority  stm32f1xx_hal_cortex.o
    0x08000d9c   0x08000d9c   0x00000024   Code   RO         1589    i.HAL_NVIC_SetPriorityGrouping  stm32f1xx_hal_cortex.o
    0x08000dc0   0x08000dc0   0x0000012c   Code   RO         1282    i.HAL_RCC_ClockConfig  stm32f1xx_hal_rcc.o
    0x08000eec   0x08000eec   0x00000020   Code   RO         1289    i.HAL_RCC_GetPCLK1Freq  stm32f1xx_hal_rcc.o
    0x08000f0c   0x08000f0c   0x00000020   Code   RO         1290    i.HAL_RCC_GetPCLK2Freq  stm32f1xx_hal_rcc.o
    0x08000f2c   0x08000f2c   0x0000006c   Code   RO         1291    i.HAL_RCC_GetSysClockFreq  stm32f1xx_hal_rcc.o
    0x08000f98   0x08000f98   0x00000320   Code   RO         1294    i.HAL_RCC_OscConfig  stm32f1xx_hal_rcc.o
    0x080012b8   0x080012b8   0x0000007c   Code   RO          796    i.HAL_SPI_Init      stm32f1xx_hal_spi.o
    0x08001334   0x08001334   0x00000070   Code   RO          417    i.HAL_SPI_MspInit   spi.o
    0x080013a4   0x080013a4   0x0000015c   Code   RO          804    i.HAL_SPI_Transmit  stm32f1xx_hal_spi.o
    0x08001500   0x08001500   0x00000028   Code   RO         1593    i.HAL_SYSTICK_Config  stm32f1xx_hal_cortex.o
    0x08001528   0x08001528   0x00000054   Code   RO         2762    i.HAL_TIMEx_ConfigBreakDeadTime  stm32f1xx_hal_tim_ex.o
    0x0800157c   0x0800157c   0x00000042   Code   RO         2777    i.HAL_TIMEx_MasterConfigSynchronization  stm32f1xx_hal_tim_ex.o
    0x080015be   0x080015be   0x00000002   PAD
    0x080015c0   0x080015c0   0x0000004c   Code   RO          458    i.HAL_TIM_MspPostInit  tim.o
    0x0800160c   0x0800160c   0x000000d0   Code   RO         2151    i.HAL_TIM_PWM_ConfigChannel  stm32f1xx_hal_tim.o
    0x080016dc   0x080016dc   0x00000036   Code   RO         2154    i.HAL_TIM_PWM_Init  stm32f1xx_hal_tim.o
    0x08001712   0x08001712   0x00000002   PAD
    0x08001714   0x08001714   0x00000064   Code   RO          460    i.HAL_TIM_PWM_MspInit  tim.o
    0x08001778   0x08001778   0x00000002   Code   RO         3031    i.HAL_UART_ErrorCallback  stm32f1xx_hal_uart.o
    0x0800177a   0x0800177a   0x00000002   PAD
    0x0800177c   0x0800177c   0x00000110   Code   RO         3034    i.HAL_UART_IRQHandler  stm32f1xx_hal_uart.o
    0x0800188c   0x0800188c   0x00000062   Code   RO         3035    i.HAL_UART_Init     stm32f1xx_hal_uart.o
    0x080018ee   0x080018ee   0x00000002   PAD
    0x080018f0   0x080018f0   0x00000080   Code   RO          507    i.HAL_UART_MspInit  usart.o
    0x08001970   0x08001970   0x00000052   Code   RO         3040    i.HAL_UART_Receive_IT  stm32f1xx_hal_uart.o
    0x080019c2   0x080019c2   0x00000002   Code   RO          566    i.HAL_UART_RxCpltCallback  stm32f1xx_it.o
    0x080019c4   0x080019c4   0x000000ba   Code   RO         3043    i.HAL_UART_Transmit  stm32f1xx_hal_uart.o
    0x08001a7e   0x08001a7e   0x00000002   Code   RO         3046    i.HAL_UART_TxCpltCallback  stm32f1xx_hal_uart.o
    0x08001a80   0x08001a80   0x00000002   Code   RO          567    i.HardFault_Handler  stm32f1xx_it.o
    0x08001a82   0x08001a82   0x00000002   PAD
    0x08001a84   0x08001a84   0x0000002c   Code   RO          389    i.MX_DMA_Init       dma.o
    0x08001ab0   0x08001ab0   0x00000098   Code   RO          281    i.MX_GPIO_Init      gpio.o
    0x08001b48   0x08001b48   0x00000048   Code   RO          418    i.MX_SPI3_Init      spi.o
    0x08001b90   0x08001b90   0x0000009c   Code   RO          461    i.MX_TIM1_Init      tim.o
    0x08001c2c   0x08001c2c   0x00000038   Code   RO          508    i.MX_USART1_UART_Init  usart.o
    0x08001c64   0x08001c64   0x00000002   Code   RO          568    i.MemManage_Handler  stm32f1xx_it.o
    0x08001c66   0x08001c66   0x00000002   Code   RO          569    i.NMI_Handler       stm32f1xx_it.o
    0x08001c68   0x08001c68   0x00000002   Code   RO          570    i.PendSV_Handler    stm32f1xx_it.o
    0x08001c6a   0x08001c6a   0x00000020   Code   RO          834    i.SPI_EndRxTxTransaction  stm32f1xx_hal_spi.o
    0x08001c8a   0x08001c8a   0x00000094   Code   RO          839    i.SPI_WaitFlagStateUntilTimeout  stm32f1xx_hal_spi.o
    0x08001d1e   0x08001d1e   0x00000002   Code   RO          571    i.SVC_Handler       stm32f1xx_it.o
    0x08001d20   0x08001d20   0x00000004   Code   RO          572    i.SysTick_Handler   stm32f1xx_it.o
    0x08001d24   0x08001d24   0x0000004e   Code   RO          233    i.SystemClock_Config  main.o
    0x08001d72   0x08001d72   0x00000002   PAD
    0x08001d74   0x08001d74   0x00000048   Code   RO         3337    i.SystemInit        system_stm32f1xx.o
    0x08001dbc   0x08001dbc   0x0000008c   Code   RO         2172    i.TIM_Base_SetConfig  stm32f1xx_hal_tim.o
    0x08001e48   0x08001e48   0x00000060   Code   RO         2185    i.TIM_OC1_SetConfig  stm32f1xx_hal_tim.o
    0x08001ea8   0x08001ea8   0x0000006c   Code   RO         2186    i.TIM_OC2_SetConfig  stm32f1xx_hal_tim.o
    0x08001f14   0x08001f14   0x00000068   Code   RO         2187    i.TIM_OC3_SetConfig  stm32f1xx_hal_tim.o
    0x08001f7c   0x08001f7c   0x00000050   Code   RO         2188    i.TIM_OC4_SetConfig  stm32f1xx_hal_tim.o
    0x08001fcc   0x08001fcc   0x00000010   Code   RO         3048    i.UART_DMAAbortOnError  stm32f1xx_hal_uart.o
    0x08001fdc   0x08001fdc   0x0000001c   Code   RO         3058    i.UART_EndRxTransfer  stm32f1xx_hal_uart.o
    0x08001ff8   0x08001ff8   0x00000096   Code   RO         3060    i.UART_Receive_IT   stm32f1xx_hal_uart.o
    0x0800208e   0x0800208e   0x00000002   PAD
    0x08002090   0x08002090   0x000000b8   Code   RO         3061    i.UART_SetConfig    stm32f1xx_hal_uart.o
    0x08002148   0x08002148   0x00000062   Code   RO         3062    i.UART_Transmit_IT  stm32f1xx_hal_uart.o
    0x080021aa   0x080021aa   0x00000064   Code   RO         3063    i.UART_WaitOnFlagUntilTimeout  stm32f1xx_hal_uart.o
    0x0800220e   0x0800220e   0x00000002   PAD
    0x08002210   0x08002210   0x00000074   Code   RO          573    i.USART1_IRQHandler  stm32f1xx_it.o
    0x08002284   0x08002284   0x00000002   Code   RO          574    i.UsageFault_Handler  stm32f1xx_it.o
    0x08002286   0x08002286   0x00000002   PAD
    0x08002288   0x08002288   0x0000008c   Code   RO           13    i.WS2812_Breathing_light  ws2812b.o
    0x08002314   0x08002314   0x00000138   Code   RO           14    i.WS2812_Colorful_Jump_light  ws2812b.o
    0x0800244c   0x0800244c   0x00000188   Code   RO           15    i.WS2812_Colourful_Waterfall_light  ws2812b.o
    0x080025d4   0x080025d4   0x000001ec   Code   RO           16    i.WS2812_Double_Color_Multistage_Waterfall_light  ws2812b.o
    0x080027c0   0x080027c0   0x00000014   Code   RO           17    i.WS2812_Init       ws2812b.o
    0x080027d4   0x080027d4   0x00000198   Code   RO           18    i.WS2812_Multistage_Waterfall_light  ws2812b.o
    0x0800296c   0x0800296c   0x00000154   Code   RO           19    i.WS2812_RGB_GradualChange_Waterfall  ws2812b.o
    0x08002ac0   0x08002ac0   0x00000074   Code   RO           20    i.WS2812_Rainbow_Flow  ws2812b.o
    0x08002b34   0x08002b34   0x00000094   Code   RO           23    i.WS2812_send       ws2812b.o
    0x08002bc8   0x08002bc8   0x000000a8   Code   RO           24    i.WS2812_send2      ws2812b.o
    0x08002c70   0x08002c70   0x00000018   Code   RO           25    i.WS281x_Show       ws2812b.o
    0x08002c88   0x08002c88   0x00000010   Code   RO         3379    i.__0printf$bare    mc_w.l(printfb.o)
    0x08002c98   0x08002c98   0x00000020   Code   RO         1595    i.__NVIC_SetPriority  stm32f1xx_hal_cortex.o
    0x08002cb8   0x08002cb8   0x0000000e   Code   RO         3738    i.__scatterload_copy  mc_w.l(handlers.o)
    0x08002cc6   0x08002cc6   0x00000002   Code   RO         3739    i.__scatterload_null  mc_w.l(handlers.o)
    0x08002cc8   0x08002cc8   0x0000000e   Code   RO         3740    i.__scatterload_zeroinit  mc_w.l(handlers.o)
    0x08002cd6   0x08002cd6   0x00000022   Code   RO         3386    i._printf_core      mc_w.l(printfb.o)
    0x08002cf8   0x08002cf8   0x00000018   Code   RO          510    i.fputc             usart.o
    0x08002d10   0x08002d10   0x00000154   Code   RO           26    i.hsv2rgb           ws2812b.o
    0x08002e64   0x08002e64   0x0000003c   Code   RO          234    i.main              main.o
    0x08002ea0   0x08002ea0   0x0000006c   Code   RO         3639    i.malloc            mc_w.l(malloc.o)
    0x08002f0c   0x08002f0c   0x00000144   Code   RO           27    i.rgb2hsv           ws2812b.o
    0x08003050   0x08003050   0x00000044   Code   RO          705    i.user_init         user.o
    0x08003094   0x08003094   0x0000008c   Code   RO          706    i.user_main         user.o
    0x08003120   0x08003120   0x000001ce   Data   RO           29    .constdata          ws2812b.o
    0x080032ee   0x080032ee   0x00000010   Data   RO         3338    .constdata          system_stm32f1xx.o
    0x080032fe   0x080032fe   0x00000008   Data   RO         3339    .constdata          system_stm32f1xx.o
    0x08003306   0x08003306   0x00000002   PAD
    0x08003308   0x08003308   0x00000020   Data   RO         3736    Region$$Table       anon$$obj.o


    Execution Region RW_IRAM1 (Exec base: 0x20000000, Load base: 0x08003328, Size: 0x000072c8, Max: 0x00010000, ABSOLUTE)

    Exec Addr    Load Addr    Size         Type   Attr      Idx    E Section Name        Object

    0x20000000   0x08003328   0x00000034   Data   RW           30    .data               ws2812b.o
    0x20000034   0x0800335c   0x00000008   Data   RW          576    .data               stm32f1xx_it.o
    0x2000003c   0x08003364   0x00000030   Data   RW          707    .data               user.o
    0x2000006c   0x08003394   0x00000003   Data   RW          708    .data               user.o
    0x2000006f   0x08003397   0x00000003   Data   RW          709    .data               user.o
    0x20000072   0x0800339a   0x00000003   Data   RW          710    .data               user.o
    0x20000075   0x0800339d   0x00000003   Data   RW          711    .data               user.o
    0x20000078   0x080033a0   0x00000003   Data   RW          712    .data               user.o
    0x2000007b   0x080033a3   0x00000003   Data   RW          713    .data               user.o
    0x2000007e   0x080033a6   0x00000003   Data   RW          714    .data               user.o
    0x20000081   0x080033a9   0x00000003   PAD
    0x20000084   0x080033ac   0x0000000c   Data   RW         1132    .data               stm32f1xx_hal.o
    0x20000090   0x080033b8   0x00000004   Data   RW         3340    .data               system_stm32f1xx.o
    0x20000094   0x080033bc   0x00000004   Data   RW         3704    .data               mc_w.l(stdout.o)
    0x20000098   0x080033c0   0x00000004   Data   RW         3713    .data               mc_w.l(mvars.o)
    0x2000009c   0x080033c4   0x00000004   Data   RW         3714    .data               mc_w.l(mvars.o)
    0x200000a0        -       0x00003800   Zero   RW           28    .bss                ws2812b.o
    0x200038a0        -       0x00000058   Zero   RW          419    .bss                spi.o
    0x200038f8        -       0x00000084   Zero   RW          462    .bss                tim.o
    0x2000397c        -       0x00000040   Zero   RW          511    .bss                usart.o
    0x200039bc        -       0x0000000a   Zero   RW          575    .bss                stm32f1xx_it.o
    0x200039c6   0x080033c8   0x00000002   PAD
    0x200039c8        -       0x00003500   Zero   RW            2    HEAP                startup_stm32f103xe.o
    0x20006ec8        -       0x00000400   Zero   RW            1    STACK               startup_stm32f103xe.o


==============================================================================

Image component sizes


      Code (inc. data)   RO Data    RW Data    ZI Data      Debug   Object Name

        44          4          0          0          0        694   dma.o
       152         14          0          0          0     483515   gpio.o
       140          6          0          0          0       1760   main.o
       184         22          0          0         88       1529   spi.o
        36          8        304          0      14592        780   startup_stm32f103xe.o
       164         28          0         12          0       6329   stm32f1xx_hal.o
       198         14          0          0          0      28819   stm32f1xx_hal_cortex.o
      1012         52          0          0          0       2767   stm32f1xx_hal_dma.o
       562         48          0          0          0       4595   stm32f1xx_hal_gpio.o
        60          8          0          0          0        802   stm32f1xx_hal_msp.o
      1272        100          0          0          0       5068   stm32f1xx_hal_rcc.o
       652          0          0          0          0       4110   stm32f1xx_hal_spi.o
       790         56          0          0          0       6414   stm32f1xx_hal_tim.o
       150          0          0          0          0       2032   stm32f1xx_hal_tim_ex.o
      1218         12          0          0          0       9023   stm32f1xx_hal_uart.o
       244         42          0          8         10       7567   stm32f1xx_it.o
        72         16         24          4          0       1091   system_stm32f1xx.o
       332         36          0          0        132       2258   tim.o
       208         24          0          0         64       2050   usart.o
       208         42          0         69          0       2201   user.o
      3224        114        462         52      14336      60807   ws2812b.o

    ----------------------------------------------------------------------
     10946        646        824        148      29224     634211   Object Totals
         0          0         32          0          0          0   (incl. Generated)
        24          0          2          3          2          0   (incl. Padding)

    ----------------------------------------------------------------------

      Code (inc. data)   RO Data    RW Data    ZI Data      Debug   Library Member Name

         0          0          0          0          0          0   entry.o
         0          0          0          0          0          0   entry10a.o
         0          0          0          0          0          0   entry11a.o
         8          4          0          0          0          0   entry2.o
         4          0          0          0          0          0   entry5.o
         0          0          0          0          0          0   entry7b.o
         0          0          0          0          0          0   entry8b.o
         8          4          0          0          0          0   entry9a.o
        30          0          0          0          0          0   handlers.o
        36          8          0          0          0         68   init.o
         0          0          0          0          0          0   iusefp.o
        30          0          0          0          0         68   llshl.o
        32          0          0          0          0         68   llushr.o
       108         16          0          0          0         84   malloc.o
        36          0          0          0          0        108   memseta.o
         0          0          0          8          0          0   mvars.o
        50          8          0          0          0        152   printfb.o
         0          0          0          4          0          0   stdout.o
        20          0          0          0          0         68   cfcmple.o
        20          0          0          0          0         68   cfrcmple.o
        56          0          0          0          0         88   d2f.o
       186          0          0          0          0        176   depilogue.o
        26          0          0          0          0         76   dfltui.o
        46          0          0          0          0         80   dscalb.o
       176          0          0          0          0        140   fadd.o
       124          0          0          0          0         88   fdiv.o
       110          0          0          0          0        168   fepilogue.o
        50          0          0          0          0         68   ffixi.o
        40          0          0          0          0         68   ffixui.o
        18          0          0          0          0         68   fflti.o
        10          0          0          0          0         68   ffltui.o
       100          0          0          0          0         76   fmul.o

    ----------------------------------------------------------------------
      1326         40          0         12          0       1848   Library Totals
         2          0          0          0          0          0   (incl. Padding)

    ----------------------------------------------------------------------

      Code (inc. data)   RO Data    RW Data    ZI Data      Debug   Library Name

       342         40          0         12          0        548   mc_w.l
       982          0          0          0          0       1300   mf_w.l

    ----------------------------------------------------------------------
      1326         40          0         12          0       1848   Library Totals

    ----------------------------------------------------------------------

==============================================================================


      Code (inc. data)   RO Data    RW Data    ZI Data      Debug   

     12272        686        824        160      29224     630595   Grand Totals
     12272        686        824        160      29224     630595   ELF Image Totals
     12272        686        824        160          0          0   ROM Totals

==============================================================================

    Total RO  Size (Code + RO Data)                13096 (  12.79kB)
    Total RW  Size (RW Data + ZI Data)             29384 (  28.70kB)
    Total ROM Size (Code + RO Data + RW Data)      13256 (  12.95kB)

==============================================================================

