Component: ARM Compiler 5.06 update 6 (build 750) Tool: armlink [4d35ed]

==============================================================================

Section Cross References

    startup_stm32f103xe.o(RESET) refers to startup_stm32f103xe.o(STACK) for __initial_sp
    startup_stm32f103xe.o(RESET) refers to startup_stm32f103xe.o(.text) for Reset_Handler
    startup_stm32f103xe.o(RESET) refers to stm32f1xx_it.o(i.NMI_Handler) for NMI_Handler
    startup_stm32f103xe.o(RESET) refers to stm32f1xx_it.o(i.HardFault_Handler) for HardFault_Handler
    startup_stm32f103xe.o(RESET) refers to stm32f1xx_it.o(i.MemManage_Handler) for MemManage_Handler
    startup_stm32f103xe.o(RESET) refers to stm32f1xx_it.o(i.BusFault_Handler) for BusFault_Handler
    startup_stm32f103xe.o(RESET) refers to stm32f1xx_it.o(i.UsageFault_Handler) for UsageFault_Handler
    startup_stm32f103xe.o(RESET) refers to stm32f1xx_it.o(i.SVC_Handler) for SVC_Handler
    startup_stm32f103xe.o(RESET) refers to stm32f1xx_it.o(i.DebugMon_Handler) for DebugMon_Handler
    startup_stm32f103xe.o(RESET) refers to stm32f1xx_it.o(i.PendSV_Handler) for PendSV_Handler
    startup_stm32f103xe.o(RESET) refers to stm32f1xx_it.o(i.SysTick_Handler) for SysTick_Handler
    startup_stm32f103xe.o(RESET) refers to stm32f1xx_it.o(i.EXTI1_IRQHandler) for EXTI1_IRQHandler
    startup_stm32f103xe.o(RESET) refers to stm32f1xx_it.o(i.DMA1_Channel4_IRQHandler) for DMA1_Channel4_IRQHandler
    startup_stm32f103xe.o(RESET) refers to stm32f1xx_it.o(i.USART1_IRQHandler) for USART1_IRQHandler
    startup_stm32f103xe.o(RESET) refers to stm32f1xx_it.o(i.EXTI15_10_IRQHandler) for EXTI15_10_IRQHandler
    startup_stm32f103xe.o(.text) refers to system_stm32f1xx.o(i.SystemInit) for SystemInit
    startup_stm32f103xe.o(.text) refers to entry.o(.ARM.Collect$$$$00000000) for __main
    ws2812b.o(i.WS2812_Breathing_light) refers to ws2812b.o(i.rgb2hsv) for rgb2hsv
    ws2812b.o(i.WS2812_Breathing_light) refers to dfltui.o(.text) for __aeabi_ui2d
    ws2812b.o(i.WS2812_Breathing_light) refers to ddiv.o(.text) for __aeabi_ddiv
    ws2812b.o(i.WS2812_Breathing_light) refers to d2f.o(.text) for __aeabi_d2f
    ws2812b.o(i.WS2812_Breathing_light) refers to ws2812b.o(i.hsv2rgb) for hsv2rgb
    ws2812b.o(i.WS2812_Breathing_light) refers to ws2812b.o(i.WS2812_send) for WS2812_send
    ws2812b.o(i.WS2812_Breathing_light) refers to stm32f1xx_hal.o(i.HAL_Delay) for HAL_Delay
    ws2812b.o(i.WS2812_Breathing_light) refers to ws2812b.o(.constdata) for index_breathing
    ws2812b.o(i.WS2812_Breathing_light) refers to ws2812b.o(.data) for i
    ws2812b.o(i.WS2812_Colorful_Jump_light) refers to memseta.o(.text) for __aeabi_memclr
    ws2812b.o(i.WS2812_Colorful_Jump_light) refers to ws2812b.o(i.WS281x_Show) for WS281x_Show
    ws2812b.o(i.WS2812_Colorful_Jump_light) refers to stm32f1xx_hal.o(i.HAL_Delay) for HAL_Delay
    ws2812b.o(i.WS2812_Colorful_Jump_light) refers to ws2812b.o(.data) for data
    ws2812b.o(i.WS2812_Colourful_Waterfall_light) refers to memseta.o(.text) for __aeabi_memclr
    ws2812b.o(i.WS2812_Colourful_Waterfall_light) refers to ws2812b.o(i.WS281x_Show) for WS281x_Show
    ws2812b.o(i.WS2812_Colourful_Waterfall_light) refers to stm32f1xx_hal.o(i.HAL_Delay) for HAL_Delay
    ws2812b.o(i.WS2812_Colourful_Waterfall_light) refers to ws2812b.o(.data) for data
    ws2812b.o(i.WS2812_Display_Chinese_Characters) refers to memseta.o(.text) for __aeabi_memclr
    ws2812b.o(i.WS2812_Display_Chinese_Characters) refers to ws2812b.o(i.WS281x_Show) for WS281x_Show
    ws2812b.o(i.WS2812_Display_Chinese_Characters) refers to ws2812b.o(.data) for data
    ws2812b.o(i.WS2812_Display_Chinese_Characters) refers to stm32f1xx_hal.o(i.HAL_Delay) for HAL_Delay
    ws2812b.o(i.WS2812_Init) refers to malloc.o(i.malloc) for malloc
    ws2812b.o(i.WS2812_Init) refers to ws2812b.o(.data) for data
    ws2812b.o(i.WS2812_Multistage_Waterfall_light) refers to memseta.o(.text) for __aeabi_memclr
    ws2812b.o(i.WS2812_Multistage_Waterfall_light) refers to ws2812b.o(i.WS281x_Show) for WS281x_Show
    ws2812b.o(i.WS2812_Multistage_Waterfall_light) refers to stm32f1xx_hal.o(i.HAL_Delay) for HAL_Delay
    ws2812b.o(i.WS2812_Multistage_Waterfall_light) refers to ws2812b.o(.data) for data
    ws2812b.o(i.WS2812_RGB_GradualChange_Waterfall) refers to ws2812b.o(i.WS281x_Show) for WS281x_Show
    ws2812b.o(i.WS2812_RGB_GradualChange_Waterfall) refers to stm32f1xx_hal.o(i.HAL_Delay) for HAL_Delay
    ws2812b.o(i.WS2812_RGB_GradualChange_Waterfall) refers to ws2812b.o(.data) for mode_bak
    ws2812b.o(i.WS2812_Rainbow_Flow) refers to ws2812b.o(i.WS2812_send) for WS2812_send
    ws2812b.o(i.WS2812_Rainbow_Flow) refers to stm32f1xx_hal.o(i.HAL_Delay) for HAL_Delay
    ws2812b.o(i.WS2812_Rainbow_Flow) refers to ws2812b.o(.data) for step
    ws2812b.o(i.WS2812_Waterfall_light) refers to memseta.o(.text) for __aeabi_memclr
    ws2812b.o(i.WS2812_Waterfall_light) refers to ws2812b.o(i.WS281x_Show) for WS281x_Show
[...]
    Removing stm32f1xx_hal_tim.o(i.HAL_TIM_ConfigClockSource), (264 bytes).
    Removing stm32f1xx_hal_tim.o(i.HAL_TIM_ConfigOCrefClear), (270 bytes).
    Removing stm32f1xx_hal_tim.o(i.HAL_TIM_ConfigTI1Input), (22 bytes).
    Removing stm32f1xx_hal_tim.o(i.HAL_TIM_DMABurst_ReadStart), (488 bytes).
    Removing stm32f1xx_hal_tim.o(i.HAL_TIM_DMABurst_ReadStop), (146 bytes).
    Removing stm32f1xx_hal_tim.o(i.HAL_TIM_DMABurst_WriteStart), (488 bytes).
    Removing stm32f1xx_hal_tim.o(i.HAL_TIM_DMABurst_WriteStop), (146 bytes).
    Removing stm32f1xx_hal_tim.o(i.HAL_TIM_Encoder_DeInit), (70 bytes).
    Removing stm32f1xx_hal_tim.o(i.HAL_TIM_Encoder_GetState), (8 bytes).
    Removing stm32f1xx_hal_tim.o(i.HAL_TIM_Encoder_Init), (170 bytes).
    Removing stm32f1xx_hal_tim.o(i.HAL_TIM_Encoder_MspDeInit), (2 bytes).
    Removing stm32f1xx_hal_tim.o(i.HAL_TIM_Encoder_MspInit), (2 bytes).
    Removing stm32f1xx_hal_tim.o(i.HAL_TIM_Encoder_Start), (78 bytes).
    Removing stm32f1xx_hal_tim.o(i.HAL_TIM_Encoder_Start_DMA), (380 bytes).
    Removing stm32f1xx_hal_tim.o(i.HAL_TIM_Encoder_Start_IT), (126 bytes).
    Removing stm32f1xx_hal_tim.o(i.HAL_TIM_Encoder_Stop), (104 bytes).
    Removing stm32f1xx_hal_tim.o(i.HAL_TIM_Encoder_Stop_DMA), (176 bytes).
    Removing stm32f1xx_hal_tim.o(i.HAL_TIM_Encoder_Stop_IT), (152 bytes).
    Removing stm32f1xx_hal_tim.o(i.HAL_TIM_ErrorCallback), (2 bytes).
    Removing stm32f1xx_hal_tim.o(i.HAL_TIM_GenerateEvent), (54 bytes).
    Removing stm32f1xx_hal_tim.o(i.HAL_TIM_IC_CaptureCallback), (2 bytes).
    Removing stm32f1xx_hal_tim.o(i.HAL_TIM_IC_CaptureHalfCpltCallback), (2 bytes).
    Removing stm32f1xx_hal_tim.o(i.HAL_TIM_IC_ConfigChannel), (224 bytes).
    Removing stm32f1xx_hal_tim.o(i.HAL_TIM_IC_DeInit), (70 bytes).
    Removing stm32f1xx_hal_tim.o(i.HAL_TIM_IC_GetState), (8 bytes).
    Removing stm32f1xx_hal_tim.o(i.HAL_TIM_IC_Init), (52 bytes).
    Removing stm32f1xx_hal_tim.o(i.HAL_TIM_IC_MspDeInit), (2 bytes).
    Removing stm32f1xx_hal_tim.o(i.HAL_TIM_IC_MspInit), (2 bytes).
    Removing stm32f1xx_hal_tim.o(i.HAL_TIM_IC_Start), (44 bytes).
    Removing stm32f1xx_hal_tim.o(i.HAL_TIM_IC_Start_DMA), (332 bytes).
    Removing stm32f1xx_hal_tim.o(i.HAL_TIM_IC_Start_IT), (120 bytes).
    Removing stm32f1xx_hal_tim.o(i.HAL_TIM_IC_Stop), (58 bytes).
    Removing stm32f1xx_hal_tim.o(i.HAL_TIM_IC_Stop_DMA), (164 bytes).
    Removing stm32f1xx_hal_tim.o(i.HAL_TIM_IC_Stop_IT), (134 bytes).
    Removing stm32f1xx_hal_tim.o(i.HAL_TIM_IRQHandler), (406 bytes).
    Removing stm32f1xx_hal_tim.o(i.HAL_TIM_OC_ConfigChannel), (116 bytes).
    Removing stm32f1xx_hal_tim.o(i.HAL_TIM_OC_DeInit), (70 bytes).
    Removing stm32f1xx_hal_tim.o(i.HAL_TIM_OC_DelayElapsedCallback), (2 bytes).
    Removing stm32f1xx_hal_tim.o(i.HAL_TIM_OC_GetState), (8 bytes).
    Removing stm32f1xx_hal_tim.o(i.HAL_TIM_OC_Init), (52 bytes).
    Removing stm32f1xx_hal_tim.o(i.HAL_TIM_OC_MspDeInit), (2 bytes).
    Removing stm32f1xx_hal_tim.o(i.HAL_TIM_OC_MspInit), (2 bytes).
    Removing stm32f1xx_hal_tim.o(i.HAL_TIM_OC_Start), (88 bytes).
    Removing stm32f1xx_hal_tim.o(i.HAL_TIM_OC_Start_DMA), (376 bytes).
    Removing stm32f1xx_hal_tim.o(i.HAL_TIM_OC_Start_IT), (164 bytes).
    Removing stm32f1xx_hal_tim.o(i.HAL_TIM_OC_Stop), (128 bytes).
    Removing stm32f1xx_hal_tim.o(i.HAL_TIM_OC_Stop_DMA), (236 bytes).
    Removing stm32f1xx_hal_tim.o(i.HAL_TIM_OC_Stop_IT), (204 bytes).
    Removing stm32f1xx_hal_tim.o(i.HAL_TIM_OnePulse_ConfigChannel), (286 bytes).
    Removing stm32f1xx_hal_tim.o(i.HAL_TIM_OnePulse_DeInit), (70 bytes).
    Removing stm32f1xx_hal_tim.o(i.HAL_TIM_OnePulse_GetState), (8 bytes).
    Removing stm32f1xx_hal_tim.o(i.HAL_TIM_OnePulse_Init), (76 bytes).
    Removing stm32f1xx_hal_tim.o(i.HAL_TIM_OnePulse_MspDeInit), (2 bytes).
    Removing stm32f1xx_hal_tim.o(i.HAL_TIM_OnePulse_MspInit), (2 bytes).
    Removing stm32f1xx_hal_tim.o(i.HAL_TIM_OnePulse_Start), (76 bytes).
    Removing stm32f1xx_hal_tim.o(i.HAL_TIM_OnePulse_Start_IT), (100 bytes).
    Removing stm32f1xx_hal_tim.o(i.HAL_TIM_OnePulse_Stop), (140 bytes).
    Removing stm32f1xx_hal_tim.o(i.HAL_TIM_OnePulse_Stop_IT), (164 bytes).
    Removing stm32f1xx_hal_tim.o(i.HAL_TIM_PWM_DeInit), (70 bytes).
    Removing stm32f1xx_hal_tim.o(i.HAL_TIM_PWM_GetState), (8 bytes).
    Removing stm32f1xx_hal_tim.o(i.HAL_TIM_PWM_MspDeInit), (2 bytes).
    Removing stm32f1xx_hal_tim.o(i.HAL_TIM_PWM_MspInit), (2 bytes).
    Removing stm32f1xx_hal_tim.o(i.HAL_TIM_PWM_PulseFinishedCallback), (2 bytes).
    Removing stm32f1xx_hal_tim.o(i.HAL_TIM_PWM_PulseFinishedHalfCpltCallback), (2 bytes).
    Removing stm32f1xx_hal_tim.o(i.HAL_TIM_PWM_Start), (88 bytes).
    Removing stm32f1xx_hal_tim.o(i.HAL_TIM_PWM_Start_DMA), (376 bytes).
    Removing stm32f1xx_hal_tim.o(i.HAL_TIM_PWM_Start_IT), (164 bytes).
    Removing stm32f1xx_hal_tim.o(i.HAL_TIM_PWM_Stop), (136 bytes).
    Removing stm32f1xx_hal_tim.o(i.HAL_TIM_PWM_Stop_DMA), (236 bytes).
    Removing stm32f1xx_hal_tim.o(i.HAL_TIM_PWM_Stop_IT), (204 bytes).
    Removing stm32f1xx_hal_tim.o(i.HAL_TIM_PeriodElapsedCallback), (2 bytes).
    Removing stm32f1xx_hal_tim.o(i.HAL_TIM_PeriodElapsedHalfCpltCallback), (2 bytes).
    Removing stm32f1xx_hal_tim.o(i.HAL_TIM_ReadCapturedValue), (50 bytes).
    Removing stm32f1xx_hal_tim.o(i.HAL_TIM_SlaveConfigSynchro), (108 bytes).
    Removing stm32f1xx_hal_tim.o(i.HAL_TIM_SlaveConfigSynchro_IT), (108 bytes).
    Removing stm32f1xx_hal_tim.o(i.HAL_TIM_TriggerCallback), (2 bytes).
    Removing stm32f1xx_hal_tim.o(i.HAL_TIM_TriggerHalfCpltCallback), (2 bytes).
    Removing stm32f1xx_hal_tim.o(i.TIM_CCxChannelCmd), (34 bytes).
    Removing stm32f1xx_hal_tim.o(i.TIM_DMACaptureCplt), (70 bytes).
    Removing stm32f1xx_hal_tim.o(i.TIM_DMACaptureHalfCplt), (70 bytes).
    Removing stm32f1xx_hal_tim.o(i.TIM_DMADelayPulseCplt), (70 bytes).
    Removing stm32f1xx_hal_tim.o(i.TIM_DMADelayPulseHalfCplt), (70 bytes).
    Removing stm32f1xx_hal_tim.o(i.TIM_DMAError), (20 bytes).
    Removing stm32f1xx_hal_tim.o(i.TIM_DMAPeriodElapsedCplt), (20 bytes).
    Removing stm32f1xx_hal_tim.o(i.TIM_DMAPeriodElapsedHalfCplt), (20 bytes).
    Removing stm32f1xx_hal_tim.o(i.TIM_DMATriggerCplt), (20 bytes).
    Removing stm32f1xx_hal_tim.o(i.TIM_DMATriggerHalfCplt), (20 bytes).
    Removing stm32f1xx_hal_tim.o(i.TIM_ETR_SetConfig), (22 bytes).
    Removing stm32f1xx_hal_tim.o(i.TIM_ITRx_SetConfig), (18 bytes).
    Removing stm32f1xx_hal_tim.o(i.TIM_SlaveTimer_SetConfig), (170 bytes).
    Removing stm32f1xx_hal_tim.o(i.TIM_TI1_ConfigInputStage), (38 bytes).
    Removing stm32f1xx_hal_tim.o(i.TIM_TI1_SetConfig), (124 bytes).
    Removing stm32f1xx_hal_tim.o(i.TIM_TI2_ConfigInputStage), (40 bytes).
    Removing stm32f1xx_hal_tim.o(i.TIM_TI2_SetConfig), (58 bytes).
    Removing stm32f1xx_hal_tim.o(i.TIM_TI3_SetConfig), (56 bytes).
    Removing stm32f1xx_hal_tim.o(i.TIM_TI4_SetConfig), (60 bytes).
    Removing stm32f1xx_hal_tim_ex.o(.rev16_text), (4 bytes).
    Removing stm32f1xx_hal_tim_ex.o(.revsh_text), (4 bytes).
    Removing stm32f1xx_hal_tim_ex.o(.rrx_text), (6 bytes).
    Removing stm32f1xx_hal_tim_ex.o(i.HAL_TIMEx_BreakCallback), (2 bytes).
    Removing stm32f1xx_hal_tim_ex.o(i.HAL_TIMEx_CommutCallback), (2 bytes).
    Removing stm32f1xx_hal_tim_ex.o(i.HAL_TIMEx_CommutHalfCpltCallback), (2 bytes).
    Removing stm32f1xx_hal_tim_ex.o(i.HAL_TIMEx_ConfigCommutEvent), (134 bytes).
    Removing stm32f1xx_hal_tim_ex.o(i.HAL_TIMEx_ConfigCommutEvent_DMA), (164 bytes).
    Removing stm32f1xx_hal_tim_ex.o(i.HAL_TIMEx_ConfigCommutEvent_IT), (134 bytes).
    Removing stm32f1xx_hal_tim_ex.o(i.HAL_TIMEx_HallSensor_DeInit), (70 bytes).
    Removing stm32f1xx_hal_tim_ex.o(i.HAL_TIMEx_HallSensor_GetState), (8 bytes).
    Removing stm32f1xx_hal_tim_ex.o(i.HAL_TIMEx_HallSensor_Init), (208 bytes).
    Removing stm32f1xx_hal_tim_ex.o(i.HAL_TIMEx_HallSensor_MspDeInit), (2 bytes).
    Removing stm32f1xx_hal_tim_ex.o(i.HAL_TIMEx_HallSensor_MspInit), (2 bytes).
    Removing stm32f1xx_hal_tim_ex.o(i.HAL_TIMEx_HallSensor_Start), (42 bytes).
    Removing stm32f1xx_hal_tim_ex.o(i.HAL_TIMEx_HallSensor_Start_DMA), (144 bytes).
    Removing stm32f1xx_hal_tim_ex.o(i.HAL_TIMEx_HallSensor_Start_IT), (54 bytes).
    Removing stm32f1xx_hal_tim_ex.o(i.HAL_TIMEx_HallSensor_Stop), (56 bytes).
    Removing stm32f1xx_hal_tim_ex.o(i.HAL_TIMEx_HallSensor_Stop_DMA), (74 bytes).
    Removing stm32f1xx_hal_tim_ex.o(i.HAL_TIMEx_HallSensor_Stop_IT), (68 bytes).
    Removing stm32f1xx_hal_tim_ex.o(i.HAL_TIMEx_OCN_Start), (56 bytes).
    Removing stm32f1xx_hal_tim_ex.o(i.HAL_TIMEx_OCN_Start_DMA), (288 bytes).
    Removing stm32f1xx_hal_tim_ex.o(i.HAL_TIMEx_OCN_Start_IT), (126 bytes).
    Removing stm32f1xx_hal_tim_ex.o(i.HAL_TIMEx_OCN_Stop), (96 bytes).
    Removing stm32f1xx_hal_tim_ex.o(i.HAL_TIMEx_OCN_Stop_DMA), (178 bytes).
    Removing stm32f1xx_hal_tim_ex.o(i.HAL_TIMEx_OCN_Stop_IT), (178 bytes).
    Removing stm32f1xx_hal_tim_ex.o(i.HAL_TIMEx_OnePulseN_Start), (32 bytes).
    Removing stm32f1xx_hal_tim_ex.o(i.HAL_TIMEx_OnePulseN_Start_IT), (56 bytes).
    Removing stm32f1xx_hal_tim_ex.o(i.HAL_TIMEx_OnePulseN_Stop), (96 bytes).
    Removing stm32f1xx_hal_tim_ex.o(i.HAL_TIMEx_OnePulseN_Stop_IT), (120 bytes).
    Removing stm32f1xx_hal_tim_ex.o(i.HAL_TIMEx_PWMN_Start), (56 bytes).
    Removing stm32f1xx_hal_tim_ex.o(i.HAL_TIMEx_PWMN_Start_DMA), (288 bytes).
    Removing stm32f1xx_hal_tim_ex.o(i.HAL_TIMEx_PWMN_Start_IT), (126 bytes).
    Removing stm32f1xx_hal_tim_ex.o(i.HAL_TIMEx_PWMN_Stop), (96 bytes).
    Removing stm32f1xx_hal_tim_ex.o(i.HAL_TIMEx_PWMN_Stop_DMA), (178 bytes).
    Removing stm32f1xx_hal_tim_ex.o(i.HAL_TIMEx_PWMN_Stop_IT), (178 bytes).
    Removing stm32f1xx_hal_tim_ex.o(i.HAL_TIMEx_RemapConfig), (6 bytes).
    Removing stm32f1xx_hal_tim_ex.o(i.TIMEx_DMACommutationCplt), (20 bytes).
    Removing stm32f1xx_hal_tim_ex.o(i.TIMEx_DMACommutationHalfCplt), (20 bytes).
    Removing stm32f1xx_hal_tim_ex.o(i.TIM_CCxNChannelCmd), (34 bytes).
    Removing stm32f1xx_hal_uart.o(.rev16_text), (4 bytes).
    Removing stm32f1xx_hal_uart.o(.revsh_text), (4 bytes).
    Removing stm32f1xx_hal_uart.o(.rrx_text), (6 bytes).
    Removing stm32f1xx_hal_uart.o(i.HAL_HalfDuplex_EnableReceiver), (68 bytes).
    Removing stm32f1xx_hal_uart.o(i.HAL_HalfDuplex_EnableTransmitter), (68 bytes).
    Removing stm32f1xx_hal_uart.o(i.HAL_HalfDuplex_Init), (118 bytes).
    Removing stm32f1xx_hal_uart.o(i.HAL_LIN_Init), (142 bytes).
    Removing stm32f1xx_hal_uart.o(i.HAL_LIN_SendBreak), (62 bytes).
    Removing stm32f1xx_hal_uart.o(i.HAL_MultiProcessor_EnterMuteMode), (62 bytes).
    Removing stm32f1xx_hal_uart.o(i.HAL_MultiProcessor_ExitMuteMode), (62 bytes).
    Removing stm32f1xx_hal_uart.o(i.HAL_MultiProcessor_Init), (154 bytes).
    Removing stm32f1xx_hal_uart.o(i.HAL_UART_Abort), (166 bytes).
    Removing stm32f1xx_hal_uart.o(i.HAL_UART_AbortCpltCallback), (2 bytes).
    Removing stm32f1xx_hal_uart.o(i.HAL_UART_AbortReceive), (100 bytes).
    Removing stm32f1xx_hal_uart.o(i.HAL_UART_AbortReceiveCpltCallback), (2 bytes).
    Removing stm32f1xx_hal_uart.o(i.HAL_UART_AbortReceive_IT), (120 bytes).
    Removing stm32f1xx_hal_uart.o(i.HAL_UART_AbortTransmit), (88 bytes).
    Removing stm32f1xx_hal_uart.o(i.HAL_UART_AbortTransmitCpltCallback), (2 bytes).
    Removing stm32f1xx_hal_uart.o(i.HAL_UART_AbortTransmit_IT), (108 bytes).
    Removing stm32f1xx_hal_uart.o(i.HAL_UART_Abort_IT), (216 bytes).
    Removing stm32f1xx_hal_uart.o(i.HAL_UART_DMAPause), (124 bytes).
    Removing stm32f1xx_hal_uart.o(i.HAL_UART_DMAResume), (126 bytes).
    Removing stm32f1xx_hal_uart.o(i.HAL_UART_DMAStop), (102 bytes).
    Removing stm32f1xx_hal_uart.o(i.HAL_UART_DeInit), (58 bytes).
    Removing stm32f1xx_hal_uart.o(i.HAL_UART_GetError), (6 bytes).
    Removing stm32f1xx_hal_uart.o(i.HAL_UART_GetState), (20 bytes).
    Removing stm32f1xx_hal_uart.o(i.HAL_UART_MspDeInit), (2 bytes).
    Removing stm32f1xx_hal_uart.o(i.HAL_UART_MspInit), (2 bytes).
    Removing stm32f1xx_hal_uart.o(i.HAL_UART_Receive), (222 bytes).
    Removing stm32f1xx_hal_uart.o(i.HAL_UART_Receive_DMA), (196 bytes).
    Removing stm32f1xx_hal_uart.o(i.HAL_UART_RxCpltCallback), (2 bytes).
    Removing stm32f1xx_hal_uart.o(i.HAL_UART_RxHalfCpltCallback), (2 bytes).
    Removing stm32f1xx_hal_uart.o(i.HAL_UART_Transmit_DMA), (156 bytes).
    Removing stm32f1xx_hal_uart.o(i.HAL_UART_Transmit_IT), (88 bytes).
    Removing stm32f1xx_hal_uart.o(i.HAL_UART_TxHalfCpltCallback), (2 bytes).
    Removing stm32f1xx_hal_uart.o(i.UART_DMAError), (80 bytes).
    Removing stm32f1xx_hal_uart.o(i.UART_DMAReceiveCplt), (70 bytes).
    Removing stm32f1xx_hal_uart.o(i.UART_DMARxAbortCallback), (52 bytes).
    Removing stm32f1xx_hal_uart.o(i.UART_DMARxHalfCplt), (14 bytes).
    Removing stm32f1xx_hal_uart.o(i.UART_DMARxOnlyAbortCallback), (24 bytes).
    Removing stm32f1xx_hal_uart.o(i.UART_DMATransmitCplt), (54 bytes).
    Removing stm32f1xx_hal_uart.o(i.UART_DMATxAbortCallback), (52 bytes).
    Removing stm32f1xx_hal_uart.o(i.UART_DMATxHalfCplt), (14 bytes).
    Removing stm32f1xx_hal_uart.o(i.UART_DMATxOnlyAbortCallback), (24 bytes).
    Removing stm32f1xx_hal_uart.o(i.UART_EndTxTransfer), (20 bytes).
    Removing system_stm32f1xx.o(.rev16_text), (4 bytes).
    Removing system_stm32f1xx.o(.revsh_text), (4 bytes).
    Removing system_stm32f1xx.o(.rrx_text), (6 bytes).
    Removing system_stm32f1xx.o(i.SystemCoreClockUpdate), (164 bytes).
    Removing dadd.o(.text), (334 bytes).
    Removing dmul.o(.text), (228 bytes).
    Removing dfixul.o(.text), (48 bytes).
    Removing cdrcmple.o(.text), (48 bytes).

442 unused section(s) (total 44818 bytes) removed from the image.

==============================================================================

Image Symbol Table

    Local Symbols

    Symbol Name                              Value     Ov Type        Size  Object(Section)

    ../Drivers/STM32F1xx_HAL_Driver/Src/stm32f1xx_hal.c 0x00000000   Number         0  stm32f1xx_hal.o ABSOLUTE
    ../Drivers/STM32F1xx_HAL_Driver/Src/stm32f1xx_hal_cortex.c 0x00000000   Number         0  stm32f1xx_hal_cortex.o ABSOLUTE
    ../Drivers/STM32F1xx_HAL_Driver/Src/stm32f1xx_hal_dma.c 0x00000000   Number         0  stm32f1xx_hal_dma.o ABSOLUTE
    ../Drivers/STM32F1xx_HAL_Driver/Src/stm32f1xx_hal_exti.c 0x00000000   Number         0  stm32f1xx_hal_exti.o ABSOLUTE
    ../Drivers/STM32F1xx_HAL_Driver/Src/stm32f1xx_hal_flash.c 0x00000000   Number         0  stm32f1xx_hal_flash.o ABSOLUTE
    ../Drivers/STM32F1xx_HAL_Driver/Src/stm32f1xx_hal_flash_ex.c 0x00000000   Number         0  stm32f1xx_hal_flash_ex.o ABSOLUTE
    ../Drivers/STM32F1xx_HAL_Driver/Src/stm32f1xx_hal_gpio.c 0x00000000   Number         0  stm32f1xx_hal_gpio.o ABSOLUTE
    ../Drivers/STM32F1xx_HAL_Driver/Src/stm32f1xx_hal_gpio_ex.c 0x00000000   Number         0  stm32f1xx_hal_gpio_ex.o ABSOLUTE
    ../Drivers/STM32F1xx_HAL_Driver/Src/stm32f1xx_hal_pwr.c 0x00000000   Number         0  stm32f1xx_hal_pwr.o ABSOLUTE
    ../Drivers/STM32F1xx_HAL_Driver/Src/stm32f1xx_hal_rcc.c 0x00000000   Number         0  stm32f1xx_hal_rcc.o ABSOLUTE
    ../Drivers/STM32F1xx_HAL_Driver/Src/stm32f1xx_hal_rcc_ex.c 0x00000000   Number         0  stm32f1xx_hal_rcc_ex.o ABSOLUTE
    ../Drivers/STM32F1xx_HAL_Driver/Src/stm32f1xx_hal_spi.c 0x00000000   Number         0  stm32f1xx_hal_spi.o ABSOLUTE
    ../Drivers/STM32F1xx_HAL_Driver/Src/stm32f1xx_hal_tim.c 0x00000000   Number         0  stm32f1xx_hal_tim.o ABSOLUTE
    ../Drivers/STM32F1xx_HAL_Driver/Src/stm32f1xx_hal_tim_ex.c 0x00000000   Number         0  stm32f1xx_hal_tim_ex.o ABSOLUTE
    ../Drivers/STM32F1xx_HAL_Driver/Src/stm32f1xx_hal_uart.c 0x00000000   Number         0  stm32f1xx_hal_uart.o ABSOLUTE
    ../Src/dma.c                             0x00000000   Number         0  dma.o ABSOLUTE
    ../Src/gpio.c                            0x00000000   Number         0  gpio.o ABSOLUTE
    ../Src/main.c                            0x00000000   Number         0  main.o ABSOLUTE
    ../Src/spi.c                             0x00000000   Number         0  spi.o ABSOLUTE
    ../Src/stm32f1xx_hal_msp.c               0x00000000   Number         0  stm32f1xx_hal_msp.o ABSOLUTE
    ../Src/stm32f1xx_it.c                    0x00000000   Number         0  stm32f1xx_it.o ABSOLUTE
    ../Src/system_stm32f1xx.c                0x00000000   Number         0  system_stm32f1xx.o ABSOLUTE
    ../Src/tim.c                             0x00000000   Number         0  tim.o ABSOLUTE
    ../Src/usart.c                           0x00000000   Number         0  usart.o ABSOLUTE
    ../clib/../cmprslib/zerorunl2.c          0x00000000   Number         0  __dczerorl2.o ABSOLUTE
    ../clib/microlib/division.c              0x00000000   Number         0  uldiv.o ABSOLUTE
    ../clib/microlib/division.c              0x00000000   Number         0  uidiv.o ABSOLUTE
    ../clib/microlib/init/entry.s            0x00000000   Number         0  entry11b.o ABSOLUTE
    ../clib/microlib/init/entry.s            0x00000000   Number         0  entry7b.o ABSOLUTE
    ../clib/microlib/init/entry.s            0x00000000   Number         0  entry11a.o ABSOLUTE
    ../clib/microlib/init/entry.s            0x00000000   Number         0  entry8b.o ABSOLUTE
    ../clib/microlib/init/entry.s            0x00000000   Number         0  entry10b.o ABSOLUTE
    ../clib/microlib/init/entry.s            0x00000000   Number         0  entry2.o ABSOLUTE
    ../clib/microlib/init/entry.s            0x00000000   Number         0  entry10a.o ABSOLUTE
    ../clib/microlib/init/entry.s            0x00000000   Number         0  entry9b.o ABSOLUTE
    ../clib/microlib/init/entry.s            0x00000000   Number         0  entry8a.o ABSOLUTE
    ../clib/microlib/init/entry.s            0x00000000   Number         0  entry5.o ABSOLUTE
    ../clib/microlib/init/entry.s            0x00000000   Number         0  entry7a.o ABSOLUTE
    ../clib/microlib/init/entry.s            0x00000000   Number         0  entry.o ABSOLUTE
    ../clib/microlib/init/entry.s            0x00000000   Number         0  entry9a.o ABSOLUTE
    ../clib/microlib/longlong.c              0x00000000   Number         0  llshl.o ABSOLUTE
    ../clib/microlib/longlong.c              0x00000000   Number         0  llsshr.o ABSOLUTE
    ../clib/microlib/longlong.c              0x00000000   Number         0  llushr.o ABSOLUTE
    ../clib/microlib/malloc/malloc.c         0x00000000   Number         0  malloc.o ABSOLUTE
    ../clib/microlib/malloc/malloc.c         0x00000000   Number         0  malloca.o ABSOLUTE
    ../clib/microlib/malloc/malloc.c         0x00000000   Number         0  mallocra.o ABSOLUTE
    ../clib/microlib/malloc/malloc.c         0x00000000   Number         0  mallocr.o ABSOLUTE
    ../clib/microlib/malloc/mvars.c          0x00000000   Number         0  mvars.o ABSOLUTE
    ../clib/microlib/printf/printf.c         0x00000000   Number         0  printfa.o ABSOLUTE
    ../clib/microlib/printf/printf.c         0x00000000   Number         0  printf2.o ABSOLUTE
    ../clib/microlib/printf/printf.c         0x00000000   Number         0  printf1.o ABSOLUTE
    ../clib/microlib/printf/printf.c         0x00000000   Number         0  printf0.o ABSOLUTE
    ../clib/microlib/printf/printf.c         0x00000000   Number         0  printfb.o ABSOLUTE
    ../clib/microlib/printf/printf.c         0x00000000   Number         0  printf3.o ABSOLUTE
    ../clib/microlib/printf/printf.c         0x00000000   Number         0  printf4.o ABSOLUTE
    ../clib/microlib/printf/printf.c         0x00000000   Number         0  printf5.o ABSOLUTE
    ../clib/microlib/printf/printf.c         0x00000000   Number         0  printf6.o ABSOLUTE
    ../clib/microlib/printf/printf.c         0x00000000   Number         0  printf7.o ABSOLUTE
    ../clib/microlib/printf/printf.c         0x00000000   Number         0  printf8.o ABSOLUTE
    ../clib/microlib/stdio/streams.c         0x00000000   Number         0  stdout.o ABSOLUTE
    ../clib/microlib/string/memcpy.c         0x00000000   Number         0  memcpya.o ABSOLUTE
    ../clib/microlib/string/memcpy.c         0x00000000   Number         0  memcpyb.o ABSOLUTE
    ../clib/microlib/string/memset.c         0x00000000   Number         0  memseta.o ABSOLUTE
    ../clib/microlib/stubs.s                 0x00000000   Number         0  iusefp.o ABSOLUTE
    ../fplib/microlib/d2f.c                  0x00000000   Number         0  d2f.o ABSOLUTE
    ../fplib/microlib/fpadd.c                0x00000000   Number         0  fadd.o ABSOLUTE
    ../fplib/microlib/fpadd.c                0x00000000   Number         0  dadd.o ABSOLUTE
    ../fplib/microlib/fpdiv.c                0x00000000   Number         0  fdiv.o ABSOLUTE
    ../fplib/microlib/fpdiv.c                0x00000000   Number         0  ddiv.o ABSOLUTE
    ../fplib/microlib/fpepilogue.c           0x00000000   Number         0  fepilogue.o ABSOLUTE
    ../fplib/microlib/fpepilogue.c           0x00000000   Number         0  depilogue.o ABSOLUTE
    ../fplib/microlib/fpfix.c                0x00000000   Number         0  dfixul.o ABSOLUTE
    ../fplib/microlib/fpfix.c                0x00000000   Number         0  ffixi.o ABSOLUTE
    ../fplib/microlib/fpfix.c                0x00000000   Number         0  ffixui.o ABSOLUTE
    ../fplib/microlib/fpflt.c                0x00000000   Number         0  fflti.o ABSOLUTE
    ../fplib/microlib/fpflt.c                0x00000000   Number         0  ffltui.o ABSOLUTE
    ../fplib/microlib/fpflt.c                0x00000000   Number         0  dfltui.o ABSOLUTE
    ../fplib/microlib/fpmul.c                0x00000000   Number         0  fmul.o ABSOLUTE
    ../fplib/microlib/fpmul.c                0x00000000   Number         0  dmul.o ABSOLUTE
    ..\Drivers\STM32F1xx_HAL_Driver\Src\stm32f1xx_hal.c 0x00000000   Number         0  stm32f1xx_hal.o ABSOLUTE
    ..\Drivers\STM32F1xx_HAL_Driver\Src\stm32f1xx_hal_cortex.c 0x00000000   Number         0  stm32f1xx_hal_cortex.o ABSOLUTE
    ..\Drivers\STM32F1xx_HAL_Driver\Src\stm32f1xx_hal_dma.c 0x00000000   Number         0  stm32f1xx_hal_dma.o ABSOLUTE
    ..\Drivers\STM32F1xx_HAL_Driver\Src\stm32f1xx_hal_exti.c 0x00000000   Number         0  stm32f1xx_hal_exti.o ABSOLUTE
    ..\Drivers\STM32F1xx_HAL_Driver\Src\stm32f1xx_hal_flash.c 0x00000000   Number         0  stm32f1xx_hal_flash.o ABSOLUTE
    ..\Drivers\STM32F1xx_HAL_Driver\Src\stm32f1xx_hal_flash_ex.c 0x00000000   Number         0  stm32f1xx_hal_flash_ex.o ABSOLUTE
    ..\Drivers\STM32F1xx_HAL_Driver\Src\stm32f1xx_hal_gpio.c 0x00000000   Number         0  stm32f1xx_hal_gpio.o ABSOLUTE
    ..\Drivers\STM32F1xx_HAL_Driver\Src\stm32f1xx_hal_gpio_ex.c 0x00000000   Number         0  stm32f1xx_hal_gpio_ex.o ABSOLUTE
    ..\Drivers\STM32F1xx_HAL_Driver\Src\stm32f1xx_hal_pwr.c 0x00000000   Number         0  stm32f1xx_hal_pwr.o ABSOLUTE
    ..\Drivers\STM32F1xx_HAL_Driver\Src\stm32f1xx_hal_rcc.c 0x00000000   Number         0  stm32f1xx_hal_rcc.o ABSOLUTE
    ..\Drivers\STM32F1xx_HAL_Driver\Src\stm32f1xx_hal_rcc_ex.c 0x00000000   Number         0  stm32f1xx_hal_rcc_ex.o ABSOLUTE
    ..\Drivers\STM32F1xx_HAL_Driver\Src\stm32f1xx_hal_spi.c 0x00000000   Number         0  stm32f1xx_hal_spi.o ABSOLUTE
    ..\Drivers\STM32F1xx_HAL_Driver\Src\stm32f1xx_hal_tim.c 0x00000000   Number         0  stm32f1xx_hal_tim.o ABSOLUTE
    ..\Drivers\STM32F1xx_HAL_Driver\Src\stm32f1xx_hal_tim_ex.c 0x00000000   Number         0  stm32f1xx_hal_tim_ex.o ABSOLUTE
    ..\Drivers\STM32F1xx_HAL_Driver\Src\stm32f1xx_hal_uart.c 0x00000000   Number         0  stm32f1xx_hal_uart.o ABSOLUTE
    ..\Src\WS2812B.c                         0x00000000   Number         0  ws2812b.o ABSOLUTE
    ..\Src\dma.c                             0x00000000   Number         0  dma.o ABSOLUTE
    ..\Src\gpio.c                            0x00000000   Number         0  gpio.o ABSOLUTE
    ..\Src\main.c                            0x00000000   Number         0  main.o ABSOLUTE
    ..\Src\spi.c                             0x00000000   Number         0  spi.o ABSOLUTE
    ..\Src\stm32f1xx_hal_msp.c               0x00000000   Number         0  stm32f1xx_hal_msp.o ABSOLUTE
    ..\Src\stm32f1xx_it.c                    0x00000000   Number         0  stm32f1xx_it.o ABSOLUTE
    ..\Src\system_stm32f1xx.c                0x00000000   Number         0  system_stm32f1xx.o ABSOLUTE
    ..\Src\tim.c                             0x00000000   Number         0  tim.o ABSOLUTE
    ..\Src\usart.c                           0x00000000   Number         0  usart.o ABSOLUTE
    ..\\Src\\WS2812B.c                       0x00000000   Number         0  ws2812b.o ABSOLUTE
    cdrcmple.s                               0x00000000   Number         0  cdrcmple.o ABSOLUTE
    cfcmple.s                                0x00000000   Number         0  cfcmple.o ABSOLUTE
    cfrcmple.s                               0x00000000   Number         0  cfrcmple.o ABSOLUTE
    dc.s                                     0x00000000   Number         0  dc.o ABSOLUTE
    handlers.s                               0x00000000   Number         0  handlers.o ABSOLUTE
    init.s                                   0x00000000   Number         0  init.o ABSOLUTE
    startup_stm32f103xe.s                    0x00000000   Number         0  startup_stm32f103xe.o ABSOLUTE
    user.c                                   0x00000000   Number         0  user.o ABSOLUTE
    user.c                                   0x00000000   Number         0  user.o ABSOLUTE
    RESET                                    0x08000000   Section      304  startup_stm32f103xe.o(RESET)
    .ARM.Collect$$$$00000000                 0x08000130   Section        0  entry.o(.ARM.Collect$$$$00000000)
    .ARM.Collect$$$$00000001                 0x08000130   Section        4  entry2.o(.ARM.Collect$$$$00000001)
    .ARM.Collect$$$$00000004                 0x08000134   Section        4  entry5.o(.ARM.Collect$$$$00000004)
    .ARM.Collect$$$$00000008                 0x08000138   Section        0  entry7b.o(.ARM.Collect$$$$00000008)
    .ARM.Collect$$$$0000000A                 0x08000138   Section        0  entry8b.o(.ARM.Collect$$$$0000000A)
    .ARM.Collect$$$$0000000B                 0x08000138   Section        8  entry9a.o(.ARM.Collect$$$$0000000B)
    .ARM.Collect$$$$0000000D                 0x08000140   Section        0  entry10a.o(.ARM.Collect$$$$0000000D)
    .ARM.Collect$$$$0000000F                 0x08000140   Section        0  entry11a.o(.ARM.Collect$$$$0000000F)
    .ARM.Collect$$$$00002712                 0x08000140   Section        4  entry2.o(.ARM.Collect$$$$00002712)
    __lit__00000000                          0x08000140   Data           4  entry2.o(.ARM.Collect$$$$00002712)
    .text                                    0x08000144   Section       36  startup_stm32f103xe.o(.text)
    .text                                    0x08000168   Section        0  llushr.o(.text)
    .text                                    0x08000188   Section        0  memseta.o(.text)
    .text                                    0x080001ac   Section        0  fadd.o(.text)
    .text                                    0x0800025c   Section        0  fmul.o(.text)
    .text                                    0x080002c0   Section        0  fdiv.o(.text)
    .text                                    0x0800033c   Section        0  ddiv.o(.text)
    .text                                    0x0800041a   Section        0  fflti.o(.text)
    .text                                    0x0800042c   Section        0  ffltui.o(.text)
    .text                                    0x08000436   Section        0  dfltui.o(.text)
    .text                                    0x08000450   Section        0  ffixi.o(.text)
    .text                                    0x08000482   Section        0  ffixui.o(.text)
    .text                                    0x080004aa   Section        0  d2f.o(.text)
    .text                                    0x080004e4   Section       20  cfcmple.o(.text)
    .text                                    0x080004f8   Section       20  cfrcmple.o(.text)
    .text                                    0x0800050c   Section        0  iusefp.o(.text)
    .text                                    0x0800050c   Section        0  fepilogue.o(.text)
    .text                                    0x0800057a   Section        0  depilogue.o(.text)
    .text                                    0x08000634   Section       36  init.o(.text)
    .text                                    0x08000658   Section        0  llshl.o(.text)
    .text                                    0x08000676   Section        0  __dczerorl2.o(.text)
    i.BusFault_Handler                       0x080006cc   Section        0  stm32f1xx_it.o(i.BusFault_Handler)
    i.DMA1_Channel4_IRQHandler               0x080006d0   Section        0  stm32f1xx_it.o(i.DMA1_Channel4_IRQHandler)
    i.DebugMon_Handler                       0x080006e0   Section        0  stm32f1xx_it.o(i.DebugMon_Handler)
    i.EXTI15_10_IRQHandler                   0x080006e2   Section        0  stm32f1xx_it.o(i.EXTI15_10_IRQHandler)
    i.EXTI1_IRQHandler                       0x080006ee   Section        0  stm32f1xx_it.o(i.EXTI1_IRQHandler)
    i.Error_Handler                          0x080006f8   Section        0  main.o(i.Error_Handler)
    i.HAL_DMA_Abort_IT                       0x080006fc   Section        0  stm32f1xx_hal_dma.o(i.HAL_DMA_Abort_IT)
    i.HAL_DMA_IRQHandler                     0x080008a4   Section        0  stm32f1xx_hal_dma.o(i.HAL_DMA_IRQHandler)
    i.HAL_DMA_Init                           0x08000c3c   Section        0  stm32f1xx_hal_dma.o(i.HAL_DMA_Init)
    i.HAL_Delay                              0x08000cc8   Section        0  stm32f1xx_hal.o(i.HAL_Delay)
    i.HAL_GPIO_EXTI_Callback                 0x08000cf0   Section        0  stm32f1xx_it.o(i.HAL_GPIO_EXTI_Callback)
    i.HAL_GPIO_EXTI_IRQHandler               0x08000d50   Section        0  stm32f1xx_hal_gpio.o(i.HAL_GPIO_EXTI_IRQHandler)
    i.HAL_GPIO_Init                          0x08000d6c   Section        0  stm32f1xx_hal_gpio.o(i.HAL_GPIO_Init)
    i.HAL_GPIO_ReadPin                       0x080010ac   Section        0  stm32f1xx_hal_gpio.o(i.HAL_GPIO_ReadPin)
    i.HAL_GPIO_TogglePin                     0x080010bc   Section        0  stm32f1xx_hal_gpio.o(i.HAL_GPIO_TogglePin)
    i.HAL_GPIO_WritePin                      0x080010ca   Section        0  stm32f1xx_hal_gpio.o(i.HAL_GPIO_WritePin)
    i.HAL_GetTick                            0x080010d8   Section        0  stm32f1xx_hal.o(i.HAL_GetTick)
    i.HAL_IncTick                            0x080010e4   Section        0  stm32f1xx_hal.o(i.HAL_IncTick)
    i.HAL_Init                               0x080010fc   Section        0  stm32f1xx_hal.o(i.HAL_Init)
    i.HAL_InitTick                           0x08001124   Section        0  stm32f1xx_hal.o(i.HAL_InitTick)
    i.HAL_MspInit                            0x08001170   Section        0  stm32f1xx_hal_msp.o(i.HAL_MspInit)
    i.HAL_NVIC_EnableIRQ                     0x080011c4   Section        0  stm32f1xx_hal_cortex.o(i.HAL_NVIC_EnableIRQ)
    i.HAL_NVIC_SetPriority                   0x080011e4   Section        0  stm32f1xx_hal_cortex.o(i.HAL_NVIC_SetPriority)
    i.HAL_NVIC_SetPriorityGrouping           0x08001260   Section        0  stm32f1xx_hal_cortex.o(i.HAL_NVIC_SetPriorityGrouping)
    i.HAL_RCC_ClockConfig                    0x08001288   Section        0  stm32f1xx_hal_rcc.o(i.HAL_RCC_ClockConfig)
    i.HAL_RCC_GetHCLKFreq                    0x08001414   Section        0  stm32f1xx_hal_rcc.o(i.HAL_RCC_GetHCLKFreq)
    i.HAL_RCC_GetPCLK1Freq                   0x08001420   Section        0  stm32f1xx_hal_rcc.o(i.HAL_RCC_GetPCLK1Freq)
    i.HAL_RCC_GetPCLK2Freq                   0x08001440   Section        0  stm32f1xx_hal_rcc.o(i.HAL_RCC_GetPCLK2Freq)
    i.HAL_RCC_GetSysClockFreq                0x08001460   Section        0  stm32f1xx_hal_rcc.o(i.HAL_RCC_GetSysClockFreq)
    i.HAL_RCC_OscConfig                      0x080014f4   Section        0  stm32f1xx_hal_rcc.o(i.HAL_RCC_OscConfig)
    i.HAL_SPI_Init                           0x08001958   Section        0  stm32f1xx_hal_spi.o(i.HAL_SPI_Init)
    i.HAL_SPI_MspInit                        0x080019e0   Section        0  spi.o(i.HAL_SPI_MspInit)
    i.HAL_SPI_Transmit                       0x08001a64   Section        0  stm32f1xx_hal_spi.o(i.HAL_SPI_Transmit)
    i.HAL_SYSTICK_Config                     0x08001c06   Section        0  stm32f1xx_hal_cortex.o(i.HAL_SYSTICK_Config)
    i.HAL_TIMEx_ConfigBreakDeadTime          0x08001c3a   Section        0  stm32f1xx_hal_tim_ex.o(i.HAL_TIMEx_ConfigBreakDeadTime)
    i.HAL_TIMEx_MasterConfigSynchronization  0x08001cae   Section        0  stm32f1xx_hal_tim_ex.o(i.HAL_TIMEx_MasterConfigSynchronization)
    i.HAL_TIM_MspPostInit                    0x08001d04   Section        0  tim.o(i.HAL_TIM_MspPostInit)
    i.HAL_TIM_PWM_ConfigChannel              0x08001d5c   Section        0  stm32f1xx_hal_tim.o(i.HAL_TIM_PWM_ConfigChannel)
    i.HAL_TIM_PWM_Init                       0x08001e64   Section        0  stm32f1xx_hal_tim.o(i.HAL_TIM_PWM_Init)
    i.HAL_TIM_PWM_MspInit                    0x08001e98   Section        0  tim.o(i.HAL_TIM_PWM_MspInit)
    i.HAL_UART_ErrorCallback                 0x08001f20   Section        0  stm32f1xx_hal_uart.o(i.HAL_UART_ErrorCallback)
    i.HAL_UART_IRQHandler                    0x08001f24   Section        0  stm32f1xx_hal_uart.o(i.HAL_UART_IRQHandler)
    i.HAL_UART_Init                          0x08002070   Section        0  stm32f1xx_hal_uart.o(i.HAL_UART_Init)
    i.HAL_UART_MspInit                       0x080020e4   Section        0  usart.o(i.HAL_UART_MspInit)
    i.HAL_UART_Receive_IT                    0x0800217c   Section        0  stm32f1xx_hal_uart.o(i.HAL_UART_Receive_IT)
    i.HAL_UART_RxCpltCallback                0x080021ec   Section        0  stm32f1xx_it.o(i.HAL_UART_RxCpltCallback)
    i.HAL_UART_Transmit                      0x080021ee   Section        0  stm32f1xx_hal_uart.o(i.HAL_UART_Transmit)
    i.HAL_UART_TxCpltCallback                0x080022c4   Section        0  stm32f1xx_hal_uart.o(i.HAL_UART_TxCpltCallback)
    i.HardFault_Handler                      0x080022c6   Section        0  stm32f1xx_it.o(i.HardFault_Handler)
    i.MX_DMA_Init                            0x080022cc   Section        0  dma.o(i.MX_DMA_Init)
    i.MX_GPIO_Init                           0x08002300   Section        0  gpio.o(i.MX_GPIO_Init)
    i.MX_SPI3_Init                           0x080023b0   Section        0  spi.o(i.MX_SPI3_Init)
    i.MX_TIM1_Init                           0x080023fc   Section        0  tim.o(i.MX_TIM1_Init)
    i.MX_USART1_UART_Init                    0x080024a8   Section        0  usart.o(i.MX_USART1_UART_Init)
    i.MemManage_Handler                      0x080024e0   Section        0  stm32f1xx_it.o(i.MemManage_Handler)
    i.NMI_Handler                            0x080024e4   Section        0  stm32f1xx_it.o(i.NMI_Handler)
    i.PendSV_Handler                         0x080024e6   Section        0  stm32f1xx_it.o(i.PendSV_Handler)
    i.RCC_Delay                              0x080024e8   Section        0  stm32f1xx_hal_rcc.o(i.RCC_Delay)
    RCC_Delay                                0x080024e9   Thumb Code    36  stm32f1xx_hal_rcc.o(i.RCC_Delay)
    i.SPI_EndRxTxTransaction                 0x08002510   Section        0  stm32f1xx_hal_spi.o(i.SPI_EndRxTxTransaction)
    SPI_EndRxTxTransaction                   0x08002511   Thumb Code    40  stm32f1xx_hal_spi.o(i.SPI_EndRxTxTransaction)
    i.SPI_WaitFlagStateUntilTimeout          0x08002538   Section        0  stm32f1xx_hal_spi.o(i.SPI_WaitFlagStateUntilTimeout)
    SPI_WaitFlagStateUntilTimeout            0x08002539   Thumb Code   168  stm32f1xx_hal_spi.o(i.SPI_WaitFlagStateUntilTimeout)
    i.SVC_Handler                            0x080025e0   Section        0  stm32f1xx_it.o(i.SVC_Handler)
    i.SysTick_Handler                        0x080025e2   Section        0  stm32f1xx_it.o(i.SysTick_Handler)
    i.SystemClock_Config                     0x080025ea   Section        0  main.o(i.SystemClock_Config)
    i.SystemInit                             0x08002650   Section        0  system_stm32f1xx.o(i.SystemInit)
    i.TIM_Base_SetConfig                     0x080026a8   Section        0  stm32f1xx_hal_tim.o(i.TIM_Base_SetConfig)
    i.TIM_OC1_SetConfig                      0x08002744   Section        0  stm32f1xx_hal_tim.o(i.TIM_OC1_SetConfig)
    TIM_OC1_SetConfig                        0x08002745   Thumb Code   104  stm32f1xx_hal_tim.o(i.TIM_OC1_SetConfig)
    i.TIM_OC2_SetConfig                      0x080027b4   Section        0  stm32f1xx_hal_tim.o(i.TIM_OC2_SetConfig)
    i.TIM_OC3_SetConfig                      0x08002830   Section        0  stm32f1xx_hal_tim.o(i.TIM_OC3_SetConfig)
    TIM_OC3_SetConfig                        0x08002831   Thumb Code   112  stm32f1xx_hal_tim.o(i.TIM_OC3_SetConfig)
    i.TIM_OC4_SetConfig                      0x080028a8   Section        0  stm32f1xx_hal_tim.o(i.TIM_OC4_SetConfig)
    TIM_OC4_SetConfig                        0x080028a9   Thumb Code    74  stm32f1xx_hal_tim.o(i.TIM_OC4_SetConfig)
    i.UART_DMAAbortOnError                   0x080028fc   Section        0  stm32f1xx_hal_uart.o(i.UART_DMAAbortOnError)
    UART_DMAAbortOnError                     0x080028fd   Thumb Code    20  stm32f1xx_hal_uart.o(i.UART_DMAAbortOnError)
    i.UART_EndRxTransfer                     0x08002910   Section        0  stm32f1xx_hal_uart.o(i.UART_EndRxTransfer)
    UART_EndRxTransfer                       0x08002911   Thumb Code    32  stm32f1xx_hal_uart.o(i.UART_EndRxTransfer)
    i.UART_EndTransmit_IT                    0x08002930   Section        0  stm32f1xx_hal_uart.o(i.UART_EndTransmit_IT)
    UART_EndTransmit_IT                      0x08002931   Thumb Code    32  stm32f1xx_hal_uart.o(i.UART_EndTransmit_IT)
    i.UART_Receive_IT                        0x08002950   Section        0  stm32f1xx_hal_uart.o(i.UART_Receive_IT)
    UART_Receive_IT                          0x08002951   Thumb Code   166  stm32f1xx_hal_uart.o(i.UART_Receive_IT)
    i.UART_SetConfig                         0x080029f8   Section        0  stm32f1xx_hal_uart.o(i.UART_SetConfig)
    UART_SetConfig                           0x080029f9   Thumb Code   412  stm32f1xx_hal_uart.o(i.UART_SetConfig)
    i.UART_Transmit_IT                       0x08002b98   Section        0  stm32f1xx_hal_uart.o(i.UART_Transmit_IT)
    UART_Transmit_IT                         0x08002b99   Thumb Code   104  stm32f1xx_hal_uart.o(i.UART_Transmit_IT)
    i.UART_WaitOnFlagUntilTimeout            0x08002c00   Section        0  stm32f1xx_hal_uart.o(i.UART_WaitOnFlagUntilTimeout)
    UART_WaitOnFlagUntilTimeout              0x08002c01   Thumb Code   108  stm32f1xx_hal_uart.o(i.UART_WaitOnFlagUntilTimeout)
    i.USART1_IRQHandler                      0x08002c6c   Section        0  stm32f1xx_it.o(i.USART1_IRQHandler)
    i.UsageFault_Handler                     0x08002d20   Section        0  stm32f1xx_it.o(i.UsageFault_Handler)
    i.WS2812_Breathing_light                 0x08002d24   Section        0  ws2812b.o(i.WS2812_Breathing_light)
    i.WS2812_Colorful_Jump_light             0x08002dc4   Section        0  ws2812b.o(i.WS2812_Colorful_Jump_light)
    i.WS2812_Colourful_Waterfall_light       0x08002f30   Section        0  ws2812b.o(i.WS2812_Colourful_Waterfall_light)
    i.WS2812_Display_Chinese_Characters      0x08003124   Section        0  ws2812b.o(i.WS2812_Display_Chinese_Characters)
    i.WS2812_Init                            0x08003548   Section        0  ws2812b.o(i.WS2812_Init)
    i.WS2812_Multistage_Waterfall_light      0x0800355c   Section        0  ws2812b.o(i.WS2812_Multistage_Waterfall_light)
    i.WS2812_RGB_GradualChange_Waterfall     0x080037ac   Section        0  ws2812b.o(i.WS2812_RGB_GradualChange_Waterfall)
    i.WS2812_Rainbow_Flow                    0x08003950   Section        0  ws2812b.o(i.WS2812_Rainbow_Flow)
    i.WS2812_Waterfall_light                 0x08003a24   Section        0  ws2812b.o(i.WS2812_Waterfall_light)
    i.WS2812_send                            0x08003ba0   Section        0  ws2812b.o(i.WS2812_send)
    i.WS281x_Show                            0x08003c60   Section        0  ws2812b.o(i.WS281x_Show)
    WS281x_Show                              0x08003c61   Thumb Code    22  ws2812b.o(i.WS281x_Show)
    i.__0printf$bare                         0x08003c80   Section        0  printfb.o(i.__0printf$bare)
    i.__NVIC_GetPriorityGrouping             0x08003c90   Section        0  stm32f1xx_hal_cortex.o(i.__NVIC_GetPriorityGrouping)
    __NVIC_GetPriorityGrouping               0x08003c91   Thumb Code    10  stm32f1xx_hal_cortex.o(i.__NVIC_GetPriorityGrouping)
    i.__NVIC_SetPriority                     0x08003ca0   Section        0  stm32f1xx_hal_cortex.o(i.__NVIC_SetPriority)
    __NVIC_SetPriority                       0x08003ca1   Thumb Code    32  stm32f1xx_hal_cortex.o(i.__NVIC_SetPriority)
    i.__scatterload_copy                     0x08003cc8   Section       14  handlers.o(i.__scatterload_copy)
    i.__scatterload_null                     0x08003cd6   Section        2  handlers.o(i.__scatterload_null)
    i.__scatterload_zeroinit                 0x08003cd8   Section       14  handlers.o(i.__scatterload_zeroinit)
    i._printf_core                           0x08003ce6   Section        0  printfb.o(i._printf_core)
    _printf_core                             0x08003ce7   Thumb Code    34  printfb.o(i._printf_core)
    i.fputc                                  0x08003d08   Section        0  usart.o(i.fputc)
    i.hsv2rgb                                0x08003d24   Section        0  ws2812b.o(i.hsv2rgb)
    hsv2rgb                                  0x08003d25   Thumb Code   470  ws2812b.o(i.hsv2rgb)
    i.main                                   0x08003f04   Section        0  main.o(i.main)
    i.malloc                                 0x08003f3c   Section        0  malloc.o(i.malloc)
    i.max                                    0x08003fa8   Section        0  ws2812b.o(i.max)
    max                                      0x08003fa9   Thumb Code    48  ws2812b.o(i.max)
    i.min                                    0x08003fd8   Section        0  ws2812b.o(i.min)
    min                                      0x08003fd9   Thumb Code    48  ws2812b.o(i.min)
    i.rgb2hsv                                0x08004008   Section        0  ws2812b.o(i.rgb2hsv)
    rgb2hsv                                  0x08004009   Thumb Code   332  ws2812b.o(i.rgb2hsv)
    i.user_init                              0x08004160   Section        0  user.o(i.user_init)
    i.user_main                              0x080041a0   Section        0  user.o(i.user_main)
    .constdata                               0x0800420c   Section      462  ws2812b.o(.constdata)
    .constdata                               0x080043da   Section       24  system_stm32f1xx.o(.constdata)
    .data                                    0x20000000   Section      447  ws2812b.o(.data)
    words                                    0x20000004   Data         400  ws2812b.o(.data)
    head                                     0x20000194   Data           4  ws2812b.o(.data)
    tail                                     0x20000198   Data           4  ws2812b.o(.data)
    count                                    0x2000019c   Data           4  ws2812b.o(.data)
    count                                    0x200001a0   Data           4  ws2812b.o(.data)
    memaddr                                  0x200001a4   Data           4  ws2812b.o(.data)
    color_index                              0x200001a8   Data           4  ws2812b.o(.data)
    count                                    0x200001ac   Data           1  ws2812b.o(.data)
    i                                        0x200001b0   Data           4  ws2812b.o(.data)
    rgb                                      0x200001b4   Data           3  ws2812b.o(.data)
    step                                     0x200001b7   Data           1  ws2812b.o(.data)
    r                                        0x200001b8   Data           2  ws2812b.o(.data)
    g                                        0x200001ba   Data           2  ws2812b.o(.data)
    b                                        0x200001bc   Data           2  ws2812b.o(.data)
    mode_bak                                 0x200001be   Data           1  ws2812b.o(.data)
    .data                                    0x200001c0   Section       12  stm32f1xx_it.o(.data)
    .data                                    0x200001cc   Section       68  user.o(.data)
    .data                                    0x20000210   Section        9  stm32f1xx_hal.o(.data)
    .data                                    0x2000021c   Section        4  system_stm32f1xx.o(.data)
    .data                                    0x20000220   Section        4  stdout.o(.data)
    .data                                    0x20000224   Section        4  mvars.o(.data)
    .data                                    0x20000228   Section        4  mvars.o(.data)
    .bss                                     0x2000022c   Section       88  spi.o(.bss)
    .bss                                     0x20000284   Section      132  tim.o(.bss)
    .bss                                     0x20000308   Section       64  usart.o(.bss)
    .bss                                     0x20000348   Section       10  stm32f1xx_it.o(.bss)
    HEAP                                     0x20000358   Section    13568  startup_stm32f103xe.o(HEAP)
    STACK                                    0x20003858   Section     1024  startup_stm32f103xe.o(STACK)

    Global Symbols

    Symbol Name                              Value     Ov Type        Size  Object(Section)

    BuildAttributes$$THM_ISAv4$P$D$K$B$S$PE$A:L22UL41UL21$X:L11$S22US41US21$IEEE1$IW$USESV6$~STKCKD$USESV7$~SHL$OTIME$ROPI$EBA8$MICROLIB$REQ8$PRES8$EABIv2 0x00000000   Number         0  anon$$obj.o ABSOLUTE
    __ARM_use_no_argv                        0x00000000   Number         0  main.o ABSOLUTE
    __cpp_initialize__aeabi_                  - Undefined Weak Reference
    __cxa_finalize                            - Undefined Weak Reference
    _clock_init                               - Undefined Weak Reference
    _microlib_exit                            - Undefined Weak Reference
    __Vectors_Size                           0x00000130   Number         0  startup_stm32f103xe.o ABSOLUTE
    __Vectors                                0x08000000   Data           4  startup_stm32f103xe.o(RESET)
    __Vectors_End                            0x08000130   Data           0  startup_stm32f103xe.o(RESET)
    __main                                   0x08000131   Thumb Code     0  entry.o(.ARM.Collect$$$$00000000)
    _main_stk                                0x08000131   Thumb Code     0  entry2.o(.ARM.Collect$$$$00000001)
    _main_scatterload                        0x08000135   Thumb Code     0  entry5.o(.ARM.Collect$$$$00000004)
    __main_after_scatterload                 0x08000139   Thumb Code     0  entry5.o(.ARM.Collect$$$$00000004)
    _main_clock                              0x08000139   Thumb Code     0  entry7b.o(.ARM.Collect$$$$00000008)
    _main_cpp_init                           0x08000139   Thumb Code     0  entry8b.o(.ARM.Collect$$$$0000000A)
    _main_init                               0x08000139   Thumb Code     0  entry9a.o(.ARM.Collect$$$$0000000B)
    __rt_final_cpp                           0x08000141   Thumb Code     0  entry10a.o(.ARM.Collect$$$$0000000D)
    __rt_final_exit                          0x08000141   Thumb Code     0  entry11a.o(.ARM.Collect$$$$0000000F)
    Reset_Handler                            0x08000145   Thumb Code     8  startup_stm32f103xe.o(.text)
    ADC1_2_IRQHandler                        0x0800015f   Thumb Code     0  startup_stm32f103xe.o(.text)
    ADC3_IRQHandler                          0x0800015f   Thumb Code     0  startup_stm32f103xe.o(.text)
    CAN1_RX1_IRQHandler                      0x0800015f   Thumb Code     0  startup_stm32f103xe.o(.text)
    CAN1_SCE_IRQHandler                      0x0800015f   Thumb Code     0  startup_stm32f103xe.o(.text)
    DMA1_Channel1_IRQHandler                 0x0800015f   Thumb Code     0  startup_stm32f103xe.o(.text)
    DMA1_Channel2_IRQHandler                 0x0800015f   Thumb Code     0  startup_stm32f103xe.o(.text)
    DMA1_Channel3_IRQHandler                 0x0800015f   Thumb Code     0  startup_stm32f103xe.o(.text)
    DMA1_Channel5_IRQHandler                 0x0800015f   Thumb Code     0  startup_stm32f103xe.o(.text)
    DMA1_Channel6_IRQHandler                 0x0800015f   Thumb Code     0  startup_stm32f103xe.o(.text)
    DMA1_Channel7_IRQHandler                 0x0800015f   Thumb Code     0  startup_stm32f103xe.o(.text)
    DMA2_Channel1_IRQHandler                 0x0800015f   Thumb Code     0  startup_stm32f103xe.o(.text)
    DMA2_Channel2_IRQHandler                 0x0800015f   Thumb Code     0  startup_stm32f103xe.o(.text)
    DMA2_Channel3_IRQHandler                 0x0800015f   Thumb Code     0  startup_stm32f103xe.o(.text)
    DMA2_Channel4_5_IRQHandler               0x0800015f   Thumb Code     0  startup_stm32f103xe.o(.text)
    EXTI0_IRQHandler                         0x0800015f   Thumb Code     0  startup_stm32f103xe.o(.text)
    EXTI2_IRQHandler                         0x0800015f   Thumb Code     0  startup_stm32f103xe.o(.text)
    EXTI3_IRQHandler                         0x0800015f   Thumb Code     0  startup_stm32f103xe.o(.text)
    EXTI4_IRQHandler                         0x0800015f   Thumb Code     0  startup_stm32f103xe.o(.text)
    EXTI9_5_IRQHandler                       0x0800015f   Thumb Code     0  startup_stm32f103xe.o(.text)
    FLASH_IRQHandler                         0x0800015f   Thumb Code     0  startup_stm32f103xe.o(.text)
    FSMC_IRQHandler                          0x0800015f   Thumb Code     0  startup_stm32f103xe.o(.text)
    I2C1_ER_IRQHandler                       0x0800015f   Thumb Code     0  startup_stm32f103xe.o(.text)
    I2C1_EV_IRQHandler                       0x0800015f   Thumb Code     0  startup_stm32f103xe.o(.text)
    I2C2_ER_IRQHandler                       0x0800015f   Thumb Code     0  startup_stm32f103xe.o(.text)
    I2C2_EV_IRQHandler                       0x0800015f   Thumb Code     0  startup_stm32f103xe.o(.text)
    PVD_IRQHandler                           0x0800015f   Thumb Code     0  startup_stm32f103xe.o(.text)
    RCC_IRQHandler                           0x0800015f   Thumb Code     0  startup_stm32f103xe.o(.text)
    RTC_Alarm_IRQHandler                     0x0800015f   Thumb Code     0  startup_stm32f103xe.o(.text)
    RTC_IRQHandler                           0x0800015f   Thumb Code     0  startup_stm32f103xe.o(.text)
    SDIO_IRQHandler                          0x0800015f   Thumb Code     0  startup_stm32f103xe.o(.text)
    SPI1_IRQHandler                          0x0800015f   Thumb Code     0  startup_stm32f103xe.o(.text)
    SPI2_IRQHandler                          0x0800015f   Thumb Code     0  startup_stm32f103xe.o(.text)
    SPI3_IRQHandler                          0x0800015f   Thumb Code     0  startup_stm32f103xe.o(.text)
    TAMPER_IRQHandler                        0x0800015f   Thumb Code     0  startup_stm32f103xe.o(.text)
    TIM1_BRK_IRQHandler                      0x0800015f   Thumb Code     0  startup_stm32f103xe.o(.text)
    TIM1_CC_IRQHandler                       0x0800015f   Thumb Code     0  startup_stm32f103xe.o(.text)
    TIM1_TRG_COM_IRQHandler                  0x0800015f   Thumb Code     0  startup_stm32f103xe.o(.text)
    TIM1_UP_IRQHandler                       0x0800015f   Thumb Code     0  startup_stm32f103xe.o(.text)
    TIM2_IRQHandler                          0x0800015f   Thumb Code     0  startup_stm32f103xe.o(.text)
    TIM3_IRQHandler                          0x0800015f   Thumb Code     0  startup_stm32f103xe.o(.text)
    TIM4_IRQHandler                          0x0800015f   Thumb Code     0  startup_stm32f103xe.o(.text)
    TIM5_IRQHandler                          0x0800015f   Thumb Code     0  startup_stm32f103xe.o(.text)
    TIM6_IRQHandler                          0x0800015f   Thumb Code     0  startup_stm32f103xe.o(.text)
    TIM7_IRQHandler                          0x0800015f   Thumb Code     0  startup_stm32f103xe.o(.text)
    TIM8_BRK_IRQHandler                      0x0800015f   Thumb Code     0  startup_stm32f103xe.o(.text)
    TIM8_CC_IRQHandler                       0x0800015f   Thumb Code     0  startup_stm32f103xe.o(.text)
    TIM8_TRG_COM_IRQHandler                  0x0800015f   Thumb Code     0  startup_stm32f103xe.o(.text)
    TIM8_UP_IRQHandler                       0x0800015f   Thumb Code     0  startup_stm32f103xe.o(.text)
    UART4_IRQHandler                         0x0800015f   Thumb Code     0  startup_stm32f103xe.o(.text)
    UART5_IRQHandler                         0x0800015f   Thumb Code     0  startup_stm32f103xe.o(.text)
    USART2_IRQHandler                        0x0800015f   Thumb Code     0  startup_stm32f103xe.o(.text)
    USART3_IRQHandler                        0x0800015f   Thumb Code     0  startup_stm32f103xe.o(.text)
    USBWakeUp_IRQHandler                     0x0800015f   Thumb Code     0  startup_stm32f103xe.o(.text)
    USB_HP_CAN1_TX_IRQHandler                0x0800015f   Thumb Code     0  startup_stm32f103xe.o(.text)
    USB_LP_CAN1_RX0_IRQHandler               0x0800015f   Thumb Code     0  startup_stm32f103xe.o(.text)
    WWDG_IRQHandler                          0x0800015f   Thumb Code     0  startup_stm32f103xe.o(.text)
    __aeabi_llsr                             0x08000169   Thumb Code    32  llushr.o(.text)
    _ll_ushift_r                             0x08000169   Thumb Code     0  llushr.o(.text)
    __aeabi_memset                           0x08000189   Thumb Code    14  memseta.o(.text)
    __aeabi_memset4                          0x08000189   Thumb Code     0  memseta.o(.text)
    __aeabi_memset8                          0x08000189   Thumb Code     0  memseta.o(.text)
    __aeabi_memclr                           0x08000197   Thumb Code     4  memseta.o(.text)
    __aeabi_memclr4                          0x08000197   Thumb Code     0  memseta.o(.text)
    __aeabi_memclr8                          0x08000197   Thumb Code     0  memseta.o(.text)
    _memset$wrapper                          0x0800019b   Thumb Code    18  memseta.o(.text)
    __aeabi_fadd                             0x080001ad   Thumb Code   164  fadd.o(.text)
    __aeabi_fsub                             0x08000251   Thumb Code     6  fadd.o(.text)
    __aeabi_frsub                            0x08000257   Thumb Code     6  fadd.o(.text)
    __aeabi_fmul                             0x0800025d   Thumb Code   100  fmul.o(.text)
    __aeabi_fdiv                             0x080002c1   Thumb Code   124  fdiv.o(.text)
    __aeabi_ddiv                             0x0800033d   Thumb Code   222  ddiv.o(.text)
    __aeabi_i2f                              0x0800041b   Thumb Code    18  fflti.o(.text)
    __aeabi_ui2f                             0x0800042d   Thumb Code    10  ffltui.o(.text)
    __aeabi_ui2d                             0x08000437   Thumb Code    26  dfltui.o(.text)
    __aeabi_f2iz                             0x08000451   Thumb Code    50  ffixi.o(.text)
    __aeabi_f2uiz                            0x08000483   Thumb Code    40  ffixui.o(.text)
    __aeabi_d2f                              0x080004ab   Thumb Code    56  d2f.o(.text)
    __aeabi_cfcmpeq                          0x080004e5   Thumb Code     0  cfcmple.o(.text)
    __aeabi_cfcmple                          0x080004e5   Thumb Code    20  cfcmple.o(.text)
    __aeabi_cfrcmple                         0x080004f9   Thumb Code    20  cfrcmple.o(.text)
    __I$use$fp                               0x0800050d   Thumb Code     0  iusefp.o(.text)
    _float_round                             0x0800050d   Thumb Code    18  fepilogue.o(.text)
    _float_epilogue                          0x0800051f   Thumb Code    92  fepilogue.o(.text)
    _double_round                            0x0800057b   Thumb Code    30  depilogue.o(.text)
    _double_epilogue                         0x08000599   Thumb Code   156  depilogue.o(.text)
    __scatterload                            0x08000635   Thumb Code    28  init.o(.text)
    __scatterload_rt2                        0x08000635   Thumb Code     0  init.o(.text)
    __aeabi_llsl                             0x08000659   Thumb Code    30  llshl.o(.text)
    _ll_shift_l                              0x08000659   Thumb Code     0  llshl.o(.text)
    __decompress                             0x08000677   Thumb Code     0  __dczerorl2.o(.text)
    __decompress1                            0x08000677   Thumb Code    86  __dczerorl2.o(.text)
    BusFault_Handler                         0x080006cd   Thumb Code     4  stm32f1xx_it.o(i.BusFault_Handler)
    DMA1_Channel4_IRQHandler                 0x080006d1   Thumb Code    10  stm32f1xx_it.o(i.DMA1_Channel4_IRQHandler)
    DebugMon_Handler                         0x080006e1   Thumb Code     2  stm32f1xx_it.o(i.DebugMon_Handler)
    EXTI15_10_IRQHandler                     0x080006e3   Thumb Code    12  stm32f1xx_it.o(i.EXTI15_10_IRQHandler)
    EXTI1_IRQHandler                         0x080006ef   Thumb Code    10  stm32f1xx_it.o(i.EXTI1_IRQHandler)
    Error_Handler                            0x080006f9   Thumb Code     2  main.o(i.Error_Handler)
    HAL_DMA_Abort_IT                         0x080006fd   Thumb Code   414  stm32f1xx_hal_dma.o(i.HAL_DMA_Abort_IT)
    HAL_DMA_IRQHandler                       0x080008a5   Thumb Code   910  stm32f1xx_hal_dma.o(i.HAL_DMA_IRQHandler)
    HAL_DMA_Init                             0x08000c3d   Thumb Code   132  stm32f1xx_hal_dma.o(i.HAL_DMA_Init)
    HAL_Delay                                0x08000cc9   Thumb Code    36  stm32f1xx_hal.o(i.HAL_Delay)
    HAL_GPIO_EXTI_Callback                   0x08000cf1   Thumb Code    84  stm32f1xx_it.o(i.HAL_GPIO_EXTI_Callback)
    HAL_GPIO_EXTI_IRQHandler                 0x08000d51   Thumb Code    24  stm32f1xx_hal_gpio.o(i.HAL_GPIO_EXTI_IRQHandler)
    HAL_GPIO_Init                            0x08000d6d   Thumb Code   792  stm32f1xx_hal_gpio.o(i.HAL_GPIO_Init)
    HAL_GPIO_ReadPin                         0x080010ad   Thumb Code    16  stm32f1xx_hal_gpio.o(i.HAL_GPIO_ReadPin)
    HAL_GPIO_TogglePin                       0x080010bd   Thumb Code    14  stm32f1xx_hal_gpio.o(i.HAL_GPIO_TogglePin)
    HAL_GPIO_WritePin                        0x080010cb   Thumb Code    12  stm32f1xx_hal_gpio.o(i.HAL_GPIO_WritePin)
    HAL_GetTick                              0x080010d9   Thumb Code     6  stm32f1xx_hal.o(i.HAL_GetTick)
    HAL_IncTick                              0x080010e5   Thumb Code    16  stm32f1xx_hal.o(i.HAL_IncTick)
    HAL_Init                                 0x080010fd   Thumb Code    34  stm32f1xx_hal.o(i.HAL_Init)
    HAL_InitTick                             0x08001125   Thumb Code    64  stm32f1xx_hal.o(i.HAL_InitTick)
    HAL_MspInit                              0x08001171   Thumb Code    76  stm32f1xx_hal_msp.o(i.HAL_MspInit)
    HAL_NVIC_EnableIRQ                       0x080011c5   Thumb Code    32  stm32f1xx_hal_cortex.o(i.HAL_NVIC_EnableIRQ)
    HAL_NVIC_SetPriority                     0x080011e5   Thumb Code   124  stm32f1xx_hal_cortex.o(i.HAL_NVIC_SetPriority)
    HAL_NVIC_SetPriorityGrouping             0x08001261   Thumb Code    32  stm32f1xx_hal_cortex.o(i.HAL_NVIC_SetPriorityGrouping)
    HAL_RCC_ClockConfig                      0x08001289   Thumb Code   376  stm32f1xx_hal_rcc.o(i.HAL_RCC_ClockConfig)
    HAL_RCC_GetHCLKFreq                      0x08001415   Thumb Code     6  stm32f1xx_hal_rcc.o(i.HAL_RCC_GetHCLKFreq)
    HAL_RCC_GetPCLK1Freq                     0x08001421   Thumb Code    22  stm32f1xx_hal_rcc.o(i.HAL_RCC_GetPCLK1Freq)
    HAL_RCC_GetPCLK2Freq                     0x08001441   Thumb Code    22  stm32f1xx_hal_rcc.o(i.HAL_RCC_GetPCLK2Freq)
    HAL_RCC_GetSysClockFreq                  0x08001461   Thumb Code   116  stm32f1xx_hal_rcc.o(i.HAL_RCC_GetSysClockFreq)
    HAL_RCC_OscConfig                        0x080014f5   Thumb Code  1114  stm32f1xx_hal_rcc.o(i.HAL_RCC_OscConfig)
    HAL_SPI_Init                             0x08001959   Thumb Code   136  stm32f1xx_hal_spi.o(i.HAL_SPI_Init)
    HAL_SPI_MspInit                          0x080019e1   Thumb Code   120  spi.o(i.HAL_SPI_MspInit)
    HAL_SPI_Transmit                         0x08001a65   Thumb Code   418  stm32f1xx_hal_spi.o(i.HAL_SPI_Transmit)
    HAL_SYSTICK_Config                       0x08001c07   Thumb Code    52  stm32f1xx_hal_cortex.o(i.HAL_SYSTICK_Config)
    HAL_TIMEx_ConfigBreakDeadTime            0x08001c3b   Thumb Code   116  stm32f1xx_hal_tim_ex.o(i.HAL_TIMEx_ConfigBreakDeadTime)
    HAL_TIMEx_MasterConfigSynchronization    0x08001caf   Thumb Code    84  stm32f1xx_hal_tim_ex.o(i.HAL_TIMEx_MasterConfigSynchronization)
    HAL_TIM_MspPostInit                      0x08001d05   Thumb Code    74  tim.o(i.HAL_TIM_MspPostInit)
    HAL_TIM_PWM_ConfigChannel                0x08001d5d   Thumb Code   264  stm32f1xx_hal_tim.o(i.HAL_TIM_PWM_ConfigChannel)
    HAL_TIM_PWM_Init                         0x08001e65   Thumb Code    52  stm32f1xx_hal_tim.o(i.HAL_TIM_PWM_Init)
    HAL_TIM_PWM_MspInit                      0x08001e99   Thumb Code   118  tim.o(i.HAL_TIM_PWM_MspInit)
    HAL_UART_ErrorCallback                   0x08001f21   Thumb Code     2  stm32f1xx_hal_uart.o(i.HAL_UART_ErrorCallback)
    HAL_UART_IRQHandler                      0x08001f25   Thumb Code   326  stm32f1xx_hal_uart.o(i.HAL_UART_IRQHandler)
    HAL_UART_Init                            0x08002071   Thumb Code   114  stm32f1xx_hal_uart.o(i.HAL_UART_Init)
    HAL_UART_MspInit                         0x080020e5   Thumb Code   138  usart.o(i.HAL_UART_MspInit)
    HAL_UART_Receive_IT                      0x0800217d   Thumb Code   112  stm32f1xx_hal_uart.o(i.HAL_UART_Receive_IT)
    HAL_UART_RxCpltCallback                  0x080021ed   Thumb Code     2  stm32f1xx_it.o(i.HAL_UART_RxCpltCallback)
    HAL_UART_Transmit                        0x080021ef   Thumb Code   214  stm32f1xx_hal_uart.o(i.HAL_UART_Transmit)
    HAL_UART_TxCpltCallback                  0x080022c5   Thumb Code     2  stm32f1xx_hal_uart.o(i.HAL_UART_TxCpltCallback)
    HardFault_Handler                        0x080022c7   Thumb Code     4  stm32f1xx_it.o(i.HardFault_Handler)
    MX_DMA_Init                              0x080022cd   Thumb Code    48  dma.o(i.MX_DMA_Init)
    MX_GPIO_Init                             0x08002301   Thumb Code   164  gpio.o(i.MX_GPIO_Init)
    MX_SPI3_Init                             0x080023b1   Thumb Code    66  spi.o(i.MX_SPI3_Init)
    MX_TIM1_Init                             0x080023fd   Thumb Code   164  tim.o(i.MX_TIM1_Init)
    MX_USART1_UART_Init                      0x080024a9   Thumb Code    46  usart.o(i.MX_USART1_UART_Init)
    MemManage_Handler                        0x080024e1   Thumb Code     4  stm32f1xx_it.o(i.MemManage_Handler)
    NMI_Handler                              0x080024e5   Thumb Code     2  stm32f1xx_it.o(i.NMI_Handler)
    PendSV_Handler                           0x080024e7   Thumb Code     2  stm32f1xx_it.o(i.PendSV_Handler)
    SVC_Handler                              0x080025e1   Thumb Code     2  stm32f1xx_it.o(i.SVC_Handler)
    SysTick_Handler                          0x080025e3   Thumb Code     8  stm32f1xx_it.o(i.SysTick_Handler)
    SystemClock_Config                       0x080025eb   Thumb Code   102  main.o(i.SystemClock_Config)
    SystemInit                               0x08002651   Thumb Code    70  system_stm32f1xx.o(i.SystemInit)
    TIM_Base_SetConfig                       0x080026a9   Thumb Code   134  stm32f1xx_hal_tim.o(i.TIM_Base_SetConfig)
    TIM_OC2_SetConfig                        0x080027b5   Thumb Code   114  stm32f1xx_hal_tim.o(i.TIM_OC2_SetConfig)
    USART1_IRQHandler                        0x08002c6d   Thumb Code   146  stm32f1xx_it.o(i.USART1_IRQHandler)
    UsageFault_Handler                       0x08002d21   Thumb Code     4  stm32f1xx_it.o(i.UsageFault_Handler)
    WS2812_Breathing_light                   0x08002d25   Thumb Code   148  ws2812b.o(i.WS2812_Breathing_light)
    WS2812_Colorful_Jump_light               0x08002dc5   Thumb Code   352  ws2812b.o(i.WS2812_Colorful_Jump_light)
    WS2812_Colourful_Waterfall_light         0x08002f31   Thumb Code   490  ws2812b.o(i.WS2812_Colourful_Waterfall_light)
    WS2812_Display_Chinese_Characters        0x08003125   Thumb Code  1058  ws2812b.o(i.WS2812_Display_Chinese_Characters)
    WS2812_Init                              0x08003549   Thumb Code    16  ws2812b.o(i.WS2812_Init)
    WS2812_Multistage_Waterfall_light        0x0800355d   Thumb Code   582  ws2812b.o(i.WS2812_Multistage_Waterfall_light)
    WS2812_RGB_GradualChange_Waterfall       0x080037ad   Thumb Code   398  ws2812b.o(i.WS2812_RGB_GradualChange_Waterfall)
    WS2812_Rainbow_Flow                      0x08003951   Thumb Code   202  ws2812b.o(i.WS2812_Rainbow_Flow)
    WS2812_Waterfall_light                   0x08003a25   Thumb Code   366  ws2812b.o(i.WS2812_Waterfall_light)
    WS2812_send                              0x08003ba1   Thumb Code   184  ws2812b.o(i.WS2812_send)
    __0printf$bare                           0x08003c81   Thumb Code     8  printfb.o(i.__0printf$bare)
    __1printf$bare                           0x08003c81   Thumb Code     0  printfb.o(i.__0printf$bare)
    __2printf                                0x08003c81   Thumb Code     0  printfb.o(i.__0printf$bare)
    __scatterload_copy                       0x08003cc9   Thumb Code    14  handlers.o(i.__scatterload_copy)
    __scatterload_null                       0x08003cd7   Thumb Code     2  handlers.o(i.__scatterload_null)
    __scatterload_zeroinit                   0x08003cd9   Thumb Code    14  handlers.o(i.__scatterload_zeroinit)
    fputc                                    0x08003d09   Thumb Code    22  usart.o(i.fputc)
    main                                     0x08003f05   Thumb Code    50  main.o(i.main)
    malloc                                   0x08003f3d   Thumb Code    92  malloc.o(i.malloc)
    user_init                                0x08004161   Thumb Code    36  user.o(i.user_init)
    user_main                                0x080041a1   Thumb Code    96  user.o(i.user_main)
    index_breathing                          0x0800420c   Data         440  ws2812b.o(.constdata)
    index_wave                               0x080043c4   Data          22  ws2812b.o(.constdata)
    AHBPrescTable                            0x080043da   Data          16  system_stm32f1xx.o(.constdata)
    APBPrescTable                            0x080043ea   Data           8  system_stm32f1xx.o(.constdata)
    Region$$Table$$Base                      0x080043f4   Number         0  anon$$obj.o(Region$$Table)
    Region$$Table$$Limit                     0x08004414   Number         0  anon$$obj.o(Region$$Table)
    data                                     0x20000000   Data           4  ws2812b.o(.data)
    LED_MODE                                 0x200001c0   Data           1  stm32f1xx_it.o(.data)
    Enter                                    0x200001c1   Data           3  stm32f1xx_it.o(.data)
    countOfGetBuffer                         0x200001c4   Data           1  stm32f1xx_it.o(.data)
    DataStartFlag                            0x200001c5   Data           1  stm32f1xx_it.o(.data)
    DataStopFlag                             0x200001c6   Data           1  stm32f1xx_it.o(.data)
    color_data                               0x200001c8   Data           4  stm32f1xx_it.o(.data)
    color_black                              0x200001cc   Data           3  user.o(.data)
    color_white                              0x200001cf   Data           3  user.o(.data)
    color_red                                0x200001d2   Data           3  user.o(.data)
    color_yellow                             0x200001d5   Data           3  user.o(.data)
    color_green                              0x200001d8   Data           3  user.o(.data)
    color_cyan                               0x200001db   Data           3  user.o(.data)
    color_blue                               0x200001de   Data           3  user.o(.data)
    color_pink                               0x200001e1   Data           3  user.o(.data)
    color_orange                             0x200001e4   Data           3  user.o(.data)
    color_purple                             0x200001e7   Data           3  user.o(.data)
    color                                    0x200001ec   Data          32  user.o(.data)
    Data                                     0x2000020c   Data           1  user.o(.data)
    RGB_color                                0x2000020d   Data           3  user.o(.data)
    uwTick                                   0x20000210   Data           4  stm32f1xx_hal.o(.data)
    uwTickPrio                               0x20000214   Data           4  stm32f1xx_hal.o(.data)
    uwTickFreq                               0x20000218   Data           1  stm32f1xx_hal.o(.data)
    SystemCoreClock                          0x2000021c   Data           4  system_stm32f1xx.o(.data)
    __stdout                                 0x20000220   Data           4  stdout.o(.data)
    __microlib_freelist                      0x20000224   Data           4  mvars.o(.data)
    __microlib_freelist_initialised          0x20000228   Data           4  mvars.o(.data)
    hspi3                                    0x2000022c   Data          88  spi.o(.bss)
    htim1                                    0x20000284   Data          64  tim.o(.bss)
    hdma_tim1_ch4_trig_com                   0x200002c4   Data          68  tim.o(.bss)
    huart1                                   0x20000308   Data          64  usart.o(.bss)
    getBuffer                                0x20000348   Data          10  stm32f1xx_it.o(.bss)
    __heap_base                              0x20000358   Data           0  startup_stm32f103xe.o(HEAP)
    __heap_limit                             0x20003858   Data           0  startup_stm32f103xe.o(HEAP)
    __initial_sp                             0x20003c58   Data           0  startup_stm32f103xe.o(STACK)



==============================================================================

Memory Map of the image

  Image Entry point : 0x08000131

  Load Region LR_IROM1 (Base: 0x08000000, Size: 0x00004640, Max: 0x00080000, ABSOLUTE, COMPRESSED[0x00004550])

    Execution Region ER_IROM1 (Exec base: 0x08000000, Load base: 0x08000000, Size: 0x00004414, Max: 0x00080000, ABSOLUTE)

    Exec Addr    Load Addr    Size         Type   Attr      Idx    E Section Name        Object

    0x08000000   0x08000000   0x00000130   Data   RO            3    RESET               startup_stm32f103xe.o
    0x08000130   0x08000130   0x00000000   Code   RO         3324  * .ARM.Collect$$$$00000000  mc_w.l(entry.o)
    0x08000130   0x08000130   0x00000004   Code   RO         3643    .ARM.Collect$$$$00000001  mc_w.l(entry2.o)
    0x08000134   0x08000134   0x00000004   Code   RO         3646    .ARM.Collect$$$$00000004  mc_w.l(entry5.o)
    0x08000138   0x08000138   0x00000000   Code   RO         3648    .ARM.Collect$$$$00000008  mc_w.l(entry7b.o)
    0x08000138   0x08000138   0x00000000   Code   RO         3650    .ARM.Collect$$$$0000000A  mc_w.l(entry8b.o)
    0x08000138   0x08000138   0x00000008   Code   RO         3651    .ARM.Collect$$$$0000000B  mc_w.l(entry9a.o)
    0x08000140   0x08000140   0x00000000   Code   RO         3653    .ARM.Collect$$$$0000000D  mc_w.l(entry10a.o)
    0x08000140   0x08000140   0x00000000   Code   RO         3655    .ARM.Collect$$$$0000000F  mc_w.l(entry11a.o)
    0x08000140   0x08000140   0x00000004   Code   RO         3644    .ARM.Collect$$$$00002712  mc_w.l(entry2.o)
    0x08000144   0x08000144   0x00000024   Code   RO            4    .text               startup_stm32f103xe.o
    0x08000168   0x08000168   0x00000020   Code   RO         3327    .text               mc_w.l(llushr.o)
    0x08000188   0x08000188   0x00000024   Code   RO         3329    .text               mc_w.l(memseta.o)
    0x080001ac   0x080001ac   0x000000b0   Code   RO         3619    .text               mf_w.l(fadd.o)
    0x0800025c   0x0800025c   0x00000064   Code   RO         3621    .text               mf_w.l(fmul.o)
    0x080002c0   0x080002c0   0x0000007c   Code   RO         3623    .text               mf_w.l(fdiv.o)
    0x0800033c   0x0800033c   0x000000de   Code   RO         3625    .text               mf_w.l(ddiv.o)
    0x0800041a   0x0800041a   0x00000012   Code   RO         3627    .text               mf_w.l(fflti.o)
    0x0800042c   0x0800042c   0x0000000a   Code   RO         3629    .text               mf_w.l(ffltui.o)
    0x08000436   0x08000436   0x0000001a   Code   RO         3631    .text               mf_w.l(dfltui.o)
    0x08000450   0x08000450   0x00000032   Code   RO         3633    .text               mf_w.l(ffixi.o)
    0x08000482   0x08000482   0x00000028   Code   RO         3635    .text               mf_w.l(ffixui.o)
    0x080004aa   0x080004aa   0x00000038   Code   RO         3637    .text               mf_w.l(d2f.o)
    0x080004e2   0x080004e2   0x00000002   PAD
    0x080004e4   0x080004e4   0x00000014   Code   RO         3639    .text               mf_w.l(cfcmple.o)
    0x080004f8   0x080004f8   0x00000014   Code   RO         3641    .text               mf_w.l(cfrcmple.o)
    0x0800050c   0x0800050c   0x00000000   Code   RO         3668    .text               mc_w.l(iusefp.o)
    0x0800050c   0x0800050c   0x0000006e   Code   RO         3669    .text               mf_w.l(fepilogue.o)
    0x0800057a   0x0800057a   0x000000ba   Code   RO         3671    .text               mf_w.l(depilogue.o)
    0x08000634   0x08000634   0x00000024   Code   RO         3681    .text               mc_w.l(init.o)
    0x08000658   0x08000658   0x0000001e   Code   RO         3683    .text               mc_w.l(llshl.o)
    0x08000676   0x08000676   0x00000056   Code   RO         3695    .text               mc_w.l(__dczerorl2.o)
    0x080006cc   0x080006cc   0x00000004   Code   RO          476    i.BusFault_Handler  stm32f1xx_it.o
    0x080006d0   0x080006d0   0x00000010   Code   RO          477    i.DMA1_Channel4_IRQHandler  stm32f1xx_it.o
    0x080006e0   0x080006e0   0x00000002   Code   RO          478    i.DebugMon_Handler  stm32f1xx_it.o
    0x080006e2   0x080006e2   0x0000000c   Code   RO          479    i.EXTI15_10_IRQHandler  stm32f1xx_it.o
    0x080006ee   0x080006ee   0x0000000a   Code   RO          480    i.EXTI1_IRQHandler  stm32f1xx_it.o
    0x080006f8   0x080006f8   0x00000002   Code   RO          235    i.Error_Handler     main.o
    0x080006fa   0x080006fa   0x00000002   PAD
    0x080006fc   0x080006fc   0x000001a8   Code   RO         1399    i.HAL_DMA_Abort_IT  stm32f1xx_hal_dma.o
    0x080008a4   0x080008a4   0x00000398   Code   RO         1403    i.HAL_DMA_IRQHandler  stm32f1xx_hal_dma.o
    0x08000c3c   0x08000c3c   0x0000008c   Code   RO         1404    i.HAL_DMA_Init      stm32f1xx_hal_dma.o
    0x08000cc8   0x08000cc8   0x00000028   Code   RO         1021    i.HAL_Delay         stm32f1xx_hal.o
    0x08000cf0   0x08000cf0   0x00000060   Code   RO          481    i.HAL_GPIO_EXTI_Callback  stm32f1xx_it.o
    0x08000d50   0x08000d50   0x0000001c   Code   RO         1333    i.HAL_GPIO_EXTI_IRQHandler  stm32f1xx_hal_gpio.o
    0x08000d6c   0x08000d6c   0x00000340   Code   RO         1334    i.HAL_GPIO_Init     stm32f1xx_hal_gpio.o
    0x080010ac   0x080010ac   0x00000010   Code   RO         1336    i.HAL_GPIO_ReadPin  stm32f1xx_hal_gpio.o
    0x080010bc   0x080010bc   0x0000000e   Code   RO         1337    i.HAL_GPIO_TogglePin  stm32f1xx_hal_gpio.o
    0x080010ca   0x080010ca   0x0000000c   Code   RO         1338    i.HAL_GPIO_WritePin  stm32f1xx_hal_gpio.o
    0x080010d6   0x080010d6   0x00000002   PAD
    0x080010d8   0x080010d8   0x0000000c   Code   RO         1025    i.HAL_GetTick       stm32f1xx_hal.o
    0x080010e4   0x080010e4   0x00000018   Code   RO         1031    i.HAL_IncTick       stm32f1xx_hal.o
    0x080010fc   0x080010fc   0x00000028   Code   RO         1032    i.HAL_Init          stm32f1xx_hal.o
    0x08001124   0x08001124   0x0000004c   Code   RO         1033    i.HAL_InitTick      stm32f1xx_hal.o
    0x08001170   0x08001170   0x00000054   Code   RO          595    i.HAL_MspInit       stm32f1xx_hal_msp.o
    0x080011c4   0x080011c4   0x00000020   Code   RO         1494    i.HAL_NVIC_EnableIRQ  stm32f1xx_hal_cortex.o
    0x080011e4   0x080011e4   0x0000007c   Code   RO         1500    i.HAL_NVIC_SetPriority  stm32f1xx_hal_cortex.o
    0x08001260   0x08001260   0x00000028   Code   RO         1501    i.HAL_NVIC_SetPriorityGrouping  stm32f1xx_hal_cortex.o
    0x08001288   0x08001288   0x0000018c   Code   RO         1189    i.HAL_RCC_ClockConfig  stm32f1xx_hal_rcc.o
    0x08001414   0x08001414   0x0000000c   Code   RO         1194    i.HAL_RCC_GetHCLKFreq  stm32f1xx_hal_rcc.o
    0x08001420   0x08001420   0x00000020   Code   RO         1196    i.HAL_RCC_GetPCLK1Freq  stm32f1xx_hal_rcc.o
    0x08001440   0x08001440   0x00000020   Code   RO         1197    i.HAL_RCC_GetPCLK2Freq  stm32f1xx_hal_rcc.o
    0x08001460   0x08001460   0x00000094   Code   RO         1198    i.HAL_RCC_GetSysClockFreq  stm32f1xx_hal_rcc.o
    0x080014f4   0x080014f4   0x00000464   Code   RO         1201    i.HAL_RCC_OscConfig  stm32f1xx_hal_rcc.o
    0x08001958   0x08001958   0x00000088   Code   RO          703    i.HAL_SPI_Init      stm32f1xx_hal_spi.o
    0x080019e0   0x080019e0   0x00000084   Code   RO          333    i.HAL_SPI_MspInit   spi.o
    0x08001a64   0x08001a64   0x000001a2   Code   RO          711    i.HAL_SPI_Transmit  stm32f1xx_hal_spi.o
    0x08001c06   0x08001c06   0x00000034   Code   RO         1505    i.HAL_SYSTICK_Config  stm32f1xx_hal_cortex.o
    0x08001c3a   0x08001c3a   0x00000074   Code   RO         2711    i.HAL_TIMEx_ConfigBreakDeadTime  stm32f1xx_hal_tim_ex.o
    0x08001cae   0x08001cae   0x00000054   Code   RO         2726    i.HAL_TIMEx_MasterConfigSynchronization  stm32f1xx_hal_tim_ex.o
    0x08001d02   0x08001d02   0x00000002   PAD
    0x08001d04   0x08001d04   0x00000058   Code   RO          374    i.HAL_TIM_MspPostInit  tim.o
    0x08001d5c   0x08001d5c   0x00000108   Code   RO         2089    i.HAL_TIM_PWM_ConfigChannel  stm32f1xx_hal_tim.o
    0x08001e64   0x08001e64   0x00000034   Code   RO         2092    i.HAL_TIM_PWM_Init  stm32f1xx_hal_tim.o
    0x08001e98   0x08001e98   0x00000088   Code   RO          376    i.HAL_TIM_PWM_MspInit  tim.o
    0x08001f20   0x08001f20   0x00000002   Code   RO         2980    i.HAL_UART_ErrorCallback  stm32f1xx_hal_uart.o
    0x08001f22   0x08001f22   0x00000002   PAD
    0x08001f24   0x08001f24   0x0000014c   Code   RO         2983    i.HAL_UART_IRQHandler  stm32f1xx_hal_uart.o
    0x08002070   0x08002070   0x00000072   Code   RO         2984    i.HAL_UART_Init     stm32f1xx_hal_uart.o
    0x080020e2   0x080020e2   0x00000002   PAD
    0x080020e4   0x080020e4   0x00000098   Code   RO          423    i.HAL_UART_MspInit  usart.o
    0x0800217c   0x0800217c   0x00000070   Code   RO         2989    i.HAL_UART_Receive_IT  stm32f1xx_hal_uart.o
    0x080021ec   0x080021ec   0x00000002   Code   RO          482    i.HAL_UART_RxCpltCallback  stm32f1xx_it.o
    0x080021ee   0x080021ee   0x000000d6   Code   RO         2992    i.HAL_UART_Transmit  stm32f1xx_hal_uart.o
    0x080022c4   0x080022c4   0x00000002   Code   RO         2995    i.HAL_UART_TxCpltCallback  stm32f1xx_hal_uart.o
    0x080022c6   0x080022c6   0x00000004   Code   RO          483    i.HardFault_Handler  stm32f1xx_it.o
    0x080022ca   0x080022ca   0x00000002   PAD
    0x080022cc   0x080022cc   0x00000034   Code   RO          308    i.MX_DMA_Init       dma.o
    0x08002300   0x08002300   0x000000b0   Code   RO          284    i.MX_GPIO_Init      gpio.o
    0x080023b0   0x080023b0   0x0000004c   Code   RO          334    i.MX_SPI3_Init      spi.o
    0x080023fc   0x080023fc   0x000000ac   Code   RO          377    i.MX_TIM1_Init      tim.o
    0x080024a8   0x080024a8   0x00000038   Code   RO          424    i.MX_USART1_UART_Init  usart.o
    0x080024e0   0x080024e0   0x00000004   Code   RO          484    i.MemManage_Handler  stm32f1xx_it.o
    0x080024e4   0x080024e4   0x00000002   Code   RO          485    i.NMI_Handler       stm32f1xx_it.o
    0x080024e6   0x080024e6   0x00000002   Code   RO          486    i.PendSV_Handler    stm32f1xx_it.o
    0x080024e8   0x080024e8   0x00000028   Code   RO         1202    i.RCC_Delay         stm32f1xx_hal_rcc.o
    0x08002510   0x08002510   0x00000028   Code   RO          741    i.SPI_EndRxTxTransaction  stm32f1xx_hal_spi.o
    0x08002538   0x08002538   0x000000a8   Code   RO          746    i.SPI_WaitFlagStateUntilTimeout  stm32f1xx_hal_spi.o
    0x080025e0   0x080025e0   0x00000002   Code   RO          487    i.SVC_Handler       stm32f1xx_it.o
    0x080025e2   0x080025e2   0x00000008   Code   RO          488    i.SysTick_Handler   stm32f1xx_it.o
    0x080025ea   0x080025ea   0x00000066   Code   RO          236    i.SystemClock_Config  main.o
    0x08002650   0x08002650   0x00000058   Code   RO         3291    i.SystemInit        system_stm32f1xx.o
    0x080026a8   0x080026a8   0x0000009c   Code   RO         2110    i.TIM_Base_SetConfig  stm32f1xx_hal_tim.o
    0x08002744   0x08002744   0x00000070   Code   RO         2123    i.TIM_OC1_SetConfig  stm32f1xx_hal_tim.o
    0x080027b4   0x080027b4   0x0000007c   Code   RO         2124    i.TIM_OC2_SetConfig  stm32f1xx_hal_tim.o
    0x08002830   0x08002830   0x00000078   Code   RO         2125    i.TIM_OC3_SetConfig  stm32f1xx_hal_tim.o
    0x080028a8   0x080028a8   0x00000054   Code   RO         2126    i.TIM_OC4_SetConfig  stm32f1xx_hal_tim.o
    0x080028fc   0x080028fc   0x00000014   Code   RO         2997    i.UART_DMAAbortOnError  stm32f1xx_hal_uart.o
    0x08002910   0x08002910   0x00000020   Code   RO         3007    i.UART_EndRxTransfer  stm32f1xx_hal_uart.o
    0x08002930   0x08002930   0x00000020   Code   RO         3008    i.UART_EndTransmit_IT  stm32f1xx_hal_uart.o
    0x08002950   0x08002950   0x000000a6   Code   RO         3010    i.UART_Receive_IT   stm32f1xx_hal_uart.o
    0x080029f6   0x080029f6   0x00000002   PAD
    0x080029f8   0x080029f8   0x000001a0   Code   RO         3011    i.UART_SetConfig    stm32f1xx_hal_uart.o
    0x08002b98   0x08002b98   0x00000068   Code   RO         3012    i.UART_Transmit_IT  stm32f1xx_hal_uart.o
    0x08002c00   0x08002c00   0x0000006c   Code   RO         3013    i.UART_WaitOnFlagUntilTimeout  stm32f1xx_hal_uart.o
    0x08002c6c   0x08002c6c   0x000000b4   Code   RO          489    i.USART1_IRQHandler  stm32f1xx_it.o
    0x08002d20   0x08002d20   0x00000004   Code   RO          490    i.UsageFault_Handler  stm32f1xx_it.o
    0x08002d24   0x08002d24   0x000000a0   Code   RO           13    i.WS2812_Breathing_light  ws2812b.o
    0x08002dc4   0x08002dc4   0x0000016c   Code   RO           14    i.WS2812_Colorful_Jump_light  ws2812b.o
    0x08002f30   0x08002f30   0x000001f4   Code   RO           15    i.WS2812_Colourful_Waterfall_light  ws2812b.o
    0x08003124   0x08003124   0x00000422   Code   RO           16    i.WS2812_Display_Chinese_Characters  ws2812b.o
    0x08003546   0x08003546   0x00000002   PAD
    0x08003548   0x08003548   0x00000014   Code   RO           17    i.WS2812_Init       ws2812b.o
    0x0800355c   0x0800355c   0x00000250   Code   RO           18    i.WS2812_Multistage_Waterfall_light  ws2812b.o
    0x080037ac   0x080037ac   0x000001a4   Code   RO           19    i.WS2812_RGB_GradualChange_Waterfall  ws2812b.o
    0x08003950   0x08003950   0x000000d4   Code   RO           20    i.WS2812_Rainbow_Flow  ws2812b.o
    0x08003a24   0x08003a24   0x0000017c   Code   RO           21    i.WS2812_Waterfall_light  ws2812b.o
    0x08003ba0   0x08003ba0   0x000000c0   Code   RO           22    i.WS2812_send       ws2812b.o
    0x08003c60   0x08003c60   0x00000020   Code   RO           23    i.WS281x_Show       ws2812b.o
    0x08003c80   0x08003c80   0x00000010   Code   RO         3332    i.__0printf$bare    mc_w.l(printfb.o)
    0x08003c90   0x08003c90   0x00000010   Code   RO         1507    i.__NVIC_GetPriorityGrouping  stm32f1xx_hal_cortex.o
    0x08003ca0   0x08003ca0   0x00000028   Code   RO         1508    i.__NVIC_SetPriority  stm32f1xx_hal_cortex.o
    0x08003cc8   0x08003cc8   0x0000000e   Code   RO         3689    i.__scatterload_copy  mc_w.l(handlers.o)
    0x08003cd6   0x08003cd6   0x00000002   Code   RO         3690    i.__scatterload_null  mc_w.l(handlers.o)
    0x08003cd8   0x08003cd8   0x0000000e   Code   RO         3691    i.__scatterload_zeroinit  mc_w.l(handlers.o)
    0x08003ce6   0x08003ce6   0x00000022   Code   RO         3339    i._printf_core      mc_w.l(printfb.o)
    0x08003d08   0x08003d08   0x0000001c   Code   RO          426    i.fputc             usart.o
    0x08003d24   0x08003d24   0x000001e0   Code   RO           25    i.hsv2rgb           ws2812b.o
    0x08003f04   0x08003f04   0x00000038   Code   RO          237    i.main              main.o
    0x08003f3c   0x08003f3c   0x0000006c   Code   RO         3592    i.malloc            mc_w.l(malloc.o)
    0x08003fa8   0x08003fa8   0x00000030   Code   RO           26    i.max               ws2812b.o
    0x08003fd8   0x08003fd8   0x00000030   Code   RO           27    i.min               ws2812b.o
    0x08004008   0x08004008   0x00000158   Code   RO           28    i.rgb2hsv           ws2812b.o
    0x08004160   0x08004160   0x00000040   Code   RO          619    i.user_init         user.o
    0x080041a0   0x080041a0   0x0000006c   Code   RO          620    i.user_main         user.o
    0x0800420c   0x0800420c   0x000001ce   Data   RO           30    .constdata          ws2812b.o
    0x080043da   0x080043da   0x00000018   Data   RO         3292    .constdata          system_stm32f1xx.o
    0x080043f2   0x080043f2   0x00000002   PAD
    0x080043f4   0x080043f4   0x00000020   Data   RO         3687    Region$$Table       anon$$obj.o


    Execution Region RW_IRAM1 (Exec base: 0x20000000, Load base: 0x08004414, Size: 0x00003c58, Max: 0x00010000, ABSOLUTE, COMPRESSED[0x0000013c])

    Exec Addr    Load Addr    Size         Type   Attr      Idx    E Section Name        Object

    0x20000000   COMPRESSED   0x000001bf   Data   RW           31    .data               ws2812b.o
    0x200001bf   COMPRESSED   0x00000001   PAD
    0x200001c0   COMPRESSED   0x0000000c   Data   RW          492    .data               stm32f1xx_it.o
    0x200001cc   COMPRESSED   0x00000044   Data   RW          621    .data               user.o
    0x20000210   COMPRESSED   0x00000009   Data   RW         1039    .data               stm32f1xx_hal.o
    0x20000219   COMPRESSED   0x00000003   PAD
    0x2000021c   COMPRESSED   0x00000004   Data   RW         3293    .data               system_stm32f1xx.o
    0x20000220   COMPRESSED   0x00000004   Data   RW         3657    .data               mc_w.l(stdout.o)
    0x20000224   COMPRESSED   0x00000004   Data   RW         3666    .data               mc_w.l(mvars.o)
    0x20000228   COMPRESSED   0x00000004   Data   RW         3667    .data               mc_w.l(mvars.o)
    0x2000022c        -       0x00000058   Zero   RW          335    .bss                spi.o
    0x20000284        -       0x00000084   Zero   RW          378    .bss                tim.o
    0x20000308        -       0x00000040   Zero   RW          427    .bss                usart.o
    0x20000348        -       0x0000000a   Zero   RW          491    .bss                stm32f1xx_it.o
    0x20000352   COMPRESSED   0x00000006   PAD
    0x20000358        -       0x00003500   Zero   RW            2    HEAP                startup_stm32f103xe.o
    0x20003858        -       0x00000400   Zero   RW            1    STACK               startup_stm32f103xe.o


==============================================================================

Image component sizes


      Code (inc. data)   RO Data    RW Data    ZI Data      Debug   Object Name

        52          4          0          0          0        694   dma.o
       176         12          0          0          0        843   gpio.o
       160          6          0          0          0       1436   main.o
       208         22          0          0         88       1549   spi.o
        36          8        304          0      14592        792   startup_stm32f103xe.o
       192         36          0          9          0       6389   stm32f1xx_hal.o
       304         22          0          0          0      29327   stm32f1xx_hal_cortex.o
      1484         28          0          0          0       3019   stm32f1xx_hal_dma.o
       902         44          0          0          0       4443   stm32f1xx_hal_gpio.o
        84          8          0          0          0        838   stm32f1xx_hal_msp.o
      1784        110          0          0          0       5904   stm32f1xx_hal_rcc.o
       762          0          0          0          0       3906   stm32f1xx_hal_spi.o
       912         58          0          0          0       5388   stm32f1xx_hal_tim.o
       200          0          0          0          0       2012   stm32f1xx_hal_tim_ex.o
      1654         10          0          0          0       9287   stm32f1xx_hal_uart.o
       348         52          0         12         10       7823   stm32f1xx_it.o
        88         18         24          4          0       1123   system_stm32f1xx.o
       396         40          0          0        132       2338   tim.o
       236         30          0          0         64       2122   usart.o
       172         48          0         68          0       1977   user.o
      4850        158        462        447          0     501979   ws2812b.o

    ----------------------------------------------------------------------
     15016        714        824        544      14892     593189   Object Totals
         0          0         32          0          0          0   (incl. Generated)
        16          0          2          4          6          0   (incl. Padding)

    ----------------------------------------------------------------------

      Code (inc. data)   RO Data    RW Data    ZI Data      Debug   Library Member Name

        86          0          0          0          0          0   __dczerorl2.o
         0          0          0          0          0          0   entry.o
         0          0          0          0          0          0   entry10a.o
         0          0          0          0          0          0   entry11a.o
         8          4          0          0          0          0   entry2.o
         4          0          0          0          0          0   entry5.o
         0          0          0          0          0          0   entry7b.o
         0          0          0          0          0          0   entry8b.o
         8          4          0          0          0          0   entry9a.o
        30          0          0          0          0          0   handlers.o
        36          8          0          0          0         68   init.o
         0          0          0          0          0          0   iusefp.o
        30          0          0          0          0         68   llshl.o
        32          0          0          0          0         68   llushr.o
       108         16          0          0          0         84   malloc.o
        36          0          0          0          0        108   memseta.o
         0          0          0          8          0          0   mvars.o
        50          8          0          0          0        152   printfb.o
         0          0          0          4          0          0   stdout.o
        20          0          0          0          0         68   cfcmple.o
        20          0          0          0          0         68   cfrcmple.o
        56          0          0          0          0         88   d2f.o
       222          0          0          0          0        100   ddiv.o
       186          0          0          0          0        176   depilogue.o
        26          0          0          0          0         76   dfltui.o
       176          0          0          0          0        140   fadd.o
       124          0          0          0          0         88   fdiv.o
       110          0          0          0          0        168   fepilogue.o
        50          0          0          0          0         68   ffixi.o
        40          0          0          0          0         68   ffixui.o
        18          0          0          0          0         68   fflti.o
        10          0          0          0          0         68   ffltui.o
       100          0          0          0          0         76   fmul.o

    ----------------------------------------------------------------------
      1588         40          0         12          0       1868   Library Totals
         2          0          0          0          0          0   (incl. Padding)

    ----------------------------------------------------------------------

      Code (inc. data)   RO Data    RW Data    ZI Data      Debug   Library Name

       428         40          0         12          0        548   mc_w.l
      1158          0          0          0          0       1320   mf_w.l

    ----------------------------------------------------------------------
      1588         40          0         12          0       1868   Library Totals

    ----------------------------------------------------------------------

==============================================================================


      Code (inc. data)   RO Data    RW Data    ZI Data      Debug   

     16604        754        824        556      14892     589465   Grand Totals
     16604        754        824        316      14892     589465   ELF Image Totals (compressed)
     16604        754        824        316          0          0   ROM Totals

==============================================================================

    Total RO  Size (Code + RO Data)                17428 (  17.02kB)
    Total RW  Size (RW Data + ZI Data)             15448 (  15.09kB)
    Total ROM Size (Code + RO Data + RW Data)      17744 (  17.33kB)

==============================================================================

